<html>
<body>
<pre>
<h1>µVision Build Log</h1>
<h2>Tool Versions:</h2>
IDE-Version: ¦ÌVision V5.18.0.0
Copyright (C) 2016 ARM Ltd and ARM Germany GmbH. All rights reserved.
License Information: 1 809440459@qq.com, 1, LIC=JDA30-BCZWC-ZELH2-9G7BV-WPZ1X-9UZUS
 
Tool Versions:
Toolchain:       MDK-ARM Professional  Version: 5.18
Toolchain Path:  D:\keil\ARM\ARMCC\Bin
C Compiler:      Armcc.exe V5.06 update 1 (build 61)
Assembler:       Armasm.exe V5.06 update 1 (build 61)
Linker/Locator:  ArmLink.exe V5.06 update 1 (build 61)
Library Manager: ArmAr.exe V5.06 update 1 (build 61)
Hex Converter:   FromElf.exe V5.06 update 1 (build 61)
CPU DLL:         SARMCM3.DLL V5.18
Dialog DLL:      DCM.DLL V1.13.6.0
Target DLL:      STLink\ST-LINKIII-KEIL_SWO.dll V2.0.18.0
Dialog DLL:      TCM.DLL V1.14.8.0
 
<h2>Project:</h2>
D:\MyWorkSpace\STM32\Learn\F103\EXTI\EXTI.uvprojx
Project File Date:  02/25/2020

<h2>Output:</h2>
*** Using Compiler 'V5.06 update 1 (build 61)', folder: 'D:\keil\ARM\ARMCC\Bin'
Rebuild target 'EXTI'
compiling stm32f10x_it.c...
.\src\led.h(18): warning:  #1295-D: Deprecated declaration LED_GPIO_Config - give arg types
  void LED_GPIO_Config();
dependence\STM32F1xx_DFP\StdPeriphDrivers.Framework\stm32f10x_it.c: 1 warning, 0 errors
compiling EXTI.c...
src\EXTI.h(10): warning:  #1295-D: Deprecated declaration EXTI_KEY_Config - give arg types
  void EXTI_KEY_Config();
src\EXTI.c: 1 warning, 0 errors
compiling main.c...
src\led.h(18): warning:  #1295-D: Deprecated declaration LED_GPIO_Config - give arg types
  void LED_GPIO_Config();
src\EXTI.h(10): warning:  #1295-D: Deprecated declaration EXTI_KEY_Config - give arg types
  void EXTI_KEY_Config();
src\main.c: 2 warnings, 0 errors
compiling led.c...
src\led.h(18): warning:  #1295-D: Deprecated declaration LED_GPIO_Config - give arg types
  void LED_GPIO_Config();
src\led.c: 1 warning, 0 errors
compiling misc.c...
compiling stm32f10x_gpio.c...
compiling stm32f10x_rcc.c...
assembling startup_stm32f10x_hd.s...
compiling stm32f10x_exti.c...
compiling system_stm32f10x.c...
linking...
Program Size: Code=1640 RO-data=320 RW-data=0 ZI-data=1632  
".\keilOut\EXTI.axf" - 0 Error(s), 5 Warning(s).
Build Time Elapsed:  00:00:01
</pre>
</body>
</html>
