#-----------------------------------------------------------
# Webtalk v2018.3 (64-bit)
# SW Build 2405991 on Thu Dec  6 23:38:27 MST 2018
# IP Build 2404404 on Fri Dec  7 01:43:56 MST 2018
# Start of session at: Sat Apr 18 15:30:04 2020
# Process ID: 18428
# Current directory: D:/MyWorkSpace/FPGA/learn/learn_counter_2/learn_counter_2.sim/sim_1/synth/timing/xsim
# Command line: wbtcv.exe -mode batch -source D:/MyWorkSpace/FPGA/learn/learn_counter_2/learn_counter_2.sim/sim_1/synth/timing/xsim/xsim.dir/tb_module_counter_test_time_synth/webtalk/xsim_webtalk.tcl -notrace
# Log file: D:/MyWorkSpace/FPGA/learn/learn_counter_2/learn_counter_2.sim/sim_1/synth/timing/xsim/webtalk.log
# Journal file: D:/MyWorkSpace/FPGA/learn/learn_counter_2/learn_counter_2.sim/sim_1/synth/timing/xsim\webtalk.jou
#-----------------------------------------------------------
source D:/MyWorkSpace/FPGA/learn/learn_counter_2/learn_counter_2.sim/sim_1/synth/timing/xsim/xsim.dir/tb_module_counter_test_time_synth/webtalk/xsim_webtalk.tcl -notrace
