Component: ARM Compiler 5.06 update 1 (build 61) Tool: armlink [4d35a8]

==============================================================================

Section Cross References

    main.o(i.InitHardware) refers to system_stm32f10x.o(i.SystemInit) for SystemInit
    main.o(i.InitHardware) refers to rcc.o(i.InitRCC) for InitRCC
    main.o(i.InitHardware) refers to nvic.o(i.InitNVIC) for InitNVIC
    main.o(i.InitHardware) refers to uart1.o(i.InitUART1) for InitUART1
    main.o(i.InitHardware) refers to timer.o(i.InitTimer) for InitTimer
    main.o(i.InitHardware) refers to led.o(i.InitLED) for InitLED
    main.o(i.InitHardware) refers to systick.o(i.InitSysTick) for InitSysTick
    main.o(i.InitHardware) refers to capture.o(i.InitCapture) for InitCapture
    main.o(i.InitHardware) refers to oled.o(i.InitOLED) for InitOLED
    main.o(i.InitHardware) refers to keyone.o(i.InitKeyOne) for InitKeyOne
    main.o(i.InitHardware) refers to prockeyone.o(i.InitProcKeyOne) for InitProcKeyOne
    main.o(i.InitHardware) refers to pwm.o(i.InitPWM) for InitPWM
    main.o(i.Proc1SecTask) refers to timer.o(i.Get1SecFlag) for Get1SecFlag
    main.o(i.Proc1SecTask) refers to timer.o(i.Clr1SecFlag) for Clr1SecFlag
    main.o(i.Proc2msTask) refers to timer.o(i.Get2msFlag) for Get2msFlag
    main.o(i.Proc2msTask) refers to led.o(i.LEDFlicker) for LEDFlicker
    main.o(i.Proc2msTask) refers to keyone.o(i.ScanKeyOne) for ScanKeyOne
    main.o(i.Proc2msTask) refers to capture.o(i.GetCaptureVal) for GetCaptureVal
    main.o(i.Proc2msTask) refers to fflti.o(.text) for __aeabi_i2f
    main.o(i.Proc2msTask) refers to fadd.o(.text) for __aeabi_fadd
    main.o(i.Proc2msTask) refers to oled.o(i.OLEDClear) for OLEDClear
    main.o(i.Proc2msTask) refers to fdiv.o(.text) for __aeabi_fdiv
    main.o(i.Proc2msTask) refers to fmul.o(.text) for __aeabi_fmul
    main.o(i.Proc2msTask) refers to ffixi.o(.text) for __aeabi_f2iz
    main.o(i.Proc2msTask) refers to oled.o(i.OLEDShowNum) for OLEDShowNum
    main.o(i.Proc2msTask) refers to oled.o(i.OLEDShowChar) for OLEDShowChar
    main.o(i.Proc2msTask) refers to ffixui.o(.text) for __aeabi_f2uiz
    main.o(i.Proc2msTask) refers to oled.o(i.OLEDShowString) for OLEDShowString
    main.o(i.Proc2msTask) refers to oled.o(i.OLEDRefreshGRAM) for OLEDRefreshGRAM
    main.o(i.Proc2msTask) refers to timer.o(i.Clr2msFlag) for Clr2msFlag
    main.o(i.Proc2msTask) refers to main.o(.data) for s_iCnt5
    main.o(i.Proc2msTask) refers to prockeyone.o(i.ProcKeyDownKey1) for ProcKeyDownKey1
    main.o(i.Proc2msTask) refers to prockeyone.o(i.ProcKeyUpKey1) for ProcKeyUpKey1
    main.o(i.Proc2msTask) refers to prockeyone.o(i.ProcKeyDownKey2) for ProcKeyDownKey2
    main.o(i.Proc2msTask) refers to prockeyone.o(i.ProcKeyUpKey2) for ProcKeyUpKey2
    main.o(i.Proc2msTask) refers to prockeyone.o(i.ProcKeyDownKey3) for ProcKeyDownKey3
    main.o(i.Proc2msTask) refers to prockeyone.o(i.ProcKeyUpKey3) for ProcKeyUpKey3
    main.o(i.main) refers to main.o(i.InitSoftware) for InitSoftware
    main.o(i.main) refers to main.o(i.InitHardware) for InitHardware
    main.o(i.main) refers to printfb.o(i.__0printf$bare) for __2printf
    main.o(i.main) refers to pwm.o(i.SetPWM) for SetPWM
    main.o(i.main) refers to main.o(i.Proc2msTask) for Proc2msTask
    main.o(i.main) refers to main.o(i.Proc1SecTask) for Proc1SecTask
    led.o(i.ConfigLEDGPIO) refers to stm32f10x_rcc.o(i.RCC_APB2PeriphClockCmd) for RCC_APB2PeriphClockCmd
    led.o(i.ConfigLEDGPIO) refers to stm32f10x_gpio.o(i.GPIO_Init) for GPIO_Init
    led.o(i.ConfigLEDGPIO) refers to stm32f10x_gpio.o(i.GPIO_WriteBit) for GPIO_WriteBit
    led.o(i.InitLED) refers to led.o(i.ConfigLEDGPIO) for ConfigLEDGPIO
    led.o(i.LEDFlicker) refers to stm32f10x_gpio.o(i.GPIO_ReadOutputDataBit) for GPIO_ReadOutputDataBit
    led.o(i.LEDFlicker) refers to stm32f10x_gpio.o(i.GPIO_WriteBit) for GPIO_WriteBit
    led.o(i.LEDFlicker) refers to led.o(.data) for s_iCnt
    oled.o(i.ConfigOLEDGPIO) refers to stm32f10x_rcc.o(i.RCC_APB2PeriphClockCmd) for RCC_APB2PeriphClockCmd
    oled.o(i.ConfigOLEDGPIO) refers to stm32f10x_gpio.o(i.GPIO_Init) for GPIO_Init
    oled.o(i.ConfigOLEDGPIO) refers to stm32f10x_gpio.o(i.GPIO_SetBits) for GPIO_SetBits
    oled.o(i.ConfigOLEDReg) refers to oled.o(i.OLEDWriteByte) for OLEDWriteByte
    oled.o(i.InitOLED) refers to oled.o(i.ConfigOLEDGPIO) for ConfigOLEDGPIO
    oled.o(i.InitOLED) refers to stm32f10x_gpio.o(i.GPIO_ResetBits) for GPIO_ResetBits
    oled.o(i.InitOLED) refers to systick.o(i.DelayNms) for DelayNms
    oled.o(i.InitOLED) refers to stm32f10x_gpio.o(i.GPIO_SetBits) for GPIO_SetBits
    oled.o(i.InitOLED) refers to oled.o(i.ConfigOLEDReg) for ConfigOLEDReg
    oled.o(i.InitOLED) refers to oled.o(i.OLEDClear) for OLEDClear
    oled.o(i.OLEDClear) refers to oled.o(.bss) for s_iOLEDGRAM
    oled.o(i.OLEDDisplayOff) refers to oled.o(i.OLEDWriteByte) for OLEDWriteByte
    oled.o(i.OLEDDisplayOn) refers to oled.o(i.OLEDWriteByte) for OLEDWriteByte
[...]
    printf6.o(i.__0printf$6) refers to uart1.o(i.fputc) for fputc
    printf6.o(i.__0printf$6) refers to stdout.o(.data) for __stdout
    printf6.o(i.__0snprintf$6) refers to printf6.o(i._printf_core) for _printf_core
    printf6.o(i.__0snprintf$6) refers to printf6.o(i._snputc) for _snputc
    printf6.o(i.__0sprintf$6) refers to printf6.o(i._printf_core) for _printf_core
    printf6.o(i.__0sprintf$6) refers to printf6.o(i._sputc) for _sputc
    printf6.o(i.__0vfprintf$6) refers to printf6.o(i._printf_core) for _printf_core
    printf6.o(i.__0vfprintf$6) refers to uart1.o(i.fputc) for fputc
    printf6.o(i.__0vprintf$6) refers to printf6.o(i._printf_core) for _printf_core
    printf6.o(i.__0vprintf$6) refers to uart1.o(i.fputc) for fputc
    printf6.o(i.__0vprintf$6) refers to stdout.o(.data) for __stdout
    printf6.o(i.__0vsnprintf$6) refers to printf6.o(i._printf_core) for _printf_core
    printf6.o(i.__0vsnprintf$6) refers to printf6.o(i._snputc) for _snputc
    printf6.o(i.__0vsprintf$6) refers to printf6.o(i._printf_core) for _printf_core
    printf6.o(i.__0vsprintf$6) refers to printf6.o(i._sputc) for _sputc
    printf6.o(i._printf_core) refers to printf6.o(i._printf_pre_padding) for _printf_pre_padding
    printf6.o(i._printf_core) refers to uidiv.o(.text) for __aeabi_uidivmod
    printf6.o(i._printf_core) refers to printf6.o(i._printf_post_padding) for _printf_post_padding
    printf7.o(i.__0fprintf$7) refers to printf7.o(i._printf_core) for _printf_core
    printf7.o(i.__0fprintf$7) refers to uart1.o(i.fputc) for fputc
    printf7.o(i.__0printf$7) refers to printf7.o(i._printf_core) for _printf_core
    printf7.o(i.__0printf$7) refers to uart1.o(i.fputc) for fputc
    printf7.o(i.__0printf$7) refers to stdout.o(.data) for __stdout
    printf7.o(i.__0snprintf$7) refers to printf7.o(i._printf_core) for _printf_core
    printf7.o(i.__0snprintf$7) refers to printf7.o(i._snputc) for _snputc
    printf7.o(i.__0sprintf$7) refers to printf7.o(i._printf_core) for _printf_core
    printf7.o(i.__0sprintf$7) refers to printf7.o(i._sputc) for _sputc
    printf7.o(i.__0vfprintf$7) refers to printf7.o(i._printf_core) for _printf_core
    printf7.o(i.__0vfprintf$7) refers to uart1.o(i.fputc) for fputc
    printf7.o(i.__0vprintf$7) refers to printf7.o(i._printf_core) for _printf_core
    printf7.o(i.__0vprintf$7) refers to uart1.o(i.fputc) for fputc
    printf7.o(i.__0vprintf$7) refers to stdout.o(.data) for __stdout
    printf7.o(i.__0vsnprintf$7) refers to printf7.o(i._printf_core) for _printf_core
    printf7.o(i.__0vsnprintf$7) refers to printf7.o(i._snputc) for _snputc
    printf7.o(i.__0vsprintf$7) refers to printf7.o(i._printf_core) for _printf_core
    printf7.o(i.__0vsprintf$7) refers to printf7.o(i._sputc) for _sputc
    printf7.o(i._printf_core) refers to printf7.o(i._printf_pre_padding) for _printf_pre_padding
    printf7.o(i._printf_core) refers to uldiv.o(.text) for __aeabi_uldivmod
    printf7.o(i._printf_core) refers to printf7.o(i._printf_post_padding) for _printf_post_padding
    printf8.o(i.__0fprintf$8) refers to printf8.o(i._printf_core) for _printf_core
    printf8.o(i.__0fprintf$8) refers to uart1.o(i.fputc) for fputc
    printf8.o(i.__0printf$8) refers to printf8.o(i._printf_core) for _printf_core
    printf8.o(i.__0printf$8) refers to uart1.o(i.fputc) for fputc
    printf8.o(i.__0printf$8) refers to stdout.o(.data) for __stdout
    printf8.o(i.__0snprintf$8) refers to printf8.o(i._printf_core) for _printf_core
    printf8.o(i.__0snprintf$8) refers to printf8.o(i._snputc) for _snputc
    printf8.o(i.__0sprintf$8) refers to printf8.o(i._printf_core) for _printf_core
    printf8.o(i.__0sprintf$8) refers to printf8.o(i._sputc) for _sputc
    printf8.o(i.__0vfprintf$8) refers to printf8.o(i._printf_core) for _printf_core
    printf8.o(i.__0vfprintf$8) refers to uart1.o(i.fputc) for fputc
    printf8.o(i.__0vprintf$8) refers to printf8.o(i._printf_core) for _printf_core
    printf8.o(i.__0vprintf$8) refers to uart1.o(i.fputc) for fputc
    printf8.o(i.__0vprintf$8) refers to stdout.o(.data) for __stdout
    printf8.o(i.__0vsnprintf$8) refers to printf8.o(i._printf_core) for _printf_core
    printf8.o(i.__0vsnprintf$8) refers to printf8.o(i._snputc) for _snputc
    printf8.o(i.__0vsprintf$8) refers to printf8.o(i._printf_core) for _printf_core
    printf8.o(i.__0vsprintf$8) refers to printf8.o(i._sputc) for _sputc
    printf8.o(i._printf_core) refers to printf8.o(i._printf_pre_padding) for _printf_pre_padding
    printf8.o(i._printf_core) refers to uldiv.o(.text) for __aeabi_uldivmod
    printf8.o(i._printf_core) refers to printf8.o(i._printf_post_padding) for _printf_post_padding
    printfa.o(i.__0fprintf) refers (Special) to iusefp.o(.text) for __I$use$fp
    printfa.o(i.__0fprintf) refers to printfa.o(i._printf_core) for _printf_core
    printfa.o(i.__0fprintf) refers to uart1.o(i.fputc) for fputc
    printfa.o(i.__0printf) refers (Special) to iusefp.o(.text) for __I$use$fp
    printfa.o(i.__0printf) refers to printfa.o(i._printf_core) for _printf_core
    printfa.o(i.__0printf) refers to uart1.o(i.fputc) for fputc
    printfa.o(i.__0printf) refers to stdout.o(.data) for __stdout
    printfa.o(i.__0snprintf) refers (Special) to iusefp.o(.text) for __I$use$fp
    printfa.o(i.__0snprintf) refers to printfa.o(i._printf_core) for _printf_core
    printfa.o(i.__0snprintf) refers to printfa.o(i._snputc) for _snputc
    printfa.o(i.__0sprintf) refers (Special) to iusefp.o(.text) for __I$use$fp
    printfa.o(i.__0sprintf) refers to printfa.o(i._printf_core) for _printf_core
    printfa.o(i.__0sprintf) refers to printfa.o(i._sputc) for _sputc
    printfa.o(i.__0vfprintf) refers (Special) to iusefp.o(.text) for __I$use$fp
    printfa.o(i.__0vfprintf) refers to printfa.o(i._printf_core) for _printf_core
    printfa.o(i.__0vfprintf) refers to uart1.o(i.fputc) for fputc
    printfa.o(i.__0vprintf) refers (Special) to iusefp.o(.text) for __I$use$fp
    printfa.o(i.__0vprintf) refers to printfa.o(i._printf_core) for _printf_core
    printfa.o(i.__0vprintf) refers to uart1.o(i.fputc) for fputc
    printfa.o(i.__0vprintf) refers to stdout.o(.data) for __stdout
    printfa.o(i.__0vsnprintf) refers (Special) to iusefp.o(.text) for __I$use$fp
    printfa.o(i.__0vsnprintf) refers to printfa.o(i._printf_core) for _printf_core
    printfa.o(i.__0vsnprintf) refers to printfa.o(i._snputc) for _snputc
    printfa.o(i.__0vsprintf) refers (Special) to iusefp.o(.text) for __I$use$fp
    printfa.o(i.__0vsprintf) refers to printfa.o(i._printf_core) for _printf_core
    printfa.o(i.__0vsprintf) refers to printfa.o(i._sputc) for _sputc
    printfa.o(i._fp_digits) refers (Special) to iusefp.o(.text) for __I$use$fp
    printfa.o(i._fp_digits) refers to dmul.o(.text) for __aeabi_dmul
    printfa.o(i._fp_digits) refers to ddiv.o(.text) for __aeabi_ddiv
    printfa.o(i._fp_digits) refers to cdrcmple.o(.text) for __aeabi_cdrcmple
    printfa.o(i._fp_digits) refers to dadd.o(.text) for __aeabi_dadd
    printfa.o(i._fp_digits) refers to dfixul.o(.text) for __aeabi_d2ulz
    printfa.o(i._fp_digits) refers to uldiv.o(.text) for __aeabi_uldivmod
    printfa.o(i._printf_core) refers (Special) to iusefp.o(.text) for __I$use$fp
    printfa.o(i._printf_core) refers to printfa.o(i._printf_pre_padding) for _printf_pre_padding
    printfa.o(i._printf_core) refers to uldiv.o(.text) for __aeabi_uldivmod
    printfa.o(i._printf_core) refers to printfa.o(i._printf_post_padding) for _printf_post_padding
    printfa.o(i._printf_core) refers to printfa.o(i._fp_digits) for _fp_digits
    printfa.o(i._printf_core) refers to uidiv.o(.text) for __aeabi_uidivmod
    printfa.o(i._printf_post_padding) refers (Special) to iusefp.o(.text) for __I$use$fp
    printfa.o(i._printf_pre_padding) refers (Special) to iusefp.o(.text) for __I$use$fp
    printfa.o(i._snputc) refers (Special) to iusefp.o(.text) for __I$use$fp
    printfa.o(i._sputc) refers (Special) to iusefp.o(.text) for __I$use$fp
    fadd.o(.text) refers (Special) to iusefp.o(.text) for __I$use$fp
    fadd.o(.text) refers to fepilogue.o(.text) for _float_epilogue
    fmul.o(.text) refers (Special) to iusefp.o(.text) for __I$use$fp
    fdiv.o(.text) refers (Special) to iusefp.o(.text) for __I$use$fp
    fdiv.o(.text) refers to fepilogue.o(.text) for _float_round
    fflti.o(.text) refers (Special) to iusefp.o(.text) for __I$use$fp
    fflti.o(.text) refers to fepilogue.o(.text) for _float_epilogue
    ffixi.o(.text) refers (Special) to iusefp.o(.text) for __I$use$fp
    ffixui.o(.text) refers (Special) to iusefp.o(.text) for __I$use$fp
    entry2.o(.ARM.Collect$$$$00000001) refers to entry2.o(.ARM.Collect$$$$00002712) for __lit__00000000
    entry2.o(.ARM.Collect$$$$00002712) refers to startup_stm32f10x_hd.o(STACK) for __initial_sp
    entry2.o(__vectab_stack_and_reset_area) refers to startup_stm32f10x_hd.o(STACK) for __initial_sp
    entry2.o(__vectab_stack_and_reset_area) refers to entry.o(.ARM.Collect$$$$00000000) for __main
    entry5.o(.ARM.Collect$$$$00000004) refers to init.o(.text) for __scatterload
    entry9a.o(.ARM.Collect$$$$0000000B) refers to main.o(i.main) for main
    entry9b.o(.ARM.Collect$$$$0000000C) refers to main.o(i.main) for main
    uldiv.o(.text) refers to llushr.o(.text) for __aeabi_llsr
    uldiv.o(.text) refers to llshl.o(.text) for __aeabi_llsl
    dadd.o(.text) refers to llshl.o(.text) for __aeabi_llsl
    dadd.o(.text) refers to llsshr.o(.text) for __aeabi_lasr
    dadd.o(.text) refers to depilogue.o(.text) for _double_epilogue
    dmul.o(.text) refers to depilogue.o(.text) for _double_epilogue
    ddiv.o(.text) refers to depilogue.o(.text) for _double_round
    dfixul.o(.text) refers to llushr.o(.text) for __aeabi_llsr
    dfixul.o(.text) refers to llshl.o(.text) for __aeabi_llsl
    init.o(.text) refers to entry5.o(.ARM.Collect$$$$00000004) for __main_after_scatterload
    depilogue.o(.text) refers to llshl.o(.text) for __aeabi_llsl
    depilogue.o(.text) refers to llushr.o(.text) for __aeabi_llsr


==============================================================================

Removing Unused input sections from the image.

    Removing oled.o(i.OLEDDisplayOff), (28 bytes).
    Removing oled.o(i.OLEDDisplayOn), (28 bytes).
    Removing queue.o(i.ClearQueue), (10 bytes).
    Removing queue.o(i.QueueLength), (8 bytes).
    Removing uart1.o(i.EnableUARTTx), (32 bytes).
    Removing uart1.o(i.ReadUART1), (28 bytes).
    Removing uart1.o(i.WriteUART1), (48 bytes).
    Removing misc.o(i.NVIC_SetVectorTable), (20 bytes).
    Removing misc.o(i.NVIC_SystemLPConfig), (32 bytes).
    Removing misc.o(i.SysTick_CLKSourceConfig), (40 bytes).
    Removing stm32f10x_flash.o(i.FLASH_ClearFlag), (12 bytes).
    Removing stm32f10x_flash.o(i.FLASH_EnableWriteProtection), (196 bytes).
    Removing stm32f10x_flash.o(i.FLASH_EraseAllBank1Pages), (72 bytes).
    Removing stm32f10x_flash.o(i.FLASH_EraseAllPages), (72 bytes).
    Removing stm32f10x_flash.o(i.FLASH_EraseOptionBytes), (168 bytes).
    Removing stm32f10x_flash.o(i.FLASH_ErasePage), (76 bytes).
    Removing stm32f10x_flash.o(i.FLASH_GetBank1Status), (52 bytes).
    Removing stm32f10x_flash.o(i.FLASH_GetFlagStatus), (48 bytes).
    Removing stm32f10x_flash.o(i.FLASH_GetPrefetchBufferStatus), (24 bytes).
    Removing stm32f10x_flash.o(i.FLASH_GetReadOutProtectionStatus), (24 bytes).
    Removing stm32f10x_flash.o(i.FLASH_GetStatus), (52 bytes).
    Removing stm32f10x_flash.o(i.FLASH_GetUserOptionByte), (12 bytes).
    Removing stm32f10x_flash.o(i.FLASH_GetWriteProtectionOptionByte), (12 bytes).
    Removing stm32f10x_flash.o(i.FLASH_HalfCycleAccessCmd), (28 bytes).
    Removing stm32f10x_flash.o(i.FLASH_ITConfig), (32 bytes).
    Removing stm32f10x_flash.o(i.FLASH_Lock), (20 bytes).
    Removing stm32f10x_flash.o(i.FLASH_LockBank1), (20 bytes).
    Removing stm32f10x_flash.o(i.FLASH_ProgramHalfWord), (64 bytes).
    Removing stm32f10x_flash.o(i.FLASH_ProgramOptionByteData), (84 bytes).
    Removing stm32f10x_flash.o(i.FLASH_ProgramWord), (108 bytes).
    Removing stm32f10x_flash.o(i.FLASH_ReadOutProtection), (172 bytes).
    Removing stm32f10x_flash.o(i.FLASH_Unlock), (24 bytes).
    Removing stm32f10x_flash.o(i.FLASH_UnlockBank1), (24 bytes).
    Removing stm32f10x_flash.o(i.FLASH_UserOptionByteConfig), (104 bytes).
    Removing stm32f10x_flash.o(i.FLASH_WaitForLastBank1Operation), (38 bytes).
    Removing stm32f10x_flash.o(i.FLASH_WaitForLastOperation), (38 bytes).
    Removing stm32f10x_gpio.o(i.GPIO_AFIODeInit), (20 bytes).
    Removing stm32f10x_gpio.o(i.GPIO_DeInit), (200 bytes).
    Removing stm32f10x_gpio.o(i.GPIO_ETH_MediaInterfaceConfig), (12 bytes).
    Removing stm32f10x_gpio.o(i.GPIO_EXTILineConfig), (64 bytes).
    Removing stm32f10x_gpio.o(i.GPIO_EventOutputCmd), (12 bytes).
    Removing stm32f10x_gpio.o(i.GPIO_EventOutputConfig), (32 bytes).
    Removing stm32f10x_gpio.o(i.GPIO_PinLockConfig), (18 bytes).
    Removing stm32f10x_gpio.o(i.GPIO_ReadInputData), (8 bytes).
    Removing stm32f10x_gpio.o(i.GPIO_ReadOutputData), (8 bytes).
    Removing stm32f10x_gpio.o(i.GPIO_StructInit), (16 bytes).
    Removing stm32f10x_gpio.o(i.GPIO_Write), (4 bytes).
    Removing stm32f10x_rcc.o(i.RCC_ADCCLKConfig), (24 bytes).
    Removing stm32f10x_rcc.o(i.RCC_AHBPeriphClockCmd), (32 bytes).
    Removing stm32f10x_rcc.o(i.RCC_APB1PeriphResetCmd), (32 bytes).
    Removing stm32f10x_rcc.o(i.RCC_APB2PeriphResetCmd), (32 bytes).
    Removing stm32f10x_rcc.o(i.RCC_AdjustHSICalibrationValue), (24 bytes).
    Removing stm32f10x_rcc.o(i.RCC_BackupResetCmd), (12 bytes).
    Removing stm32f10x_rcc.o(i.RCC_ClearFlag), (20 bytes).
    Removing stm32f10x_rcc.o(i.RCC_ClearITPendingBit), (12 bytes).
    Removing stm32f10x_rcc.o(i.RCC_ClockSecuritySystemCmd), (12 bytes).
    Removing stm32f10x_rcc.o(i.RCC_GetITStatus), (24 bytes).
    Removing stm32f10x_rcc.o(i.RCC_HSICmd), (12 bytes).
    Removing stm32f10x_rcc.o(i.RCC_ITConfig), (32 bytes).
    Removing stm32f10x_rcc.o(i.RCC_LSEConfig), (52 bytes).
    Removing stm32f10x_rcc.o(i.RCC_LSICmd), (12 bytes).
    Removing stm32f10x_rcc.o(i.RCC_MCOConfig), (12 bytes).
    Removing stm32f10x_rcc.o(i.RCC_RTCCLKCmd), (12 bytes).
    Removing stm32f10x_rcc.o(i.RCC_RTCCLKConfig), (16 bytes).
    Removing stm32f10x_rcc.o(i.RCC_USBCLKConfig), (12 bytes).
    Removing stm32f10x_tim.o(i.TIM_ARRPreloadConfig), (24 bytes).
    Removing stm32f10x_tim.o(i.TIM_BDTRConfig), (32 bytes).
    Removing stm32f10x_tim.o(i.TIM_BDTRStructInit), (18 bytes).
    Removing stm32f10x_tim.o(i.TIM_CCPreloadControl), (24 bytes).
    Removing stm32f10x_tim.o(i.TIM_CCxCmd), (30 bytes).
    Removing stm32f10x_tim.o(i.TIM_CCxNCmd), (30 bytes).
    Removing stm32f10x_tim.o(i.TIM_ClearFlag), (6 bytes).
    Removing stm32f10x_tim.o(i.TIM_ClearOC1Ref), (18 bytes).
    Removing stm32f10x_tim.o(i.TIM_ClearOC2Ref), (24 bytes).
    Removing stm32f10x_tim.o(i.TIM_ClearOC3Ref), (18 bytes).
    Removing stm32f10x_tim.o(i.TIM_ClearOC4Ref), (24 bytes).
    Removing stm32f10x_tim.o(i.TIM_CounterModeConfig), (18 bytes).
    Removing stm32f10x_tim.o(i.TIM_CtrlPWMOutputs), (30 bytes).
    Removing stm32f10x_tim.o(i.TIM_DMACmd), (18 bytes).
    Removing stm32f10x_tim.o(i.TIM_DMAConfig), (10 bytes).
    Removing stm32f10x_tim.o(i.TIM_DeInit), (488 bytes).
    Removing stm32f10x_tim.o(i.TIM_ETRClockMode1Config), (54 bytes).
    Removing stm32f10x_tim.o(i.TIM_ETRClockMode2Config), (32 bytes).
    Removing stm32f10x_tim.o(i.TIM_ETRConfig), (28 bytes).
    Removing stm32f10x_tim.o(i.TIM_EncoderInterfaceConfig), (66 bytes).
    Removing stm32f10x_tim.o(i.TIM_ForcedOC1Config), (18 bytes).
    Removing stm32f10x_tim.o(i.TIM_ForcedOC2Config), (26 bytes).
    Removing stm32f10x_tim.o(i.TIM_ForcedOC3Config), (18 bytes).
    Removing stm32f10x_tim.o(i.TIM_ForcedOC4Config), (26 bytes).
    Removing stm32f10x_tim.o(i.TIM_GenerateEvent), (4 bytes).
    Removing stm32f10x_tim.o(i.TIM_GetCapture2), (6 bytes).
    Removing stm32f10x_tim.o(i.TIM_GetCapture3), (6 bytes).
    Removing stm32f10x_tim.o(i.TIM_GetCapture4), (8 bytes).
    Removing stm32f10x_tim.o(i.TIM_GetCounter), (6 bytes).
    Removing stm32f10x_tim.o(i.TIM_GetFlagStatus), (18 bytes).
    Removing stm32f10x_tim.o(i.TIM_GetPrescaler), (6 bytes).
    Removing stm32f10x_tim.o(i.TIM_ICStructInit), (18 bytes).
    Removing stm32f10x_tim.o(i.TIM_ITRxExternalClockConfig), (24 bytes).
    Removing stm32f10x_tim.o(i.TIM_InternalClockConfig), (12 bytes).
    Removing stm32f10x_tim.o(i.TIM_OC1FastConfig), (18 bytes).
    Removing stm32f10x_tim.o(i.TIM_OC1Init), (152 bytes).
    Removing stm32f10x_tim.o(i.TIM_OC1NPolarityConfig), (18 bytes).
    Removing stm32f10x_tim.o(i.TIM_OC1PreloadConfig), (18 bytes).
    Removing stm32f10x_tim.o(i.TIM_OC2FastConfig), (26 bytes).
    Removing stm32f10x_tim.o(i.TIM_OC2NPolarityConfig), (26 bytes).
    Removing stm32f10x_tim.o(i.TIM_OC2PolarityConfig), (26 bytes).
    Removing stm32f10x_tim.o(i.TIM_OC3FastConfig), (18 bytes).
    Removing stm32f10x_tim.o(i.TIM_OC3Init), (160 bytes).
    Removing stm32f10x_tim.o(i.TIM_OC3NPolarityConfig), (26 bytes).
    Removing stm32f10x_tim.o(i.TIM_OC3PolarityConfig), (26 bytes).
    Removing stm32f10x_tim.o(i.TIM_OC3PreloadConfig), (18 bytes).
    Removing stm32f10x_tim.o(i.TIM_OC4FastConfig), (26 bytes).
    Removing stm32f10x_tim.o(i.TIM_OC4Init), (124 bytes).
    Removing stm32f10x_tim.o(i.TIM_OC4PolarityConfig), (26 bytes).
    Removing stm32f10x_tim.o(i.TIM_OC4PreloadConfig), (26 bytes).
    Removing stm32f10x_tim.o(i.TIM_OCStructInit), (20 bytes).
    Removing stm32f10x_tim.o(i.TIM_PWMIConfig), (124 bytes).
    Removing stm32f10x_tim.o(i.TIM_PrescalerConfig), (6 bytes).
    Removing stm32f10x_tim.o(i.TIM_SelectCCDMA), (24 bytes).
    Removing stm32f10x_tim.o(i.TIM_SelectCOM), (24 bytes).
    Removing stm32f10x_tim.o(i.TIM_SelectHallSensor), (24 bytes).
    Removing stm32f10x_tim.o(i.TIM_SelectInputTrigger), (18 bytes).
    Removing stm32f10x_tim.o(i.TIM_SelectMasterSlaveMode), (18 bytes).
    Removing stm32f10x_tim.o(i.TIM_SelectOCxM), (82 bytes).
    Removing stm32f10x_tim.o(i.TIM_SelectOnePulseMode), (18 bytes).
    Removing stm32f10x_tim.o(i.TIM_SelectOutputTrigger), (18 bytes).
    Removing stm32f10x_tim.o(i.TIM_SelectSlaveMode), (18 bytes).
    Removing stm32f10x_tim.o(i.TIM_SetAutoreload), (4 bytes).
    Removing stm32f10x_tim.o(i.TIM_SetClockDivision), (18 bytes).
    Removing stm32f10x_tim.o(i.TIM_SetCompare1), (4 bytes).
    Removing stm32f10x_tim.o(i.TIM_SetCompare3), (4 bytes).
    Removing stm32f10x_tim.o(i.TIM_SetCompare4), (6 bytes).
    Removing stm32f10x_tim.o(i.TIM_TIxExternalClockConfig), (62 bytes).
    Removing stm32f10x_tim.o(i.TIM_TimeBaseStructInit), (18 bytes).
    Removing stm32f10x_tim.o(i.TIM_UpdateDisableConfig), (24 bytes).
    Removing stm32f10x_tim.o(i.TIM_UpdateRequestConfig), (24 bytes).
    Removing stm32f10x_usart.o(i.USART_ClockInit), (34 bytes).
    Removing stm32f10x_usart.o(i.USART_ClockStructInit), (12 bytes).
    Removing stm32f10x_usart.o(i.USART_DMACmd), (18 bytes).
    Removing stm32f10x_usart.o(i.USART_DeInit), (156 bytes).
    Removing stm32f10x_usart.o(i.USART_HalfDuplexCmd), (24 bytes).
    Removing stm32f10x_usart.o(i.USART_IrDACmd), (24 bytes).
    Removing stm32f10x_usart.o(i.USART_IrDAConfig), (18 bytes).
    Removing stm32f10x_usart.o(i.USART_LINBreakDetectLengthConfig), (18 bytes).
    Removing stm32f10x_usart.o(i.USART_LINCmd), (24 bytes).
    Removing stm32f10x_usart.o(i.USART_OneBitMethodCmd), (24 bytes).
    Removing stm32f10x_usart.o(i.USART_OverSampling8Cmd), (22 bytes).
    Removing stm32f10x_usart.o(i.USART_ReceiverWakeUpCmd), (24 bytes).
    Removing stm32f10x_usart.o(i.USART_SendBreak), (10 bytes).
    Removing stm32f10x_usart.o(i.USART_SetAddress), (18 bytes).
    Removing stm32f10x_usart.o(i.USART_SetGuardTime), (16 bytes).
    Removing stm32f10x_usart.o(i.USART_SetPrescaler), (16 bytes).
    Removing stm32f10x_usart.o(i.USART_SmartCardCmd), (24 bytes).
    Removing stm32f10x_usart.o(i.USART_SmartCardNACKCmd), (24 bytes).
    Removing stm32f10x_usart.o(i.USART_WakeUpConfig), (18 bytes).
    Removing systick.o(i.DelayNus), (26 bytes).
    Removing core_cm3.o(.emb_text), (32 bytes).
    Removing system_stm32f10x.o(i.SystemCoreClockUpdate), (164 bytes).
    Removing startup_stm32f10x_hd.o(HEAP), (512 bytes).
    Removing dadd.o(.text), (334 bytes).
    Removing dmul.o(.text), (228 bytes).
    Removing ddiv.o(.text), (222 bytes).
    Removing dfixul.o(.text), (48 bytes).
    Removing cdrcmple.o(.text), (48 bytes).
    Removing depilogue.o(.text), (186 bytes).

165 unused section(s) (total 7432 bytes) removed from the image.

==============================================================================

Image Symbol Table

    Local Symbols

    Symbol Name                              Value     Ov Type        Size  Object(Section)

    ../clib/microlib/division.c              0x00000000   Number         0  uidiv.o ABSOLUTE
    ../clib/microlib/division.c              0x00000000   Number         0  uldiv.o ABSOLUTE
    ../clib/microlib/init/entry.s            0x00000000   Number         0  entry7b.o ABSOLUTE
    ../clib/microlib/init/entry.s            0x00000000   Number         0  entry9a.o ABSOLUTE
    ../clib/microlib/init/entry.s            0x00000000   Number         0  entry9b.o ABSOLUTE
    ../clib/microlib/init/entry.s            0x00000000   Number         0  entry10b.o ABSOLUTE
    ../clib/microlib/init/entry.s            0x00000000   Number         0  entry8a.o ABSOLUTE
    ../clib/microlib/init/entry.s            0x00000000   Number         0  entry10a.o ABSOLUTE
    ../clib/microlib/init/entry.s            0x00000000   Number         0  entry7a.o ABSOLUTE
    ../clib/microlib/init/entry.s            0x00000000   Number         0  entry5.o ABSOLUTE
    ../clib/microlib/init/entry.s            0x00000000   Number         0  entry11b.o ABSOLUTE
    ../clib/microlib/init/entry.s            0x00000000   Number         0  entry2.o ABSOLUTE
    ../clib/microlib/init/entry.s            0x00000000   Number         0  entry11a.o ABSOLUTE
    ../clib/microlib/init/entry.s            0x00000000   Number         0  entry.o ABSOLUTE
    ../clib/microlib/init/entry.s            0x00000000   Number         0  entry8b.o ABSOLUTE
    ../clib/microlib/longlong.c              0x00000000   Number         0  llsshr.o ABSOLUTE
    ../clib/microlib/longlong.c              0x00000000   Number         0  llushr.o ABSOLUTE
    ../clib/microlib/longlong.c              0x00000000   Number         0  llshl.o ABSOLUTE
    ../clib/microlib/printf/printf.c         0x00000000   Number         0  printf8.o ABSOLUTE
    ../clib/microlib/printf/printf.c         0x00000000   Number         0  printf7.o ABSOLUTE
    ../clib/microlib/printf/printf.c         0x00000000   Number         0  printf4.o ABSOLUTE
    ../clib/microlib/printf/printf.c         0x00000000   Number         0  printf1.o ABSOLUTE
    ../clib/microlib/printf/printf.c         0x00000000   Number         0  printf0.o ABSOLUTE
    ../clib/microlib/printf/printf.c         0x00000000   Number         0  printfb.o ABSOLUTE
    ../clib/microlib/printf/printf.c         0x00000000   Number         0  printf6.o ABSOLUTE
    ../clib/microlib/printf/printf.c         0x00000000   Number         0  printf5.o ABSOLUTE
    ../clib/microlib/printf/printf.c         0x00000000   Number         0  printf3.o ABSOLUTE
    ../clib/microlib/printf/printf.c         0x00000000   Number         0  printf2.o ABSOLUTE
    ../clib/microlib/printf/printf.c         0x00000000   Number         0  printfa.o ABSOLUTE
    ../clib/microlib/stdio/streams.c         0x00000000   Number         0  stdout.o ABSOLUTE
    ../clib/microlib/stubs.s                 0x00000000   Number         0  iusefp.o ABSOLUTE
    ../fplib/microlib/fpadd.c                0x00000000   Number         0  dadd.o ABSOLUTE
    ../fplib/microlib/fpadd.c                0x00000000   Number         0  fadd.o ABSOLUTE
    ../fplib/microlib/fpdiv.c                0x00000000   Number         0  fdiv.o ABSOLUTE
    ../fplib/microlib/fpdiv.c                0x00000000   Number         0  ddiv.o ABSOLUTE
    ../fplib/microlib/fpepilogue.c           0x00000000   Number         0  depilogue.o ABSOLUTE
    ../fplib/microlib/fpepilogue.c           0x00000000   Number         0  fepilogue.o ABSOLUTE
    ../fplib/microlib/fpfix.c                0x00000000   Number         0  dfixul.o ABSOLUTE
    ../fplib/microlib/fpfix.c                0x00000000   Number         0  ffixi.o ABSOLUTE
    ../fplib/microlib/fpfix.c                0x00000000   Number         0  ffixui.o ABSOLUTE
    ../fplib/microlib/fpflt.c                0x00000000   Number         0  fflti.o ABSOLUTE
    ../fplib/microlib/fpmul.c                0x00000000   Number         0  fmul.o ABSOLUTE
    ../fplib/microlib/fpmul.c                0x00000000   Number         0  dmul.o ABSOLUTE
    ..\ARM\NVIC\NVIC.c                       0x00000000   Number         0  nvic.o ABSOLUTE
    ..\ARM\SysTick\SysTick.c                 0x00000000   Number         0  systick.o ABSOLUTE
    ..\ARM\System\core_cm3.c                 0x00000000   Number         0  core_cm3.o ABSOLUTE
    ..\ARM\System\startup_stm32f10x_hd.s     0x00000000   Number         0  startup_stm32f10x_hd.o ABSOLUTE
    ..\ARM\System\stm32f10x_it.c             0x00000000   Number         0  stm32f10x_it.o ABSOLUTE
    ..\ARM\System\system_stm32f10x.c         0x00000000   Number         0  system_stm32f10x.o ABSOLUTE
    ..\App\KeyOne\KeyOne.c                   0x00000000   Number         0  keyone.o ABSOLUTE
    ..\App\KeyOne\ProcKeyOne.c               0x00000000   Number         0  prockeyone.o ABSOLUTE
    ..\App\LED\LED.c                         0x00000000   Number         0  led.o ABSOLUTE
    ..\App\Main\Main.c                       0x00000000   Number         0  main.o ABSOLUTE
    ..\App\OLED\OLED.c                       0x00000000   Number         0  oled.o ABSOLUTE
    ..\FW\src\misc.c                         0x00000000   Number         0  misc.o ABSOLUTE
    ..\FW\src\stm32f10x_flash.c              0x00000000   Number         0  stm32f10x_flash.o ABSOLUTE
    ..\FW\src\stm32f10x_gpio.c               0x00000000   Number         0  stm32f10x_gpio.o ABSOLUTE
    ..\FW\src\stm32f10x_rcc.c                0x00000000   Number         0  stm32f10x_rcc.o ABSOLUTE
    ..\FW\src\stm32f10x_tim.c                0x00000000   Number         0  stm32f10x_tim.o ABSOLUTE
    ..\FW\src\stm32f10x_usart.c              0x00000000   Number         0  stm32f10x_usart.o ABSOLUTE
    ..\HW\Capture\Capture.c                  0x00000000   Number         0  capture.o ABSOLUTE
    ..\HW\PWM\PWM.c                          0x00000000   Number         0  pwm.o ABSOLUTE
    ..\HW\RCC\RCC.c                          0x00000000   Number         0  rcc.o ABSOLUTE
    ..\HW\Timer\Timer.c                      0x00000000   Number         0  timer.o ABSOLUTE
    ..\HW\UART1\Queue.c                      0x00000000   Number         0  queue.o ABSOLUTE
    ..\HW\UART1\UART1.c                      0x00000000   Number         0  uart1.o ABSOLUTE
    ..\\ARM\\System\\core_cm3.c              0x00000000   Number         0  core_cm3.o ABSOLUTE
    cdrcmple.s                               0x00000000   Number         0  cdrcmple.o ABSOLUTE
    dc.s                                     0x00000000   Number         0  dc.o ABSOLUTE
    handlers.s                               0x00000000   Number         0  handlers.o ABSOLUTE
    init.s                                   0x00000000   Number         0  init.o ABSOLUTE
    RESET                                    0x08000000   Section      304  startup_stm32f10x_hd.o(RESET)
    .ARM.Collect$$$$00000000                 0x08000130   Section        0  entry.o(.ARM.Collect$$$$00000000)
    .ARM.Collect$$$$00000001                 0x08000130   Section        4  entry2.o(.ARM.Collect$$$$00000001)
    .ARM.Collect$$$$00000004                 0x08000134   Section        4  entry5.o(.ARM.Collect$$$$00000004)
    .ARM.Collect$$$$00000008                 0x08000138   Section        0  entry7b.o(.ARM.Collect$$$$00000008)
    .ARM.Collect$$$$0000000A                 0x08000138   Section        0  entry8b.o(.ARM.Collect$$$$0000000A)
    .ARM.Collect$$$$0000000B                 0x08000138   Section        8  entry9a.o(.ARM.Collect$$$$0000000B)
    .ARM.Collect$$$$0000000D                 0x08000140   Section        0  entry10a.o(.ARM.Collect$$$$0000000D)
    .ARM.Collect$$$$0000000F                 0x08000140   Section        0  entry11a.o(.ARM.Collect$$$$0000000F)
    .ARM.Collect$$$$00002712                 0x08000140   Section        4  entry2.o(.ARM.Collect$$$$00002712)
    __lit__00000000                          0x08000140   Data           4  entry2.o(.ARM.Collect$$$$00002712)
    .text                                    0x08000144   Section       36  startup_stm32f10x_hd.o(.text)
    .text                                    0x08000168   Section        0  fadd.o(.text)
    .text                                    0x08000218   Section        0  fmul.o(.text)
    .text                                    0x0800027c   Section        0  fdiv.o(.text)
    .text                                    0x080002f8   Section        0  fflti.o(.text)
    .text                                    0x0800030a   Section        0  ffixi.o(.text)
    .text                                    0x0800033c   Section        0  ffixui.o(.text)
    .text                                    0x08000364   Section        0  iusefp.o(.text)
    .text                                    0x08000364   Section        0  fepilogue.o(.text)
    .text                                    0x080003d4   Section       36  init.o(.text)
    i.BusFault_Handler                       0x080003f8   Section        0  stm32f10x_it.o(i.BusFault_Handler)
    i.CalcPow                                0x080003fc   Section        0  oled.o(i.CalcPow)
    CalcPow                                  0x080003fd   Thumb Code    22  oled.o(i.CalcPow)
    i.Clr1SecFlag                            0x08000414   Section        0  timer.o(i.Clr1SecFlag)
    i.Clr2msFlag                             0x08000420   Section        0  timer.o(i.Clr2msFlag)
    i.ConfigKeyOneGPIO                       0x0800042c   Section        0  keyone.o(i.ConfigKeyOneGPIO)
    ConfigKeyOneGPIO                         0x0800042d   Thumb Code    96  keyone.o(i.ConfigKeyOneGPIO)
    i.ConfigLEDGPIO                          0x08000494   Section        0  led.o(i.ConfigLEDGPIO)
    ConfigLEDGPIO                            0x08000495   Thumb Code    84  led.o(i.ConfigLEDGPIO)
    i.ConfigNVIC                             0x080004ec   Section        0  nvic.o(i.ConfigNVIC)
    ConfigNVIC                               0x080004ed   Thumb Code    12  nvic.o(i.ConfigNVIC)
    i.ConfigOLEDGPIO                         0x080004f8   Section        0  oled.o(i.ConfigOLEDGPIO)
    ConfigOLEDGPIO                           0x080004f9   Thumb Code   214  oled.o(i.ConfigOLEDGPIO)
    i.ConfigOLEDReg                          0x080005d8   Section        0  oled.o(i.ConfigOLEDReg)
    ConfigOLEDReg                            0x080005d9   Thumb Code   204  oled.o(i.ConfigOLEDReg)
    i.ConfigRCC                              0x080006a4   Section        0  rcc.o(i.ConfigRCC)
    ConfigRCC                                0x080006a5   Thumb Code   100  rcc.o(i.ConfigRCC)
    i.ConfigTIMxForCapture                   0x08000708   Section        0  capture.o(i.ConfigTIMxForCapture)
    ConfigTIMxForCapture                     0x08000709   Thumb Code   168  capture.o(i.ConfigTIMxForCapture)
    i.ConfigTimer2                           0x080007b8   Section        0  timer.o(i.ConfigTimer2)
    ConfigTimer2                             0x080007b9   Thumb Code    92  timer.o(i.ConfigTimer2)
    i.ConfigTimer3ForPWMPB5                  0x08000814   Section        0  pwm.o(i.ConfigTimer3ForPWMPB5)
    ConfigTimer3ForPWMPB5                    0x08000815   Thumb Code   138  pwm.o(i.ConfigTimer3ForPWMPB5)
    i.ConfigUART                             0x080008ac   Section        0  uart1.o(i.ConfigUART)
    ConfigUART                               0x080008ad   Thumb Code   188  uart1.o(i.ConfigUART)
    i.DeQueue                                0x08000974   Section        0  queue.o(i.DeQueue)
    i.DebugMon_Handler                       0x080009b8   Section        0  stm32f10x_it.o(i.DebugMon_Handler)
    i.DecPWMDutyCycle                        0x080009bc   Section        0  pwm.o(i.DecPWMDutyCycle)
    i.DelayNms                               0x080009f4   Section        0  systick.o(i.DelayNms)
    i.EnQueue                                0x08000a0c   Section        0  queue.o(i.EnQueue)
    i.FLASH_PrefetchBufferCmd                0x08000a54   Section        0  stm32f10x_flash.o(i.FLASH_PrefetchBufferCmd)
    i.FLASH_SetLatency                       0x08000a70   Section        0  stm32f10x_flash.o(i.FLASH_SetLatency)
    i.GPIO_Init                              0x08000a88   Section        0  stm32f10x_gpio.o(i.GPIO_Init)
    i.GPIO_PinRemapConfig                    0x08000ba0   Section        0  stm32f10x_gpio.o(i.GPIO_PinRemapConfig)
    i.GPIO_ReadInputDataBit                  0x08000c30   Section        0  stm32f10x_gpio.o(i.GPIO_ReadInputDataBit)
    i.GPIO_ReadOutputDataBit                 0x08000c42   Section        0  stm32f10x_gpio.o(i.GPIO_ReadOutputDataBit)
    i.GPIO_ResetBits                         0x08000c54   Section        0  stm32f10x_gpio.o(i.GPIO_ResetBits)
    i.GPIO_SetBits                           0x08000c58   Section        0  stm32f10x_gpio.o(i.GPIO_SetBits)
    i.GPIO_WriteBit                          0x08000c5c   Section        0  stm32f10x_gpio.o(i.GPIO_WriteBit)
    i.Get1SecFlag                            0x08000c68   Section        0  timer.o(i.Get1SecFlag)
    i.Get2msFlag                             0x08000c74   Section        0  timer.o(i.Get2msFlag)
    i.GetCaptureVal                          0x08000c80   Section        0  capture.o(i.GetCaptureVal)
    i.HardFault_Handler                      0x08000cbc   Section        0  stm32f10x_it.o(i.HardFault_Handler)
    i.IncPWMDutyCycle                        0x08000cc0   Section        0  pwm.o(i.IncPWMDutyCycle)
    i.InitCapture                            0x08000cfc   Section        0  capture.o(i.InitCapture)
    i.InitHardware                           0x08000d0a   Section        0  main.o(i.InitHardware)
    InitHardware                             0x08000d0b   Thumb Code    56  main.o(i.InitHardware)
    i.InitKeyOne                             0x08000d44   Section        0  keyone.o(i.InitKeyOne)
    i.InitLED                                0x08000d5c   Section        0  led.o(i.InitLED)
    i.InitNVIC                               0x08000d64   Section        0  nvic.o(i.InitNVIC)
    i.InitOLED                               0x08000d6c   Section        0  oled.o(i.InitOLED)
    i.InitPWM                                0x08000da0   Section        0  pwm.o(i.InitPWM)
    i.InitProcKeyOne                         0x08000dbc   Section        0  prockeyone.o(i.InitProcKeyOne)
    i.InitQueue                              0x08000dbe   Section        0  queue.o(i.InitQueue)
    i.InitRCC                                0x08000de2   Section        0  rcc.o(i.InitRCC)
    i.InitSoftware                           0x08000dea   Section        0  main.o(i.InitSoftware)
    InitSoftware                             0x08000deb   Thumb Code     2  main.o(i.InitSoftware)
    i.InitSysTick                            0x08000dec   Section        0  systick.o(i.InitSysTick)
    i.InitTimer                              0x08000e54   Section        0  timer.o(i.InitTimer)
    i.InitUART1                              0x08000e62   Section        0  uart1.o(i.InitUART1)
    i.InitUARTBuf                            0x08000e74   Section        0  uart1.o(i.InitUARTBuf)
    InitUARTBuf                              0x08000e75   Thumb Code    46  uart1.o(i.InitUARTBuf)
    i.LEDFlicker                             0x08000eb4   Section        0  led.o(i.LEDFlicker)
    i.MemManage_Handler                      0x08000f08   Section        0  stm32f10x_it.o(i.MemManage_Handler)
    i.NMI_Handler                            0x08000f0c   Section        0  stm32f10x_it.o(i.NMI_Handler)
    i.NVIC_ClearPendingIRQ                   0x08000f10   Section        0  uart1.o(i.NVIC_ClearPendingIRQ)
    NVIC_ClearPendingIRQ                     0x08000f11   Thumb Code    18  uart1.o(i.NVIC_ClearPendingIRQ)
    i.NVIC_Init                              0x08000f28   Section        0  misc.o(i.NVIC_Init)
    i.NVIC_PriorityGroupConfig               0x08000f98   Section        0  misc.o(i.NVIC_PriorityGroupConfig)
    i.OLEDClear                              0x08000fac   Section        0  oled.o(i.OLEDClear)
    i.OLEDDrawPoint                          0x08000fd4   Section        0  oled.o(i.OLEDDrawPoint)
    OLEDDrawPoint                            0x08000fd5   Thumb Code   100  oled.o(i.OLEDDrawPoint)
    i.OLEDRefreshGRAM                        0x0800103c   Section        0  oled.o(i.OLEDRefreshGRAM)
    i.OLEDShowChar                           0x08001088   Section        0  oled.o(i.OLEDShowChar)
    i.OLEDShowNum                            0x08001130   Section        0  oled.o(i.OLEDShowNum)
    i.OLEDShowString                         0x080011c4   Section        0  oled.o(i.OLEDShowString)
    i.OLEDWriteByte                          0x08001208   Section        0  oled.o(i.OLEDWriteByte)
    OLEDWriteByte                            0x08001209   Thumb Code   124  oled.o(i.OLEDWriteByte)
    i.PendSV_Handler                         0x0800128c   Section        0  stm32f10x_it.o(i.PendSV_Handler)
    i.Proc1SecTask                           0x0800128e   Section        0  main.o(i.Proc1SecTask)
    Proc1SecTask                             0x0800128f   Thumb Code    14  main.o(i.Proc1SecTask)
    i.Proc2msTask                            0x0800129c   Section        0  main.o(i.Proc2msTask)
    Proc2msTask                              0x0800129d   Thumb Code   270  main.o(i.Proc2msTask)
    i.ProcKeyDownKey1                        0x080013e4   Section        0  prockeyone.o(i.ProcKeyDownKey1)
    i.ProcKeyDownKey2                        0x08001408   Section        0  prockeyone.o(i.ProcKeyDownKey2)
    i.ProcKeyDownKey3                        0x0800142c   Section        0  prockeyone.o(i.ProcKeyDownKey3)
    i.ProcKeyUpKey1                          0x0800144c   Section        0  prockeyone.o(i.ProcKeyUpKey1)
    i.ProcKeyUpKey2                          0x08001468   Section        0  prockeyone.o(i.ProcKeyUpKey2)
    i.ProcKeyUpKey3                          0x08001484   Section        0  prockeyone.o(i.ProcKeyUpKey3)
    i.QueueEmpty                             0x080014a0   Section        0  queue.o(i.QueueEmpty)
    i.RCC_APB1PeriphClockCmd                 0x080014b0   Section        0  stm32f10x_rcc.o(i.RCC_APB1PeriphClockCmd)
    i.RCC_APB2PeriphClockCmd                 0x080014d0   Section        0  stm32f10x_rcc.o(i.RCC_APB2PeriphClockCmd)
    i.RCC_DeInit                             0x080014f0   Section        0  stm32f10x_rcc.o(i.RCC_DeInit)
    i.RCC_GetClocksFreq                      0x0800153c   Section        0  stm32f10x_rcc.o(i.RCC_GetClocksFreq)
    i.RCC_GetFlagStatus                      0x08001610   Section        0  stm32f10x_rcc.o(i.RCC_GetFlagStatus)
    i.RCC_GetSYSCLKSource                    0x0800164c   Section        0  stm32f10x_rcc.o(i.RCC_GetSYSCLKSource)
    i.RCC_HCLKConfig                         0x0800165c   Section        0  stm32f10x_rcc.o(i.RCC_HCLKConfig)
    i.RCC_HSEConfig                          0x08001674   Section        0  stm32f10x_rcc.o(i.RCC_HSEConfig)
    i.RCC_PCLK1Config                        0x080016c0   Section        0  stm32f10x_rcc.o(i.RCC_PCLK1Config)
    i.RCC_PCLK2Config                        0x080016d8   Section        0  stm32f10x_rcc.o(i.RCC_PCLK2Config)
    i.RCC_PLLCmd                             0x080016f0   Section        0  stm32f10x_rcc.o(i.RCC_PLLCmd)
    i.RCC_PLLConfig                          0x080016fc   Section        0  stm32f10x_rcc.o(i.RCC_PLLConfig)
    i.RCC_SYSCLKConfig                       0x08001718   Section        0  stm32f10x_rcc.o(i.RCC_SYSCLKConfig)
    i.RCC_WaitForHSEStartUp                  0x08001730   Section        0  stm32f10x_rcc.o(i.RCC_WaitForHSEStartUp)
    i.ReadSendBuf                            0x08001768   Section        0  uart1.o(i.ReadSendBuf)
    ReadSendBuf                              0x08001769   Thumb Code    22  uart1.o(i.ReadSendBuf)
    i.SVC_Handler                            0x08001784   Section        0  stm32f10x_it.o(i.SVC_Handler)
    i.ScanKeyOne                             0x08001788   Section        0  keyone.o(i.ScanKeyOne)
    i.SendCharUsedByFputc                    0x0800183c   Section        0  uart1.o(i.SendCharUsedByFputc)
    SendCharUsedByFputc                      0x0800183d   Thumb Code    28  uart1.o(i.SendCharUsedByFputc)
    i.SetPWM                                 0x0800185c   Section        0  pwm.o(i.SetPWM)
    i.SetSysClock                            0x08001878   Section        0  system_stm32f10x.o(i.SetSysClock)
    SetSysClock                              0x08001879   Thumb Code     8  system_stm32f10x.o(i.SetSysClock)
    i.SetSysClockTo72                        0x08001880   Section        0  system_stm32f10x.o(i.SetSysClockTo72)
    SetSysClockTo72                          0x08001881   Thumb Code   214  system_stm32f10x.o(i.SetSysClockTo72)
    i.SysTick_Handler                        0x08001960   Section        0  systick.o(i.SysTick_Handler)
    i.SystemInit                             0x08001968   Section        0  system_stm32f10x.o(i.SystemInit)
    i.TI1_Config                             0x080019c8   Section        0  stm32f10x_tim.o(i.TI1_Config)
    TI1_Config                               0x080019c9   Thumb Code   108  stm32f10x_tim.o(i.TI1_Config)
    i.TI2_Config                             0x08001a48   Section        0  stm32f10x_tim.o(i.TI2_Config)
    TI2_Config                               0x08001a49   Thumb Code   130  stm32f10x_tim.o(i.TI2_Config)
    i.TI3_Config                             0x08001ae0   Section        0  stm32f10x_tim.o(i.TI3_Config)
    TI3_Config                               0x08001ae1   Thumb Code   122  stm32f10x_tim.o(i.TI3_Config)
    i.TI4_Config                             0x08001b70   Section        0  stm32f10x_tim.o(i.TI4_Config)
    TI4_Config                               0x08001b71   Thumb Code   130  stm32f10x_tim.o(i.TI4_Config)
    i.TIM2_IRQHandler                        0x08001c08   Section        0  timer.o(i.TIM2_IRQHandler)
    i.TIM5_IRQHandler                        0x08001c70   Section        0  capture.o(i.TIM5_IRQHandler)
    i.TIM_ClearITPendingBit                  0x08001d30   Section        0  stm32f10x_tim.o(i.TIM_ClearITPendingBit)
    i.TIM_Cmd                                0x08001d36   Section        0  stm32f10x_tim.o(i.TIM_Cmd)
    i.TIM_GetCapture1                        0x08001d4e   Section        0  stm32f10x_tim.o(i.TIM_GetCapture1)
    i.TIM_GetITStatus                        0x08001d54   Section        0  stm32f10x_tim.o(i.TIM_GetITStatus)
    i.TIM_ICInit                             0x08001d78   Section        0  stm32f10x_tim.o(i.TIM_ICInit)
    i.TIM_ITConfig                           0x08001e24   Section        0  stm32f10x_tim.o(i.TIM_ITConfig)
    i.TIM_OC1PolarityConfig                  0x08001e36   Section        0  stm32f10x_tim.o(i.TIM_OC1PolarityConfig)
    i.TIM_OC2Init                            0x08001e48   Section        0  stm32f10x_tim.o(i.TIM_OC2Init)
    i.TIM_OC2PreloadConfig                   0x08001eec   Section        0  stm32f10x_tim.o(i.TIM_OC2PreloadConfig)
    i.TIM_SetCompare2                        0x08001f06   Section        0  stm32f10x_tim.o(i.TIM_SetCompare2)
    i.TIM_SetCounter                         0x08001f0a   Section        0  stm32f10x_tim.o(i.TIM_SetCounter)
    i.TIM_SetIC1Prescaler                    0x08001f0e   Section        0  stm32f10x_tim.o(i.TIM_SetIC1Prescaler)
    i.TIM_SetIC2Prescaler                    0x08001f20   Section        0  stm32f10x_tim.o(i.TIM_SetIC2Prescaler)
    i.TIM_SetIC3Prescaler                    0x08001f3a   Section        0  stm32f10x_tim.o(i.TIM_SetIC3Prescaler)
    i.TIM_SetIC4Prescaler                    0x08001f4c   Section        0  stm32f10x_tim.o(i.TIM_SetIC4Prescaler)
    i.TIM_TimeBaseInit                       0x08001f68   Section        0  stm32f10x_tim.o(i.TIM_TimeBaseInit)
    i.TimDelayDec                            0x0800200c   Section        0  systick.o(i.TimDelayDec)
    TimDelayDec                              0x0800200d   Thumb Code    18  systick.o(i.TimDelayDec)
    i.USART1_IRQHandler                      0x08002024   Section        0  uart1.o(i.USART1_IRQHandler)
    i.USART_ClearFlag                        0x080020bc   Section        0  stm32f10x_usart.o(i.USART_ClearFlag)
    i.USART_ClearITPendingBit                0x080020ce   Section        0  stm32f10x_usart.o(i.USART_ClearITPendingBit)
    i.USART_Cmd                              0x080020ec   Section        0  stm32f10x_usart.o(i.USART_Cmd)
    i.USART_GetFlagStatus                    0x08002104   Section        0  stm32f10x_usart.o(i.USART_GetFlagStatus)
    i.USART_GetITStatus                      0x0800211e   Section        0  stm32f10x_usart.o(i.USART_GetITStatus)
    i.USART_ITConfig                         0x08002172   Section        0  stm32f10x_usart.o(i.USART_ITConfig)
    i.USART_Init                             0x080021bc   Section        0  stm32f10x_usart.o(i.USART_Init)
    i.USART_ReceiveData                      0x08002294   Section        0  stm32f10x_usart.o(i.USART_ReceiveData)
    i.USART_SendData                         0x0800229e   Section        0  stm32f10x_usart.o(i.USART_SendData)
    i.USART_StructInit                       0x080022a6   Section        0  stm32f10x_usart.o(i.USART_StructInit)
    i.UsageFault_Handler                     0x080022be   Section        0  stm32f10x_it.o(i.UsageFault_Handler)
    i.WriteReceiveBuf                        0x080022c4   Section        0  uart1.o(i.WriteReceiveBuf)
    WriteReceiveBuf                          0x080022c5   Thumb Code    20  uart1.o(i.WriteReceiveBuf)
    i.__0printf$bare                         0x080022dc   Section        0  printfb.o(i.__0printf$bare)
    i.__scatterload_copy                     0x080022ec   Section       14  handlers.o(i.__scatterload_copy)
    i.__scatterload_null                     0x080022fa   Section        2  handlers.o(i.__scatterload_null)
    i.__scatterload_zeroinit                 0x080022fc   Section       14  handlers.o(i.__scatterload_zeroinit)
    i._printf_core                           0x0800230a   Section        0  printfb.o(i._printf_core)
    _printf_core                             0x0800230b   Thumb Code    34  printfb.o(i._printf_core)
    i.fputc                                  0x0800232c   Section        0  uart1.o(i.fputc)
    i.main                                   0x0800233c   Section        0  main.o(i.main)
    .constdata                               0x08002380   Section     2660  oled.o(.constdata)
    .data                                    0x20000000   Section       10  main.o(.data)
    s_iCnt5                                  0x20000008   Data           2  main.o(.data)
    .data                                    0x2000000a   Section        2  led.o(.data)
    s_iCnt                                   0x2000000a   Data           2  led.o(.data)
    .data                                    0x2000000c   Section        9  keyone.o(.data)
    s_iarrKeyDownLevel                       0x2000000c   Data           3  keyone.o(.data)
    s_arrKeyVal                              0x2000000f   Data           3  keyone.o(.data)
    s_arrKeyFlag                             0x20000012   Data           3  keyone.o(.data)
    .data                                    0x20000016   Section        6  timer.o(.data)
    s_i2msFlag                               0x20000016   Data           1  timer.o(.data)
    s_i1secFlag                              0x20000017   Data           1  timer.o(.data)
    s_iCnt2                                  0x20000018   Data           2  timer.o(.data)
    s_iCnt1000                               0x2000001a   Data           2  timer.o(.data)
    .data                                    0x2000001c   Section        1  uart1.o(.data)
    s_iUARTTxSts                             0x2000001c   Data           1  uart1.o(.data)
    .data                                    0x2000001e   Section        4  capture.o(.data)
    s_iCaptureSts                            0x2000001e   Data           1  capture.o(.data)
    s_iCaptureVal                            0x20000020   Data           2  capture.o(.data)
    .data                                    0x20000022   Section        2  pwm.o(.data)
    s_iDutyCycle                             0x20000022   Data           2  pwm.o(.data)
    .data                                    0x20000024   Section       20  stm32f10x_rcc.o(.data)
    APBAHBPrescTable                         0x20000024   Data          16  stm32f10x_rcc.o(.data)
    ADCPrescTable                            0x20000034   Data           4  stm32f10x_rcc.o(.data)
    .data                                    0x20000038   Section        4  systick.o(.data)
    s_iTimDelayCnt                           0x20000038   Data           4  systick.o(.data)
    .data                                    0x2000003c   Section       20  system_stm32f10x.o(.data)
    .data                                    0x20000050   Section        4  stdout.o(.data)
    .bss                                     0x20000054   Section     1024  oled.o(.bss)
    s_iOLEDGRAM                              0x20000054   Data        1024  oled.o(.bss)
    .bss                                     0x20000454   Section      224  uart1.o(.bss)
    s_structUARTSendCirQue                   0x20000454   Data          12  uart1.o(.bss)
    s_structUARTRecCirQue                    0x20000460   Data          12  uart1.o(.bss)
    s_arrSendBuf                             0x2000046c   Data         100  uart1.o(.bss)
    s_arrRecBuf                              0x200004d0   Data         100  uart1.o(.bss)
    STACK                                    0x20000538   Section     1024  startup_stm32f10x_hd.o(STACK)

    Global Symbols

    Symbol Name                              Value     Ov Type        Size  Object(Section)

    BuildAttributes$$THM_ISAv4$P$D$K$B$S$PE$A:L22UL41UL21$X:L11$S22US41US21$IEEE1$IW$USESV6$~STKCKD$USESV7$~SHL$OTIME$ROPI$EBA8$MICROLIB$REQ8$PRES8$EABIv2 0x00000000   Number         0  anon$$obj.o ABSOLUTE
    __ARM_use_no_argv                        0x00000000   Number         0  main.o ABSOLUTE
    __cpp_initialize__aeabi_                  - Undefined Weak Reference
    __cxa_finalize                            - Undefined Weak Reference
    __decompress                              - Undefined Weak Reference
    _clock_init                               - Undefined Weak Reference
    _microlib_exit                            - Undefined Weak Reference
    __Vectors_Size                           0x00000130   Number         0  startup_stm32f10x_hd.o ABSOLUTE
    __Vectors                                0x08000000   Data           4  startup_stm32f10x_hd.o(RESET)
    __Vectors_End                            0x08000130   Data           0  startup_stm32f10x_hd.o(RESET)
    __main                                   0x08000131   Thumb Code     0  entry.o(.ARM.Collect$$$$00000000)
    _main_stk                                0x08000131   Thumb Code     0  entry2.o(.ARM.Collect$$$$00000001)
    _main_scatterload                        0x08000135   Thumb Code     0  entry5.o(.ARM.Collect$$$$00000004)
    __main_after_scatterload                 0x08000139   Thumb Code     0  entry5.o(.ARM.Collect$$$$00000004)
    _main_clock                              0x08000139   Thumb Code     0  entry7b.o(.ARM.Collect$$$$00000008)
    _main_cpp_init                           0x08000139   Thumb Code     0  entry8b.o(.ARM.Collect$$$$0000000A)
    _main_init                               0x08000139   Thumb Code     0  entry9a.o(.ARM.Collect$$$$0000000B)
    __rt_final_cpp                           0x08000141   Thumb Code     0  entry10a.o(.ARM.Collect$$$$0000000D)
    __rt_final_exit                          0x08000141   Thumb Code     0  entry11a.o(.ARM.Collect$$$$0000000F)
    Reset_Handler                            0x08000145   Thumb Code     8  startup_stm32f10x_hd.o(.text)
    ADC1_2_IRQHandler                        0x0800015f   Thumb Code     0  startup_stm32f10x_hd.o(.text)
    ADC3_IRQHandler                          0x0800015f   Thumb Code     0  startup_stm32f10x_hd.o(.text)
    CAN1_RX1_IRQHandler                      0x0800015f   Thumb Code     0  startup_stm32f10x_hd.o(.text)
    CAN1_SCE_IRQHandler                      0x0800015f   Thumb Code     0  startup_stm32f10x_hd.o(.text)
    DMA1_Channel1_IRQHandler                 0x0800015f   Thumb Code     0  startup_stm32f10x_hd.o(.text)
    DMA1_Channel2_IRQHandler                 0x0800015f   Thumb Code     0  startup_stm32f10x_hd.o(.text)
    DMA1_Channel3_IRQHandler                 0x0800015f   Thumb Code     0  startup_stm32f10x_hd.o(.text)
    DMA1_Channel4_IRQHandler                 0x0800015f   Thumb Code     0  startup_stm32f10x_hd.o(.text)
    DMA1_Channel5_IRQHandler                 0x0800015f   Thumb Code     0  startup_stm32f10x_hd.o(.text)
    DMA1_Channel6_IRQHandler                 0x0800015f   Thumb Code     0  startup_stm32f10x_hd.o(.text)
    DMA1_Channel7_IRQHandler                 0x0800015f   Thumb Code     0  startup_stm32f10x_hd.o(.text)
    DMA2_Channel1_IRQHandler                 0x0800015f   Thumb Code     0  startup_stm32f10x_hd.o(.text)
    DMA2_Channel2_IRQHandler                 0x0800015f   Thumb Code     0  startup_stm32f10x_hd.o(.text)
    DMA2_Channel3_IRQHandler                 0x0800015f   Thumb Code     0  startup_stm32f10x_hd.o(.text)
    DMA2_Channel4_5_IRQHandler               0x0800015f   Thumb Code     0  startup_stm32f10x_hd.o(.text)
    EXTI0_IRQHandler                         0x0800015f   Thumb Code     0  startup_stm32f10x_hd.o(.text)
    EXTI15_10_IRQHandler                     0x0800015f   Thumb Code     0  startup_stm32f10x_hd.o(.text)
    EXTI1_IRQHandler                         0x0800015f   Thumb Code     0  startup_stm32f10x_hd.o(.text)
    EXTI2_IRQHandler                         0x0800015f   Thumb Code     0  startup_stm32f10x_hd.o(.text)
    EXTI3_IRQHandler                         0x0800015f   Thumb Code     0  startup_stm32f10x_hd.o(.text)
    EXTI4_IRQHandler                         0x0800015f   Thumb Code     0  startup_stm32f10x_hd.o(.text)
    EXTI9_5_IRQHandler                       0x0800015f   Thumb Code     0  startup_stm32f10x_hd.o(.text)
    FLASH_IRQHandler                         0x0800015f   Thumb Code     0  startup_stm32f10x_hd.o(.text)
    FSMC_IRQHandler                          0x0800015f   Thumb Code     0  startup_stm32f10x_hd.o(.text)
    I2C1_ER_IRQHandler                       0x0800015f   Thumb Code     0  startup_stm32f10x_hd.o(.text)
    I2C1_EV_IRQHandler                       0x0800015f   Thumb Code     0  startup_stm32f10x_hd.o(.text)
    I2C2_ER_IRQHandler                       0x0800015f   Thumb Code     0  startup_stm32f10x_hd.o(.text)
    I2C2_EV_IRQHandler                       0x0800015f   Thumb Code     0  startup_stm32f10x_hd.o(.text)
    PVD_IRQHandler                           0x0800015f   Thumb Code     0  startup_stm32f10x_hd.o(.text)
    RCC_IRQHandler                           0x0800015f   Thumb Code     0  startup_stm32f10x_hd.o(.text)
    RTCAlarm_IRQHandler                      0x0800015f   Thumb Code     0  startup_stm32f10x_hd.o(.text)
    RTC_IRQHandler                           0x0800015f   Thumb Code     0  startup_stm32f10x_hd.o(.text)
    SDIO_IRQHandler                          0x0800015f   Thumb Code     0  startup_stm32f10x_hd.o(.text)
    SPI1_IRQHandler                          0x0800015f   Thumb Code     0  startup_stm32f10x_hd.o(.text)
    SPI2_IRQHandler                          0x0800015f   Thumb Code     0  startup_stm32f10x_hd.o(.text)
    SPI3_IRQHandler                          0x0800015f   Thumb Code     0  startup_stm32f10x_hd.o(.text)
    TAMPER_IRQHandler                        0x0800015f   Thumb Code     0  startup_stm32f10x_hd.o(.text)
    TIM1_BRK_IRQHandler                      0x0800015f   Thumb Code     0  startup_stm32f10x_hd.o(.text)
    TIM1_CC_IRQHandler                       0x0800015f   Thumb Code     0  startup_stm32f10x_hd.o(.text)
    TIM1_TRG_COM_IRQHandler                  0x0800015f   Thumb Code     0  startup_stm32f10x_hd.o(.text)
    TIM1_UP_IRQHandler                       0x0800015f   Thumb Code     0  startup_stm32f10x_hd.o(.text)
    TIM3_IRQHandler                          0x0800015f   Thumb Code     0  startup_stm32f10x_hd.o(.text)
    TIM4_IRQHandler                          0x0800015f   Thumb Code     0  startup_stm32f10x_hd.o(.text)
    TIM6_IRQHandler                          0x0800015f   Thumb Code     0  startup_stm32f10x_hd.o(.text)
    TIM7_IRQHandler                          0x0800015f   Thumb Code     0  startup_stm32f10x_hd.o(.text)
    TIM8_BRK_IRQHandler                      0x0800015f   Thumb Code     0  startup_stm32f10x_hd.o(.text)
    TIM8_CC_IRQHandler                       0x0800015f   Thumb Code     0  startup_stm32f10x_hd.o(.text)
    TIM8_TRG_COM_IRQHandler                  0x0800015f   Thumb Code     0  startup_stm32f10x_hd.o(.text)
    TIM8_UP_IRQHandler                       0x0800015f   Thumb Code     0  startup_stm32f10x_hd.o(.text)
    UART4_IRQHandler                         0x0800015f   Thumb Code     0  startup_stm32f10x_hd.o(.text)
    UART5_IRQHandler                         0x0800015f   Thumb Code     0  startup_stm32f10x_hd.o(.text)
    USART2_IRQHandler                        0x0800015f   Thumb Code     0  startup_stm32f10x_hd.o(.text)
    USART3_IRQHandler                        0x0800015f   Thumb Code     0  startup_stm32f10x_hd.o(.text)
    USBWakeUp_IRQHandler                     0x0800015f   Thumb Code     0  startup_stm32f10x_hd.o(.text)
    USB_HP_CAN1_TX_IRQHandler                0x0800015f   Thumb Code     0  startup_stm32f10x_hd.o(.text)
    USB_LP_CAN1_RX0_IRQHandler               0x0800015f   Thumb Code     0  startup_stm32f10x_hd.o(.text)
    WWDG_IRQHandler                          0x0800015f   Thumb Code     0  startup_stm32f10x_hd.o(.text)
    __aeabi_fadd                             0x08000169   Thumb Code   164  fadd.o(.text)
    __aeabi_fsub                             0x0800020d   Thumb Code     6  fadd.o(.text)
    __aeabi_frsub                            0x08000213   Thumb Code     6  fadd.o(.text)
    __aeabi_fmul                             0x08000219   Thumb Code   100  fmul.o(.text)
    __aeabi_fdiv                             0x0800027d   Thumb Code   124  fdiv.o(.text)
    __aeabi_i2f                              0x080002f9   Thumb Code    18  fflti.o(.text)
    __aeabi_f2iz                             0x0800030b   Thumb Code    50  ffixi.o(.text)
    __aeabi_f2uiz                            0x0800033d   Thumb Code    40  ffixui.o(.text)
    __I$use$fp                               0x08000365   Thumb Code     0  iusefp.o(.text)
    _float_round                             0x08000365   Thumb Code    18  fepilogue.o(.text)
    _float_epilogue                          0x08000377   Thumb Code    92  fepilogue.o(.text)
    __scatterload                            0x080003d5   Thumb Code    28  init.o(.text)
    __scatterload_rt2                        0x080003d5   Thumb Code     0  init.o(.text)
    BusFault_Handler                         0x080003f9   Thumb Code     4  stm32f10x_it.o(i.BusFault_Handler)
    Clr1SecFlag                              0x08000415   Thumb Code     8  timer.o(i.Clr1SecFlag)
    Clr2msFlag                               0x08000421   Thumb Code     8  timer.o(i.Clr2msFlag)
    DeQueue                                  0x08000975   Thumb Code    68  queue.o(i.DeQueue)
    DebugMon_Handler                         0x080009b9   Thumb Code     2  stm32f10x_it.o(i.DebugMon_Handler)
    DecPWMDutyCycle                          0x080009bd   Thumb Code    46  pwm.o(i.DecPWMDutyCycle)
    DelayNms                                 0x080009f5   Thumb Code    20  systick.o(i.DelayNms)
    EnQueue                                  0x08000a0d   Thumb Code    72  queue.o(i.EnQueue)
    FLASH_PrefetchBufferCmd                  0x08000a55   Thumb Code    22  stm32f10x_flash.o(i.FLASH_PrefetchBufferCmd)
    FLASH_SetLatency                         0x08000a71   Thumb Code    18  stm32f10x_flash.o(i.FLASH_SetLatency)
    GPIO_Init                                0x08000a89   Thumb Code   278  stm32f10x_gpio.o(i.GPIO_Init)
    GPIO_PinRemapConfig                      0x08000ba1   Thumb Code   138  stm32f10x_gpio.o(i.GPIO_PinRemapConfig)
    GPIO_ReadInputDataBit                    0x08000c31   Thumb Code    18  stm32f10x_gpio.o(i.GPIO_ReadInputDataBit)
    GPIO_ReadOutputDataBit                   0x08000c43   Thumb Code    18  stm32f10x_gpio.o(i.GPIO_ReadOutputDataBit)
    GPIO_ResetBits                           0x08000c55   Thumb Code     4  stm32f10x_gpio.o(i.GPIO_ResetBits)
    GPIO_SetBits                             0x08000c59   Thumb Code     4  stm32f10x_gpio.o(i.GPIO_SetBits)
    GPIO_WriteBit                            0x08000c5d   Thumb Code    10  stm32f10x_gpio.o(i.GPIO_WriteBit)
    Get1SecFlag                              0x08000c69   Thumb Code     6  timer.o(i.Get1SecFlag)
    Get2msFlag                               0x08000c75   Thumb Code     6  timer.o(i.Get2msFlag)
    GetCaptureVal                            0x08000c81   Thumb Code    50  capture.o(i.GetCaptureVal)
    HardFault_Handler                        0x08000cbd   Thumb Code     4  stm32f10x_it.o(i.HardFault_Handler)
    IncPWMDutyCycle                          0x08000cc1   Thumb Code    50  pwm.o(i.IncPWMDutyCycle)
    InitCapture                              0x08000cfd   Thumb Code    14  capture.o(i.InitCapture)
    InitKeyOne                               0x08000d45   Thumb Code    18  keyone.o(i.InitKeyOne)
    InitLED                                  0x08000d5d   Thumb Code     8  led.o(i.InitLED)
    InitNVIC                                 0x08000d65   Thumb Code     8  nvic.o(i.InitNVIC)
    InitOLED                                 0x08000d6d   Thumb Code    48  oled.o(i.InitOLED)
    InitPWM                                  0x08000da1   Thumb Code    24  pwm.o(i.InitPWM)
    InitProcKeyOne                           0x08000dbd   Thumb Code     2  prockeyone.o(i.InitProcKeyOne)
    InitQueue                                0x08000dbf   Thumb Code    36  queue.o(i.InitQueue)
    InitRCC                                  0x08000de3   Thumb Code     8  rcc.o(i.InitRCC)
    InitSysTick                              0x08000ded   Thumb Code    92  systick.o(i.InitSysTick)
    InitTimer                                0x08000e55   Thumb Code    14  timer.o(i.InitTimer)
    InitUART1                                0x08000e63   Thumb Code    16  uart1.o(i.InitUART1)
    LEDFlicker                               0x08000eb5   Thumb Code    76  led.o(i.LEDFlicker)
    MemManage_Handler                        0x08000f09   Thumb Code     4  stm32f10x_it.o(i.MemManage_Handler)
    NMI_Handler                              0x08000f0d   Thumb Code     2  stm32f10x_it.o(i.NMI_Handler)
    NVIC_Init                                0x08000f29   Thumb Code   100  misc.o(i.NVIC_Init)
    NVIC_PriorityGroupConfig                 0x08000f99   Thumb Code    10  misc.o(i.NVIC_PriorityGroupConfig)
    OLEDClear                                0x08000fad   Thumb Code    36  oled.o(i.OLEDClear)
    OLEDRefreshGRAM                          0x0800103d   Thumb Code    70  oled.o(i.OLEDRefreshGRAM)
    OLEDShowChar                             0x08001089   Thumb Code   158  oled.o(i.OLEDShowChar)
    OLEDShowNum                              0x08001131   Thumb Code   148  oled.o(i.OLEDShowNum)
    OLEDShowString                           0x080011c5   Thumb Code    68  oled.o(i.OLEDShowString)
    PendSV_Handler                           0x0800128d   Thumb Code     2  stm32f10x_it.o(i.PendSV_Handler)
    ProcKeyDownKey1                          0x080013e5   Thumb Code    14  prockeyone.o(i.ProcKeyDownKey1)
    ProcKeyDownKey2                          0x08001409   Thumb Code    14  prockeyone.o(i.ProcKeyDownKey2)
    ProcKeyDownKey3                          0x0800142d   Thumb Code    10  prockeyone.o(i.ProcKeyDownKey3)
    ProcKeyUpKey1                            0x0800144d   Thumb Code    10  prockeyone.o(i.ProcKeyUpKey1)
    ProcKeyUpKey2                            0x08001469   Thumb Code    10  prockeyone.o(i.ProcKeyUpKey2)
    ProcKeyUpKey3                            0x08001485   Thumb Code    10  prockeyone.o(i.ProcKeyUpKey3)
    QueueEmpty                               0x080014a1   Thumb Code    14  queue.o(i.QueueEmpty)
    RCC_APB1PeriphClockCmd                   0x080014b1   Thumb Code    26  stm32f10x_rcc.o(i.RCC_APB1PeriphClockCmd)
    RCC_APB2PeriphClockCmd                   0x080014d1   Thumb Code    26  stm32f10x_rcc.o(i.RCC_APB2PeriphClockCmd)
    RCC_DeInit                               0x080014f1   Thumb Code    64  stm32f10x_rcc.o(i.RCC_DeInit)
    RCC_GetClocksFreq                        0x0800153d   Thumb Code   192  stm32f10x_rcc.o(i.RCC_GetClocksFreq)
    RCC_GetFlagStatus                        0x08001611   Thumb Code    56  stm32f10x_rcc.o(i.RCC_GetFlagStatus)
    RCC_GetSYSCLKSource                      0x0800164d   Thumb Code    10  stm32f10x_rcc.o(i.RCC_GetSYSCLKSource)
    RCC_HCLKConfig                           0x0800165d   Thumb Code    18  stm32f10x_rcc.o(i.RCC_HCLKConfig)
    RCC_HSEConfig                            0x08001675   Thumb Code    70  stm32f10x_rcc.o(i.RCC_HSEConfig)
    RCC_PCLK1Config                          0x080016c1   Thumb Code    18  stm32f10x_rcc.o(i.RCC_PCLK1Config)
    RCC_PCLK2Config                          0x080016d9   Thumb Code    20  stm32f10x_rcc.o(i.RCC_PCLK2Config)
    RCC_PLLCmd                               0x080016f1   Thumb Code     6  stm32f10x_rcc.o(i.RCC_PLLCmd)
    RCC_PLLConfig                            0x080016fd   Thumb Code    24  stm32f10x_rcc.o(i.RCC_PLLConfig)
    RCC_SYSCLKConfig                         0x08001719   Thumb Code    18  stm32f10x_rcc.o(i.RCC_SYSCLKConfig)
    RCC_WaitForHSEStartUp                    0x08001731   Thumb Code    56  stm32f10x_rcc.o(i.RCC_WaitForHSEStartUp)
    SVC_Handler                              0x08001785   Thumb Code     2  stm32f10x_it.o(i.SVC_Handler)
    ScanKeyOne                               0x08001789   Thumb Code   158  keyone.o(i.ScanKeyOne)
    SetPWM                                   0x0800185d   Thumb Code    20  pwm.o(i.SetPWM)
    SysTick_Handler                          0x08001961   Thumb Code     8  systick.o(i.SysTick_Handler)
    SystemInit                               0x08001969   Thumb Code    78  system_stm32f10x.o(i.SystemInit)
    TIM2_IRQHandler                          0x08001c09   Thumb Code    86  timer.o(i.TIM2_IRQHandler)
    TIM5_IRQHandler                          0x08001c71   Thumb Code   178  capture.o(i.TIM5_IRQHandler)
    TIM_ClearITPendingBit                    0x08001d31   Thumb Code     6  stm32f10x_tim.o(i.TIM_ClearITPendingBit)
    TIM_Cmd                                  0x08001d37   Thumb Code    24  stm32f10x_tim.o(i.TIM_Cmd)
    TIM_GetCapture1                          0x08001d4f   Thumb Code     6  stm32f10x_tim.o(i.TIM_GetCapture1)
    TIM_GetITStatus                          0x08001d55   Thumb Code    34  stm32f10x_tim.o(i.TIM_GetITStatus)
    TIM_ICInit                               0x08001d79   Thumb Code   150  stm32f10x_tim.o(i.TIM_ICInit)
    TIM_ITConfig                             0x08001e25   Thumb Code    18  stm32f10x_tim.o(i.TIM_ITConfig)
    TIM_OC1PolarityConfig                    0x08001e37   Thumb Code    18  stm32f10x_tim.o(i.TIM_OC1PolarityConfig)
    TIM_OC2Init                              0x08001e49   Thumb Code   154  stm32f10x_tim.o(i.TIM_OC2Init)
    TIM_OC2PreloadConfig                     0x08001eed   Thumb Code    26  stm32f10x_tim.o(i.TIM_OC2PreloadConfig)
    TIM_SetCompare2                          0x08001f07   Thumb Code     4  stm32f10x_tim.o(i.TIM_SetCompare2)
    TIM_SetCounter                           0x08001f0b   Thumb Code     4  stm32f10x_tim.o(i.TIM_SetCounter)
    TIM_SetIC1Prescaler                      0x08001f0f   Thumb Code    18  stm32f10x_tim.o(i.TIM_SetIC1Prescaler)
    TIM_SetIC2Prescaler                      0x08001f21   Thumb Code    26  stm32f10x_tim.o(i.TIM_SetIC2Prescaler)
    TIM_SetIC3Prescaler                      0x08001f3b   Thumb Code    18  stm32f10x_tim.o(i.TIM_SetIC3Prescaler)
    TIM_SetIC4Prescaler                      0x08001f4d   Thumb Code    26  stm32f10x_tim.o(i.TIM_SetIC4Prescaler)
    TIM_TimeBaseInit                         0x08001f69   Thumb Code   122  stm32f10x_tim.o(i.TIM_TimeBaseInit)
    USART1_IRQHandler                        0x08002025   Thumb Code   140  uart1.o(i.USART1_IRQHandler)
    USART_ClearFlag                          0x080020bd   Thumb Code    18  stm32f10x_usart.o(i.USART_ClearFlag)
    USART_ClearITPendingBit                  0x080020cf   Thumb Code    30  stm32f10x_usart.o(i.USART_ClearITPendingBit)
    USART_Cmd                                0x080020ed   Thumb Code    24  stm32f10x_usart.o(i.USART_Cmd)
    USART_GetFlagStatus                      0x08002105   Thumb Code    26  stm32f10x_usart.o(i.USART_GetFlagStatus)
    USART_GetITStatus                        0x0800211f   Thumb Code    84  stm32f10x_usart.o(i.USART_GetITStatus)
    USART_ITConfig                           0x08002173   Thumb Code    74  stm32f10x_usart.o(i.USART_ITConfig)
    USART_Init                               0x080021bd   Thumb Code   210  stm32f10x_usart.o(i.USART_Init)
    USART_ReceiveData                        0x08002295   Thumb Code    10  stm32f10x_usart.o(i.USART_ReceiveData)
    USART_SendData                           0x0800229f   Thumb Code     8  stm32f10x_usart.o(i.USART_SendData)
    USART_StructInit                         0x080022a7   Thumb Code    24  stm32f10x_usart.o(i.USART_StructInit)
    UsageFault_Handler                       0x080022bf   Thumb Code     4  stm32f10x_it.o(i.UsageFault_Handler)
    __0printf$bare                           0x080022dd   Thumb Code     8  printfb.o(i.__0printf$bare)
    __1printf$bare                           0x080022dd   Thumb Code     0  printfb.o(i.__0printf$bare)
    __2printf                                0x080022dd   Thumb Code     0  printfb.o(i.__0printf$bare)
    __scatterload_copy                       0x080022ed   Thumb Code    14  handlers.o(i.__scatterload_copy)
    __scatterload_null                       0x080022fb   Thumb Code     2  handlers.o(i.__scatterload_null)
    __scatterload_zeroinit                   0x080022fd   Thumb Code    14  handlers.o(i.__scatterload_zeroinit)
    fputc                                    0x0800232d   Thumb Code    16  uart1.o(i.fputc)
    main                                     0x0800233d   Thumb Code    32  main.o(i.main)
    g_iASCII1206                             0x08002380   Data        1140  oled.o(.constdata)
    g_iASCII1608                             0x080027f4   Data        1520  oled.o(.constdata)
    Region$$Table$$Base                      0x08002de4   Number         0  anon$$obj.o(Region$$Table)
    Region$$Table$$Limit                     0x08002e04   Number         0  anon$$obj.o(Region$$Table)
    cnt                                      0x20000000   Data           4  main.o(.data)
    total                                    0x20000004   Data           4  main.o(.data)
    SystemCoreClock                          0x2000003c   Data           4  system_stm32f10x.o(.data)
    AHBPrescTable                            0x20000040   Data          16  system_stm32f10x.o(.data)
    __stdout                                 0x20000050   Data           4  stdout.o(.data)
    __initial_sp                             0x20000938   Data           0  startup_stm32f10x_hd.o(STACK)



==============================================================================

Memory Map of the image

  Image Entry point : 0x08000131

  Load Region LR_IROM1 (Base: 0x08000000, Size: 0x00002e58, Max: 0x00040000, ABSOLUTE)

    Execution Region ER_IROM1 (Base: 0x08000000, Size: 0x00002e04, Max: 0x00040000, ABSOLUTE)

    Base Addr    Size         Type   Attr      Idx    E Section Name        Object

    0x08000000   0x00000130   Data   RO         1989    RESET               startup_stm32f10x_hd.o
    0x08000130   0x00000000   Code   RO         1994  * .ARM.Collect$$$$00000000  mc_w.l(entry.o)
    0x08000130   0x00000004   Code   RO         2269    .ARM.Collect$$$$00000001  mc_w.l(entry2.o)
    0x08000134   0x00000004   Code   RO         2272    .ARM.Collect$$$$00000004  mc_w.l(entry5.o)
    0x08000138   0x00000000   Code   RO         2274    .ARM.Collect$$$$00000008  mc_w.l(entry7b.o)
    0x08000138   0x00000000   Code   RO         2276    .ARM.Collect$$$$0000000A  mc_w.l(entry8b.o)
    0x08000138   0x00000008   Code   RO         2277    .ARM.Collect$$$$0000000B  mc_w.l(entry9a.o)
    0x08000140   0x00000000   Code   RO         2279    .ARM.Collect$$$$0000000D  mc_w.l(entry10a.o)
    0x08000140   0x00000000   Code   RO         2281    .ARM.Collect$$$$0000000F  mc_w.l(entry11a.o)
    0x08000140   0x00000004   Code   RO         2270    .ARM.Collect$$$$00002712  mc_w.l(entry2.o)
    0x08000144   0x00000024   Code   RO         1990    .text               startup_stm32f10x_hd.o
    0x08000168   0x000000b0   Code   RO         2257    .text               mf_w.l(fadd.o)
    0x08000218   0x00000064   Code   RO         2259    .text               mf_w.l(fmul.o)
    0x0800027c   0x0000007c   Code   RO         2261    .text               mf_w.l(fdiv.o)
    0x080002f8   0x00000012   Code   RO         2263    .text               mf_w.l(fflti.o)
    0x0800030a   0x00000032   Code   RO         2265    .text               mf_w.l(ffixi.o)
    0x0800033c   0x00000028   Code   RO         2267    .text               mf_w.l(ffixui.o)
    0x08000364   0x00000000   Code   RO         2288    .text               mc_w.l(iusefp.o)
    0x08000364   0x0000006e   Code   RO         2289    .text               mf_w.l(fepilogue.o)
    0x080003d2   0x00000002   PAD
    0x080003d4   0x00000024   Code   RO         2301    .text               mc_w.l(init.o)
    0x080003f8   0x00000004   Code   RO         1896    i.BusFault_Handler  stm32f10x_it.o
    0x080003fc   0x00000016   Code   RO          143    i.CalcPow           oled.o
    0x08000412   0x00000002   PAD
    0x08000414   0x0000000c   Code   RO          332    i.Clr1SecFlag       timer.o
    0x08000420   0x0000000c   Code   RO          333    i.Clr2msFlag        timer.o
    0x0800042c   0x00000068   Code   RO          229    i.ConfigKeyOneGPIO  keyone.o
    0x08000494   0x00000058   Code   RO          119    i.ConfigLEDGPIO     led.o
    0x080004ec   0x0000000c   Code   RO         1827    i.ConfigNVIC        nvic.o
    0x080004f8   0x000000e0   Code   RO          144    i.ConfigOLEDGPIO    oled.o
    0x080005d8   0x000000cc   Code   RO          145    i.ConfigOLEDReg     oled.o
    0x080006a4   0x00000064   Code   RO          302    i.ConfigRCC         rcc.o
    0x08000708   0x000000b0   Code   RO          507    i.ConfigTIMxForCapture  capture.o
    0x080007b8   0x0000005c   Code   RO          334    i.ConfigTimer2      timer.o
    0x08000814   0x00000098   Code   RO          538    i.ConfigTimer3ForPWMPB5  pwm.o
    0x080008ac   0x000000c8   Code   RO          426    i.ConfigUART        uart1.o
    0x08000974   0x00000044   Code   RO          382    i.DeQueue           queue.o
    0x080009b8   0x00000002   Code   RO         1897    i.DebugMon_Handler  stm32f10x_it.o
    0x080009ba   0x00000002   PAD
    0x080009bc   0x00000038   Code   RO          539    i.DecPWMDutyCycle   pwm.o
    0x080009f4   0x00000018   Code   RO         1844    i.DelayNms          systick.o
    0x08000a0c   0x00000048   Code   RO          383    i.EnQueue           queue.o
    0x08000a54   0x0000001c   Code   RO          628    i.FLASH_PrefetchBufferCmd  stm32f10x_flash.o
    0x08000a70   0x00000018   Code   RO          633    i.FLASH_SetLatency  stm32f10x_flash.o
    0x08000a88   0x00000116   Code   RO          791    i.GPIO_Init         stm32f10x_gpio.o
    0x08000b9e   0x00000002   PAD
    0x08000ba0   0x00000090   Code   RO          793    i.GPIO_PinRemapConfig  stm32f10x_gpio.o
    0x08000c30   0x00000012   Code   RO          795    i.GPIO_ReadInputDataBit  stm32f10x_gpio.o
    0x08000c42   0x00000012   Code   RO          797    i.GPIO_ReadOutputDataBit  stm32f10x_gpio.o
    0x08000c54   0x00000004   Code   RO          798    i.GPIO_ResetBits    stm32f10x_gpio.o
    0x08000c58   0x00000004   Code   RO          799    i.GPIO_SetBits      stm32f10x_gpio.o
    0x08000c5c   0x0000000a   Code   RO          802    i.GPIO_WriteBit     stm32f10x_gpio.o
    0x08000c66   0x00000002   PAD
    0x08000c68   0x0000000c   Code   RO          335    i.Get1SecFlag       timer.o
    0x08000c74   0x0000000c   Code   RO          336    i.Get2msFlag        timer.o
    0x08000c80   0x0000003c   Code   RO          508    i.GetCaptureVal     capture.o
    0x08000cbc   0x00000004   Code   RO         1898    i.HardFault_Handler  stm32f10x_it.o
    0x08000cc0   0x0000003c   Code   RO          540    i.IncPWMDutyCycle   pwm.o
    0x08000cfc   0x0000000e   Code   RO          509    i.InitCapture       capture.o
    0x08000d0a   0x00000038   Code   RO            1    i.InitHardware      main.o
    0x08000d42   0x00000002   PAD
    0x08000d44   0x00000018   Code   RO          230    i.InitKeyOne        keyone.o
    0x08000d5c   0x00000008   Code   RO          120    i.InitLED           led.o
    0x08000d64   0x00000008   Code   RO         1828    i.InitNVIC          nvic.o
    0x08000d6c   0x00000034   Code   RO          146    i.InitOLED          oled.o
    0x08000da0   0x0000001c   Code   RO          541    i.InitPWM           pwm.o
    0x08000dbc   0x00000002   Code   RO          254    i.InitProcKeyOne    prockeyone.o
    0x08000dbe   0x00000024   Code   RO          384    i.InitQueue         queue.o
    0x08000de2   0x00000008   Code   RO          303    i.InitRCC           rcc.o
    0x08000dea   0x00000002   Code   RO            2    i.InitSoftware      main.o
    0x08000dec   0x00000068   Code   RO         1846    i.InitSysTick       systick.o
    0x08000e54   0x0000000e   Code   RO          337    i.InitTimer         timer.o
    0x08000e62   0x00000010   Code   RO          428    i.InitUART1         uart1.o
    0x08000e72   0x00000002   PAD
    0x08000e74   0x00000040   Code   RO          429    i.InitUARTBuf       uart1.o
    0x08000eb4   0x00000054   Code   RO          121    i.LEDFlicker        led.o
    0x08000f08   0x00000004   Code   RO         1899    i.MemManage_Handler  stm32f10x_it.o
    0x08000f0c   0x00000002   Code   RO         1900    i.NMI_Handler       stm32f10x_it.o
    0x08000f0e   0x00000002   PAD
    0x08000f10   0x00000018   Code   RO          430    i.NVIC_ClearPendingIRQ  uart1.o
    0x08000f28   0x00000070   Code   RO          575    i.NVIC_Init         misc.o
    0x08000f98   0x00000014   Code   RO          576    i.NVIC_PriorityGroupConfig  misc.o
    0x08000fac   0x00000028   Code   RO          147    i.OLEDClear         oled.o
    0x08000fd4   0x00000068   Code   RO          150    i.OLEDDrawPoint     oled.o
    0x0800103c   0x0000004c   Code   RO          151    i.OLEDRefreshGRAM   oled.o
    0x08001088   0x000000a8   Code   RO          152    i.OLEDShowChar      oled.o
    0x08001130   0x00000094   Code   RO          153    i.OLEDShowNum       oled.o
    0x080011c4   0x00000044   Code   RO          154    i.OLEDShowString    oled.o
    0x08001208   0x00000084   Code   RO          155    i.OLEDWriteByte     oled.o
    0x0800128c   0x00000002   Code   RO         1901    i.PendSV_Handler    stm32f10x_it.o
    0x0800128e   0x0000000e   Code   RO            3    i.Proc1SecTask      main.o
    0x0800129c   0x00000148   Code   RO            4    i.Proc2msTask       main.o
    0x080013e4   0x00000024   Code   RO          255    i.ProcKeyDownKey1   prockeyone.o
    0x08001408   0x00000024   Code   RO          256    i.ProcKeyDownKey2   prockeyone.o
    0x0800142c   0x00000020   Code   RO          257    i.ProcKeyDownKey3   prockeyone.o
    0x0800144c   0x0000001c   Code   RO          258    i.ProcKeyUpKey1     prockeyone.o
    0x08001468   0x0000001c   Code   RO          259    i.ProcKeyUpKey2     prockeyone.o
    0x08001484   0x0000001c   Code   RO          260    i.ProcKeyUpKey3     prockeyone.o
    0x080014a0   0x0000000e   Code   RO          385    i.QueueEmpty        queue.o
    0x080014ae   0x00000002   PAD
    0x080014b0   0x00000020   Code   RO          901    i.RCC_APB1PeriphClockCmd  stm32f10x_rcc.o
    0x080014d0   0x00000020   Code   RO          903    i.RCC_APB2PeriphClockCmd  stm32f10x_rcc.o
    0x080014f0   0x0000004c   Code   RO          910    i.RCC_DeInit        stm32f10x_rcc.o
    0x0800153c   0x000000d4   Code   RO          911    i.RCC_GetClocksFreq  stm32f10x_rcc.o
    0x08001610   0x0000003c   Code   RO          912    i.RCC_GetFlagStatus  stm32f10x_rcc.o
    0x0800164c   0x00000010   Code   RO          914    i.RCC_GetSYSCLKSource  stm32f10x_rcc.o
    0x0800165c   0x00000018   Code   RO          915    i.RCC_HCLKConfig    stm32f10x_rcc.o
    0x08001674   0x0000004c   Code   RO          916    i.RCC_HSEConfig     stm32f10x_rcc.o
    0x080016c0   0x00000018   Code   RO          922    i.RCC_PCLK1Config   stm32f10x_rcc.o
    0x080016d8   0x00000018   Code   RO          923    i.RCC_PCLK2Config   stm32f10x_rcc.o
    0x080016f0   0x0000000c   Code   RO          924    i.RCC_PLLCmd        stm32f10x_rcc.o
    0x080016fc   0x0000001c   Code   RO          925    i.RCC_PLLConfig     stm32f10x_rcc.o
    0x08001718   0x00000018   Code   RO          928    i.RCC_SYSCLKConfig  stm32f10x_rcc.o
    0x08001730   0x00000038   Code   RO          930    i.RCC_WaitForHSEStartUp  stm32f10x_rcc.o
    0x08001768   0x0000001c   Code   RO          431    i.ReadSendBuf       uart1.o
    0x08001784   0x00000002   Code   RO         1902    i.SVC_Handler       stm32f10x_it.o
    0x08001786   0x00000002   PAD
    0x08001788   0x000000b4   Code   RO          231    i.ScanKeyOne        keyone.o
    0x0800183c   0x00000020   Code   RO          433    i.SendCharUsedByFputc  uart1.o
    0x0800185c   0x0000001c   Code   RO          542    i.SetPWM            pwm.o
    0x08001878   0x00000008   Code   RO         1953    i.SetSysClock       system_stm32f10x.o
    0x08001880   0x000000e0   Code   RO         1954    i.SetSysClockTo72   system_stm32f10x.o
    0x08001960   0x00000008   Code   RO         1847    i.SysTick_Handler   systick.o
    0x08001968   0x00000060   Code   RO         1956    i.SystemInit        system_stm32f10x.o
    0x080019c8   0x00000080   Code   RO         1099    i.TI1_Config        stm32f10x_tim.o
    0x08001a48   0x00000098   Code   RO         1100    i.TI2_Config        stm32f10x_tim.o
    0x08001ae0   0x00000090   Code   RO         1101    i.TI3_Config        stm32f10x_tim.o
    0x08001b70   0x00000098   Code   RO         1102    i.TI4_Config        stm32f10x_tim.o
    0x08001c08   0x00000068   Code   RO          338    i.TIM2_IRQHandler   timer.o
    0x08001c70   0x000000c0   Code   RO          510    i.TIM5_IRQHandler   capture.o
    0x08001d30   0x00000006   Code   RO         1110    i.TIM_ClearITPendingBit  stm32f10x_tim.o
    0x08001d36   0x00000018   Code   RO         1115    i.TIM_Cmd           stm32f10x_tim.o
    0x08001d4e   0x00000006   Code   RO         1130    i.TIM_GetCapture1   stm32f10x_tim.o
    0x08001d54   0x00000022   Code   RO         1136    i.TIM_GetITStatus   stm32f10x_tim.o
    0x08001d76   0x00000002   PAD
    0x08001d78   0x000000ac   Code   RO         1138    i.TIM_ICInit        stm32f10x_tim.o
    0x08001e24   0x00000012   Code   RO         1140    i.TIM_ITConfig      stm32f10x_tim.o
    0x08001e36   0x00000012   Code   RO         1146    i.TIM_OC1PolarityConfig  stm32f10x_tim.o
    0x08001e48   0x000000a4   Code   RO         1149    i.TIM_OC2Init       stm32f10x_tim.o
    0x08001eec   0x0000001a   Code   RO         1152    i.TIM_OC2PreloadConfig  stm32f10x_tim.o
    0x08001f06   0x00000004   Code   RO         1177    i.TIM_SetCompare2   stm32f10x_tim.o
    0x08001f0a   0x00000004   Code   RO         1180    i.TIM_SetCounter    stm32f10x_tim.o
    0x08001f0e   0x00000012   Code   RO         1181    i.TIM_SetIC1Prescaler  stm32f10x_tim.o
    0x08001f20   0x0000001a   Code   RO         1182    i.TIM_SetIC2Prescaler  stm32f10x_tim.o
    0x08001f3a   0x00000012   Code   RO         1183    i.TIM_SetIC3Prescaler  stm32f10x_tim.o
    0x08001f4c   0x0000001a   Code   RO         1184    i.TIM_SetIC4Prescaler  stm32f10x_tim.o
    0x08001f66   0x00000002   PAD
    0x08001f68   0x000000a4   Code   RO         1186    i.TIM_TimeBaseInit  stm32f10x_tim.o
    0x0800200c   0x00000018   Code   RO         1848    i.TimDelayDec       systick.o
    0x08002024   0x00000098   Code   RO          434    i.USART1_IRQHandler  uart1.o
    0x080020bc   0x00000012   Code   RO         1647    i.USART_ClearFlag   stm32f10x_usart.o
    0x080020ce   0x0000001e   Code   RO         1648    i.USART_ClearITPendingBit  stm32f10x_usart.o
    0x080020ec   0x00000018   Code   RO         1651    i.USART_Cmd         stm32f10x_usart.o
    0x08002104   0x0000001a   Code   RO         1654    i.USART_GetFlagStatus  stm32f10x_usart.o
    0x0800211e   0x00000054   Code   RO         1655    i.USART_GetITStatus  stm32f10x_usart.o
    0x08002172   0x0000004a   Code   RO         1657    i.USART_ITConfig    stm32f10x_usart.o
    0x080021bc   0x000000d8   Code   RO         1658    i.USART_Init        stm32f10x_usart.o
    0x08002294   0x0000000a   Code   RO         1665    i.USART_ReceiveData  stm32f10x_usart.o
    0x0800229e   0x00000008   Code   RO         1668    i.USART_SendData    stm32f10x_usart.o
    0x080022a6   0x00000018   Code   RO         1674    i.USART_StructInit  stm32f10x_usart.o
    0x080022be   0x00000004   Code   RO         1903    i.UsageFault_Handler  stm32f10x_it.o
    0x080022c2   0x00000002   PAD
    0x080022c4   0x00000018   Code   RO          435    i.WriteReceiveBuf   uart1.o
    0x080022dc   0x00000010   Code   RO         1998    i.__0printf$bare    mc_w.l(printfb.o)
    0x080022ec   0x0000000e   Code   RO         2313    i.__scatterload_copy  mc_w.l(handlers.o)
    0x080022fa   0x00000002   Code   RO         2314    i.__scatterload_null  mc_w.l(handlers.o)
    0x080022fc   0x0000000e   Code   RO         2315    i.__scatterload_zeroinit  mc_w.l(handlers.o)
    0x0800230a   0x00000022   Code   RO         2005    i._printf_core      mc_w.l(printfb.o)
    0x0800232c   0x00000010   Code   RO          437    i.fputc             uart1.o
    0x0800233c   0x00000044   Code   RO            5    i.main              main.o
    0x08002380   0x00000a64   Data   RO          157    .constdata          oled.o
    0x08002de4   0x00000020   Data   RO         2311    Region$$Table       anon$$obj.o


    Execution Region RW_IRAM1 (Base: 0x20000000, Size: 0x00000938, Max: 0x0000c000, ABSOLUTE)

    Base Addr    Size         Type   Attr      Idx    E Section Name        Object

    0x20000000   0x0000000a   Data   RW            6    .data               main.o
    0x2000000a   0x00000002   Data   RW          122    .data               led.o
    0x2000000c   0x00000009   Data   RW          232    .data               keyone.o
    0x20000015   0x00000001   PAD
    0x20000016   0x00000006   Data   RW          339    .data               timer.o
    0x2000001c   0x00000001   Data   RW          439    .data               uart1.o
    0x2000001d   0x00000001   PAD
    0x2000001e   0x00000004   Data   RW          511    .data               capture.o
    0x20000022   0x00000002   Data   RW          543    .data               pwm.o
    0x20000024   0x00000014   Data   RW          931    .data               stm32f10x_rcc.o
    0x20000038   0x00000004   Data   RW         1849    .data               systick.o
    0x2000003c   0x00000014   Data   RW         1957    .data               system_stm32f10x.o
    0x20000050   0x00000004   Data   RW         2283    .data               mc_w.l(stdout.o)
    0x20000054   0x00000400   Zero   RW          156    .bss                oled.o
    0x20000454   0x000000e0   Zero   RW          438    .bss                uart1.o
    0x20000534   0x00000004   PAD
    0x20000538   0x00000400   Zero   RW         1987    STACK               startup_stm32f10x_hd.o


==============================================================================

Image component sizes


      Code (inc. data)   RO Data    RW Data    ZI Data      Debug   Object Name

       442         32          0          4          0       2724   capture.o
         0          0          0          0          0         32   core_cm3.o
       308         36          0          9          0       2254   keyone.o
       180         12          0          2          0       1347   led.o
       468         94          0         10          0     257047   main.o
       132         22          0          0          0       1367   misc.o
        20          0          0          0          0        783   nvic.o
      1238         46       2660          0       1024       7799   oled.o
       190        120          0          0          0       3023   prockeyone.o
       324         46          0          2          0       2547   pwm.o
       190          0          0          0          0       2937   queue.o
       108          0          0          0          0     206506   rcc.o
        36          8        304          0       1024        780   startup_stm32f10x_hd.o
        52         12          0          0          0        993   stm32f10x_flash.o
       476          6          0          0          0       5263   stm32f10x_gpio.o
        24          0          0          0          0       3312   stm32f10x_it.o
       696         92          0         20          0       9678   stm32f10x_rcc.o
      1304        160          0          0          0      11901   stm32f10x_tim.o
       514          6          0          0          0       7300   stm32f10x_usart.o
       328         28          0         20          0       2085   system_stm32f10x.o
       160         22          0          4          0      17442   systick.o
       258         38          0          6          0       3332   timer.o
       556         62          0          1        224      20483   uart1.o

    ----------------------------------------------------------------------
      8028        842       2996         80       2276     570935   Object Totals
         0          0         32          0          0          0   (incl. Generated)
        24          0          0          2          4          0   (incl. Padding)

    ----------------------------------------------------------------------

      Code (inc. data)   RO Data    RW Data    ZI Data      Debug   Library Member Name

         0          0          0          0          0          0   entry.o
         0          0          0          0          0          0   entry10a.o
         0          0          0          0          0          0   entry11a.o
         8          4          0          0          0          0   entry2.o
         4          0          0          0          0          0   entry5.o
         0          0          0          0          0          0   entry7b.o
         0          0          0          0          0          0   entry8b.o
         8          4          0          0          0          0   entry9a.o
        30          0          0          0          0          0   handlers.o
        36          8          0          0          0         68   init.o
         0          0          0          0          0          0   iusefp.o
        50          8          0          0          0        152   printfb.o
         0          0          0          4          0          0   stdout.o
       176          0          0          0          0        140   fadd.o
       124          0          0          0          0         88   fdiv.o
       110          0          0          0          0        168   fepilogue.o
        50          0          0          0          0         68   ffixi.o
        40          0          0          0          0         68   ffixui.o
        18          0          0          0          0         68   fflti.o
       100          0          0          0          0         76   fmul.o

    ----------------------------------------------------------------------
       756         24          0          4          0        896   Library Totals
         2          0          0          0          0          0   (incl. Padding)

    ----------------------------------------------------------------------

      Code (inc. data)   RO Data    RW Data    ZI Data      Debug   Library Name

       136         24          0          4          0        220   mc_w.l
       618          0          0          0          0        676   mf_w.l

    ----------------------------------------------------------------------
       756         24          0          4          0        896   Library Totals

    ----------------------------------------------------------------------

==============================================================================


      Code (inc. data)   RO Data    RW Data    ZI Data      Debug   

      8784        866       2996         84       2276     565067   Grand Totals
      8784        866       2996         84       2276     565067   ELF Image Totals
      8784        866       2996         84          0          0   ROM Totals

==============================================================================

    Total RO  Size (Code + RO Data)                11780 (  11.50kB)
    Total RW  Size (RW Data + ZI Data)              2360 (   2.30kB)
    Total ROM Size (Code + RO Data + RW Data)      11864 (  11.59kB)

==============================================================================

