12:03:39 **** Auto Build of configuration Debug for project key_itr_test ****
make pre-build main-build 
a9-linaro-pre-build-step
' '
'Building file: ../src/helloworld.c'
'Invoking: ARM v7 gcc compiler'
arm-none-eabi-gcc -Wall -O0 -g3 -c -fmessage-length=0 -MT"src/helloworld.o" -mcpu=cortex-a9 -mfpu=vfpv3 -mfloat-abi=hard -I../../key_itr_test_bsp/ps7_cortexa9_0/include -MMD -MP -MF"src/helloworld.d" -MT"src/helloworld.o" -o "src/helloworld.o" "../src/helloworld.c"
In file included from ../../key_itr_test_bsp/ps7_cortexa9_0/include/xgpiops.h:119:0,
                 from ../src/helloworld.c:49:
../src/helloworld.c: In function 'Init_GPIO_PS':
../../key_itr_test_bsp/ps7_cortexa9_0/include/xstatus.h:61:41: warning: 'return' with a value, in function returning void
 #define XST_FAILURE                     1L
                                         ^
../src/helloworld.c:79:10: note: in expansion of macro 'XST_FAILURE'
   return XST_FAILURE;
          ^~~~~~~~~~~
../src/helloworld.c:69:6: note: declared here
 void Init_GPIO_PS(){
      ^~~~~~~~~~~~
'Finished building: ../src/helloworld.c'
' '
'Building target: key_itr_test.elf'
'Invoking: ARM v7 gcc linker'
arm-none-eabi-gcc -mcpu=cortex-a9 -mfpu=vfpv3 -mfloat-abi=hard -Wl,-build-id=none -specs=Xilinx.spec -Wl,-T -Wl,../src/lscript.ld -L../../key_itr_test_bsp/ps7_cortexa9_0/lib -o "key_itr_test.elf"  ./src/helloworld.o ./src/platform.o   -Wl,--start-group,-lxil,-lgcc,-lc,--end-group
'Finished building target: key_itr_test.elf'
' '
'Invoking: ARM v7 Print Size'
arm-none-eabi-size key_itr_test.elf  |tee "key_itr_test.elf.size"
   text	   data	    bss	    dec	    hex	filename
  27016	   1152	  22584	  50752	   c640	key_itr_test.elf
'Finished building: key_itr_test.elf.size'
' '

12:03:43 Build Finished (took 3s.90ms)

