<html>
<body>
<pre>
<h1>µVision Build Log</h1>
<h2>Tool Versions:</h2>
IDE-Version: µVision V5.18.0.0
Copyright (C) 2016 ARM Ltd and ARM Germany GmbH. All rights reserved.
License Information: q 80944, q, LIC=HF830-BFNIU-KUY4L-0QLXA-DNA0F-I7AIG
 
Tool Versions:
Toolchain:       MDK-ARM Professional  Version: 5.18
Toolchain Path:  D:\Keiluvision5\ARM\ARMCC\Bin
C Compiler:      Armcc.exe V5.06 update 1 (build 61)
Assembler:       Armasm.exe V5.06 update 1 (build 61)
Linker/Locator:  ArmLink.exe V5.06 update 1 (build 61)
Library Manager: ArmAr.exe V5.06 update 1 (build 61)
Hex Converter:   FromElf.exe V5.06 update 1 (build 61)
CPU DLL:         SARMCM3.DLL V5.18
Dialog DLL:      DCM.DLL V1.13.6.0
Target DLL:      STLink\ST-LINKIII-KEIL_SWO.dll V2.0.18.0
Dialog DLL:      TCM.DLL V1.14.8.0
 
<h2>Project:</h2>
D:\MyWorkSpace\STM32\Product\10\Project\STM32KeilPrj.uvprojx
Project File Date:  02/28/2020

<h2>Output:</h2>
*** Using Compiler 'V5.06 update 1 (build 61)', folder: 'D:\Keiluvision5\ARM\ARMCC\Bin'
Rebuild target 'Target 1'
compiling Queue.c...
compiling LED.c...
compiling RCC.c...
compiling UART1.c...
compiling Main.c...
compiling OLED.c...
compiling Timer.c...
compiling misc.c...
compiling stm32f10x_gpio.c...
compiling NVIC.c...
compiling stm32f10x_usart.c...
compiling SysTick.c...
compiling stm32f10x_flash.c...
compiling stm32f10x_rcc.c...
assembling startup_stm32f10x_hd.s...
compiling stm32f10x_tim.c...
compiling core_cm3.c...
compiling stm32f10x_it.c...
compiling system_stm32f10x.c...
linking...
Program Size: Code=5976 RO-data=2996 RW-data=64 ZI-data=2272  
FromELF: creating hex file...
".\Objects\STM32KeilPrj.axf" - 0 Error(s), 0 Warning(s).

<h2>Collection of Component include folders:</h2>
  D:\MyWorkSpace\STM32\Product\10\Project\RTE
  D:\Keiluvision5\ARM\PACK\Keil\STM32F1xx_DFP\2.3.0\Device\Include

<h2>Collection of Component Files used:</h2>
Build Time Elapsed:  00:00:06
</pre>
</body>
</html>
