


ARM Macro Assembler    Page 1 


    1 00000000         ;/******************************************************
                       ***********************/
    2 00000000         ;/* STM32F10xOPT.S: STM32F10x Flash Option Bytes        
                                             */
    3 00000000         ;/******************************************************
                       ***********************/
    4 00000000         ;/* <<< Use Configuration Wizard in Context Menu >>>    
                                             */
    5 00000000         ;/******************************************************
                       ***********************/
    6 00000000         ;/* This file is part of the uVision/ARM development too
                       ls.                   */
    7 00000000         ;/* Copyright (c) 2005-2008 Keil Software. All rights re
                       served.               */
    8 00000000         ;/* This software may only be used under the terms of a 
                       valid, current,       */
    9 00000000         ;/* end user licence from KEIL for a compatible version 
                       of KEIL software      */
   10 00000000         ;/* development tools. Nothing else gives you the right 
                       to use this software. */
   11 00000000         ;/******************************************************
                       ***********************/
   12 00000000         
   13 00000000         
   14 00000000         ;// <e> Flash Option Bytes
   15 00000000 00000001 
                       FLASH_OPT
                               EQU              1
   16 00000000         
   17 00000000         ;//   <o0.0> Flash Read Protection
   18 00000000 00000000 
                       RDP     EQU              0
   19 00000000         
   20 00000000         ;// <h> Flash Write Protection
   21 00000000         ;//   <o0.0> Page 0..3
   22 00000000         ;//   <o0.1> Page 4..7
   23 00000000         ;//   <o0.2> Page 8..11
   24 00000000         ;//   <o0.3> Page 12..15
   25 00000000         ;//   <o0.4> Page 16..19
   26 00000000         ;//   <o0.5> Page 20..23
   27 00000000         ;//   <o0.6> Page 24..27
   28 00000000         ;//   <o0.7> Page 28..31
   29 00000000         ;//   <o1.0> Page 32..35
   30 00000000         ;//   <o1.1> Page 36..39
   31 00000000         ;//   <o1.2> Page 40..43
   32 00000000         ;//   <o1.3> Page 44..47
   33 00000000         ;//   <o1.4> Page 48..51
   34 00000000         ;//   <o1.5> Page 52..55
   35 00000000         ;//   <o1.6> Page 56..59
   36 00000000         ;//   <o1.7> Page 60..63
   37 00000000         ;//   <o2.0> Page 64..67
   38 00000000         ;//   <o2.1> Page 68..71
   39 00000000         ;//   <o2.2> Page 72..75
   40 00000000         ;//   <o2.3> Page 76..79
   41 00000000         ;//   <o2.4> Page 80..83
   42 00000000         ;//   <o2.5> Page 84..87
   43 00000000         ;//   <o2.6> Page 88..91
   44 00000000         ;//   <o2.7> Page 92..95
   45 00000000         ;//   <o3.0> Page 96..99



ARM Macro Assembler    Page 2 


   46 00000000         ;//   <o3.1> Page 100..103
   47 00000000         ;//   <o3.2> Page 104..107
   48 00000000         ;//   <o3.3> Page 108..111
   49 00000000         ;//   <o3.4> Page 112..115
   50 00000000         ;//   <o3.5> Page 116..119
   51 00000000         ;//   <o3.6> Page 120..123
   52 00000000         ;//   <o3.7> Page 124..127
   53 00000000         ;// </h>
   54 00000000 00000000 
                       nWRP0   EQU              0x00
   55 00000000 00000000 
                       nWRP1   EQU              0x00
   56 00000000 00000000 
                       nWRP2   EQU              0x00
   57 00000000 00000000 
                       nWRP3   EQU              0x00
   58 00000000 000000FF 
                       WRP0    EQU              nWRP0:EOR:0xFF
   59 00000000 000000FF 
                       WRP1    EQU              nWRP1:EOR:0xFF
   60 00000000 000000FF 
                       WRP2    EQU              nWRP2:EOR:0xFF
   61 00000000 000000FF 
                       WRP3    EQU              nWRP3:EOR:0xFF
   62 00000000         
   63 00000000         ;// <h> User Configuration
   64 00000000         ;//   <o0.0> WDG_SW     
   65 00000000         ;//          <0=> HW Watchdog <1=> SW Watchdog
   66 00000000         ;//   <o0.1> nRST_STOP  <i> Generate Reset when entering
                        STOP Mode
   67 00000000         ;//          <0=> Enabled <1=> Disabled
   68 00000000         ;//   <o0.2> nRST_STDBY <i> Generate Reset when entering
                        Standby Mode
   69 00000000         ;//          <0=> Enabled <1=> Disabled
   70 00000000         ;// </h>
   71 00000000 000000FF 
                       USER    EQU              0xFF
   72 00000000 00000000 
                       nUSER   EQU              USER:EOR:0xFF
   73 00000000         
   74 00000000         ;// <h> User Data
   75 00000000         ;//   <o0> Byte 0 <0x00-0xFF>
   76 00000000         ;//   <o1> Byte 1 <0x00-0xFF>
   77 00000000         ;// </h>
   78 00000000 000000FF 
                       DATA0   EQU              0xFF
   79 00000000 000000FF 
                       DATA1   EQU              0xFF
   80 00000000 00000000 
                       nDATA0  EQU              DATA0:EOR:0xFF
   81 00000000 00000000 
                       nDATA1  EQU              DATA1:EOR:0xFF
   82 00000000         
   83 00000000         ;// </e>
   84 00000000         
   85 00000000         
   86 00000000                 IF               FLASH_OPT <> 0
   87 00000000                 AREA             |.ARM.__AT_0x1FFFF800|, CODE, R
EADONLY



ARM Macro Assembler    Page 3 


   88 00000000                 IF               RDP <> 0
   91 00000000 A5 5A           DCB              0xA5,  0x5A
   92 00000002                 ENDIF
   93 00000002 FF 00           DCB              USER,  nUSER
   94 00000004 FF 00 FF 
              00               DCB              DATA0, nDATA0, DATA1, nDATA1
   95 00000008 FF 00 FF 
              00               DCB              WRP0,  nWRP0,  WRP1,  nWRP1
   96 0000000C FF 00 FF 
              00               DCB              WRP2,  nWRP2,  WRP3,  nWRP3
   97 00000010                 ENDIF
   98 00000010         
   99 00000010         
  100 00000010                 END
Command Line: --debug --xref --diag_suppress=9931 --cpu=Cortex-M3 --apcs=interw
ork --depend=.\keilout\stm32f1xx_opt.d -o.\keilout\stm32f1xx_opt.o -ID:\keil\AR
M\RV31\INC -ID:\keil\ARM\CMSIS\Include --predefine="__MICROLIB SETA 1" --predef
ine="__UVISION_VERSION SETA 518" --list=.\listings\stm32f1xx_opt.lst dependence
\STM32F1xx_DFP\Startup\STM32F1xx_OPT.s



ARM Macro Assembler    Page 1 Alphabetic symbol ordering
Relocatable symbols

.ARM.__AT_0x1FFFF800 00000000

Symbol: .ARM.__AT_0x1FFFF800
   Definitions
      At line 87 in file dependence\STM32F1xx_DFP\Startup\STM32F1xx_OPT.s
   Uses
      None
Comment: .ARM.__AT_0x1FFFF800 unused
1 symbol



ARM Macro Assembler    Page 1 Alphabetic symbol ordering
Absolute symbols

DATA0 000000FF

Symbol: DATA0
   Definitions
      At line 78 in file dependence\STM32F1xx_DFP\Startup\STM32F1xx_OPT.s
   Uses
      At line 80 in file dependence\STM32F1xx_DFP\Startup\STM32F1xx_OPT.s
      At line 94 in file dependence\STM32F1xx_DFP\Startup\STM32F1xx_OPT.s

DATA1 000000FF

Symbol: DATA1
   Definitions
      At line 79 in file dependence\STM32F1xx_DFP\Startup\STM32F1xx_OPT.s
   Uses
      At line 81 in file dependence\STM32F1xx_DFP\Startup\STM32F1xx_OPT.s
      At line 94 in file dependence\STM32F1xx_DFP\Startup\STM32F1xx_OPT.s

FLASH_OPT 00000001

Symbol: FLASH_OPT
   Definitions
      At line 15 in file dependence\STM32F1xx_DFP\Startup\STM32F1xx_OPT.s
   Uses
      At line 86 in file dependence\STM32F1xx_DFP\Startup\STM32F1xx_OPT.s
Comment: FLASH_OPT used once
RDP 00000000

Symbol: RDP
   Definitions
      At line 18 in file dependence\STM32F1xx_DFP\Startup\STM32F1xx_OPT.s
   Uses
      At line 88 in file dependence\STM32F1xx_DFP\Startup\STM32F1xx_OPT.s
Comment: RDP used once
USER 000000FF

Symbol: USER
   Definitions
      At line 71 in file dependence\STM32F1xx_DFP\Startup\STM32F1xx_OPT.s
   Uses
      At line 72 in file dependence\STM32F1xx_DFP\Startup\STM32F1xx_OPT.s
      At line 93 in file dependence\STM32F1xx_DFP\Startup\STM32F1xx_OPT.s

WRP0 000000FF

Symbol: WRP0
   Definitions
      At line 58 in file dependence\STM32F1xx_DFP\Startup\STM32F1xx_OPT.s
   Uses
      At line 95 in file dependence\STM32F1xx_DFP\Startup\STM32F1xx_OPT.s
Comment: WRP0 used once
WRP1 000000FF

Symbol: WRP1
   Definitions
      At line 59 in file dependence\STM32F1xx_DFP\Startup\STM32F1xx_OPT.s
   Uses
      At line 95 in file dependence\STM32F1xx_DFP\Startup\STM32F1xx_OPT.s
Comment: WRP1 used once



ARM Macro Assembler    Page 2 Alphabetic symbol ordering
Absolute symbols

WRP2 000000FF

Symbol: WRP2
   Definitions
      At line 60 in file dependence\STM32F1xx_DFP\Startup\STM32F1xx_OPT.s
   Uses
      At line 96 in file dependence\STM32F1xx_DFP\Startup\STM32F1xx_OPT.s
Comment: WRP2 used once
WRP3 000000FF

Symbol: WRP3
   Definitions
      At line 61 in file dependence\STM32F1xx_DFP\Startup\STM32F1xx_OPT.s
   Uses
      At line 96 in file dependence\STM32F1xx_DFP\Startup\STM32F1xx_OPT.s
Comment: WRP3 used once
nDATA0 00000000

Symbol: nDATA0
   Definitions
      At line 80 in file dependence\STM32F1xx_DFP\Startup\STM32F1xx_OPT.s
   Uses
      At line 94 in file dependence\STM32F1xx_DFP\Startup\STM32F1xx_OPT.s
Comment: nDATA0 used once
nDATA1 00000000

Symbol: nDATA1
   Definitions
      At line 81 in file dependence\STM32F1xx_DFP\Startup\STM32F1xx_OPT.s
   Uses
      At line 94 in file dependence\STM32F1xx_DFP\Startup\STM32F1xx_OPT.s
Comment: nDATA1 used once
nUSER 00000000

Symbol: nUSER
   Definitions
      At line 72 in file dependence\STM32F1xx_DFP\Startup\STM32F1xx_OPT.s
   Uses
      At line 93 in file dependence\STM32F1xx_DFP\Startup\STM32F1xx_OPT.s
Comment: nUSER used once
nWRP0 00000000

Symbol: nWRP0
   Definitions
      At line 54 in file dependence\STM32F1xx_DFP\Startup\STM32F1xx_OPT.s
   Uses
      At line 58 in file dependence\STM32F1xx_DFP\Startup\STM32F1xx_OPT.s
      At line 95 in file dependence\STM32F1xx_DFP\Startup\STM32F1xx_OPT.s

nWRP1 00000000

Symbol: nWRP1
   Definitions
      At line 55 in file dependence\STM32F1xx_DFP\Startup\STM32F1xx_OPT.s
   Uses
      At line 59 in file dependence\STM32F1xx_DFP\Startup\STM32F1xx_OPT.s
      At line 95 in file dependence\STM32F1xx_DFP\Startup\STM32F1xx_OPT.s

nWRP2 00000000



ARM Macro Assembler    Page 3 Alphabetic symbol ordering
Absolute symbols


Symbol: nWRP2
   Definitions
      At line 56 in file dependence\STM32F1xx_DFP\Startup\STM32F1xx_OPT.s
   Uses
      At line 60 in file dependence\STM32F1xx_DFP\Startup\STM32F1xx_OPT.s
      At line 96 in file dependence\STM32F1xx_DFP\Startup\STM32F1xx_OPT.s

nWRP3 00000000

Symbol: nWRP3
   Definitions
      At line 57 in file dependence\STM32F1xx_DFP\Startup\STM32F1xx_OPT.s
   Uses
      At line 61 in file dependence\STM32F1xx_DFP\Startup\STM32F1xx_OPT.s
      At line 96 in file dependence\STM32F1xx_DFP\Startup\STM32F1xx_OPT.s

16 symbols
349 symbols in table
