16:03:39 **** Auto Build of configuration Debug for project vdma_hdmi ****
make pre-build main-build 
a9-linaro-pre-build-step
' '
'Building file: ../src/main.c'
'Invoking: ARM v7 gcc compiler'
arm-none-eabi-gcc -Wall -O0 -g3 -c -fmessage-length=0 -MT"src/main.o" -mcpu=cortex-a9 -mfpu=vfpv3 -mfloat-abi=hard -I../../vdma_hdmi_bsp/ps7_cortexa9_0/include -MMD -MP -MF"src/main.d" -MT"src/main.o" -o "src/main.o" "../src/main.c"
'Finished building: ../src/main.c'
' '
'Building target: vdma_hdmi.elf'
'Invoking: ARM v7 gcc linker'
arm-none-eabi-gcc -mcpu=cortex-a9 -mfpu=vfpv3 -mfloat-abi=hard -Wl,-build-id=none -specs=Xilinx.spec -Wl,-T -Wl,../src/lscript.ld -L../../vdma_hdmi_bsp/ps7_cortexa9_0/lib -o "vdma_hdmi.elf"  ./src/dynclk/dynclk.o  ./src/display_ctrl/display_ctrl.o  ./src/main.o   -Wl,--start-group,-lxil,-lgcc,-lc,--end-group
'Finished building target: vdma_hdmi.elf'
' '
'Invoking: ARM v7 Print Size'
arm-none-eabi-size vdma_hdmi.elf  |tee "vdma_hdmi.elf.size"
   text	   data	    bss	    dec	    hex	filename
1493832	   1280	6246224	7741336	 761f98	vdma_hdmi.elf
'Finished building: vdma_hdmi.elf.size'
' '

16:03:47 Build Finished (took 8s.295ms)

