15:24:44 **** Incremental Build of configuration Debug for project an5642_test ****
make pre-build main-build 
a9-linaro-pre-build-step
' '
'Building file: ../src/display_demo.c'
'Invoking: ARM v7 gcc compiler'
arm-none-eabi-gcc -Wall -O0 -g3 -c -fmessage-length=0 -MT"src/display_demo.o" -mcpu=cortex-a9 -mfpu=vfpv3 -mfloat-abi=hard -I../../an5642_test_bsp/ps7_cortexa9_0/include -MMD -MP -MF"src/display_demo.d" -MT"src/display_demo.o" -o "src/display_demo.o" "../src/display_demo.c"
../src/display_demo.c: In function 'main':
../src/display_demo.c:64:6: warning: unused variable 'Status' [-Wunused-variable]
  int Status;
      ^~~~~~
'Finished building: ../src/display_demo.c'
' '
'Building target: an5642_test.elf'
'Invoking: ARM v7 gcc linker'
arm-none-eabi-gcc -mcpu=cortex-a9 -mfpu=vfpv3 -mfloat-abi=hard -Wl,-build-id=none -specs=Xilinx.spec -Wl,-T -Wl,../src/lscript.ld -L../../an5642_test_bsp/ps7_cortexa9_0/lib -o "an5642_test.elf"  ./src/i2c/PS_i2c.o  ./src/dynclk/dynclk.o  ./src/display_ctrl/display_ctrl.o  ./src/display_demo.o ./src/ov5640.o ./src/vdma.o   -Wl,--start-group,-lxil,-lgcc,-lc,--end-group
'Finished building target: an5642_test.elf'
' '
'Invoking: ARM v7 Print Size'
arm-none-eabi-size an5642_test.elf  |tee "an5642_test.elf.size"
   text	   data	    bss	    dec	    hex	filename
  60756	   2648	18687952	18751356	11e1f7c	an5642_test.elf
'Finished building: an5642_test.elf.size'
' '

15:24:46 Build Finished (took 2s.813ms)

