Component: ARM Compiler 5.06 update 1 (build 61) Tool: armlink [4d35a8]

==============================================================================

Section Cross References

    startup_stm32f10x_hd.o(RESET) refers to startup_stm32f10x_hd.o(STACK) for __initial_sp
    startup_stm32f10x_hd.o(RESET) refers to startup_stm32f10x_hd.o(.text) for Reset_Handler
    startup_stm32f10x_hd.o(RESET) refers to stm32f10x_it.o(.text) for NMI_Handler
    startup_stm32f10x_hd.o(RESET) refers to port.o(.emb_text) for SVC_Handler
    startup_stm32f10x_hd.o(.text) refers to system_stm32f10x.o(.text) for SystemInit
    startup_stm32f10x_hd.o(.text) refers to entry.o(.ARM.Collect$$$$00000000) for __main
    system_stm32f10x.o(.text) refers to system_stm32f10x.o(.data) for .data
    stm32f10x_adc.o(.text) refers to stm32f10x_rcc.o(.text) for RCC_APB2PeriphResetCmd
    stm32f10x_bkp.o(.text) refers to stm32f10x_rcc.o(.text) for RCC_BackupResetCmd
    stm32f10x_can.o(.text) refers to stm32f10x_rcc.o(.text) for RCC_APB1PeriphResetCmd
    stm32f10x_cec.o(.text) refers to stm32f10x_rcc.o(.text) for RCC_APB1PeriphResetCmd
    stm32f10x_dac.o(.text) refers to stm32f10x_rcc.o(.text) for RCC_APB1PeriphResetCmd
    stm32f10x_gpio.o(.text) refers to stm32f10x_rcc.o(.text) for RCC_APB2PeriphResetCmd
    stm32f10x_i2c.o(.text) refers to stm32f10x_rcc.o(.text) for RCC_APB1PeriphResetCmd
    stm32f10x_pwr.o(.text) refers to stm32f10x_rcc.o(.text) for RCC_APB1PeriphResetCmd
    stm32f10x_rcc.o(.text) refers to stm32f10x_rcc.o(.data) for .data
    stm32f10x_spi.o(.text) refers to stm32f10x_rcc.o(.text) for RCC_APB2PeriphResetCmd
    stm32f10x_tim.o(.text) refers to stm32f10x_rcc.o(.text) for RCC_APB2PeriphResetCmd
    stm32f10x_usart.o(.text) refers to stm32f10x_rcc.o(.text) for RCC_APB2PeriphResetCmd
    stm32f10x_wwdg.o(.text) refers to stm32f10x_rcc.o(.text) for RCC_APB1PeriphResetCmd
    main.o(.text) refers to bsp_ili9341_lcd.o(.text) for LCD_Fill
    main.o(.text) refers to tasks.o(.text) for vTaskDelay
    main.o(.text) refers to process_data.o(.text) for ShowImg
    main.o(.text) refers to port.o(.text) for vPortEnterCritical
    main.o(.text) refers to misc.o(.text) for NVIC_PriorityGroupConfig
    main.o(.text) refers to delay.o(.text) for delay_init
    main.o(.text) refers to lcd_init.o(.text) for LCD_Init
    main.o(.text) refers to stm32f10x_gpio.o(.text) for GPIO_SetBits
    main.o(.text) refers to main.o(.data) for .data
    main.o(.text) refers to delay.o(.data) for OSRunning
    main.o(.text) refers to process_data.o(.data) for t
    stm32f10x_it.o(.text) refers to tasks.o(.text) for xTaskGetSchedulerState
    stm32f10x_it.o(.text) refers to port.o(.text) for xPortSysTickHandler
    bsp_led.o(.text) refers to stm32f10x_rcc.o(.text) for RCC_APB2PeriphClockCmd
    bsp_led.o(.text) refers to stm32f10x_gpio.o(.text) for GPIO_Init
    bsp_usart.o(.text) refers to stm32f10x_rcc.o(.text) for RCC_APB2PeriphClockCmd
    bsp_usart.o(.text) refers to stm32f10x_gpio.o(.text) for GPIO_Init
    bsp_usart.o(.text) refers to stm32f10x_usart.o(.text) for USART_Init
    bsp_ili9341_lcd.o(.text) refers to lcd_init.o(.text) for LCD_Address_Set
    bsp_ili9341_lcd.o(.text) refers to bsp_ili9341_lcd.o(.constdata) for .constdata
    bsp_ili9341_lcd.o(.text) refers to fmul.o(.text) for __aeabi_fmul
    bsp_ili9341_lcd.o(.text) refers to ffixui.o(.text) for __aeabi_f2uiz
    lcd_init.o(.text) refers to stm32f10x_rcc.o(.text) for RCC_APB2PeriphClockCmd
    lcd_init.o(.text) refers to stm32f10x_gpio.o(.text) for GPIO_Init
    lcd_init.o(.text) refers to delay.o(.text) for delay_ms
    delay.o(.text) refers to misc.o(.text) for SysTick_CLKSourceConfig
    delay.o(.text) refers to tasks.o(.text) for vTaskDelay
    delay.o(.text) refers to system_stm32f10x.o(.data) for SystemCoreClock
    delay.o(.text) refers to delay.o(.data) for .data
    process_data.o(.text) refers to bsp_ili9341_lcd.o(.text) for LCD_DrawRectangle
    process_data.o(.text) refers to ffixi.o(.text) for __aeabi_f2iz
    process_data.o(.text) refers to stm32f10x_gpio.o(.text) for GPIO_SetBits
    process_data.o(.text) refers to fadd.o(.text) for __aeabi_fadd
    process_data.o(.text) refers to fscalb.o(.text) for __ARM_scalbnf
    process_data.o(.text) refers to cfcmple.o(.text) for __aeabi_cfcmple
    process_data.o(.text) refers to delay.o(.text) for delay_us
    process_data.o(.text) refers to process_data.o(.data) for .data
    process_data.o(.text) refers to process_data.o(.bss) for .bss
    event_groups.o(.text) refers to heap_4.o(.text) for pvPortMalloc
    event_groups.o(.text) refers to list.o(.text) for vListInitialise
    event_groups.o(.text) refers to printf3.o(i.__0printf$3) for __2printf
    event_groups.o(.text) refers to tasks.o(.text) for vTaskSuspendAll
    event_groups.o(.text) refers to port.o(.text) for vPortEnterCritical
    queue.o(.text) refers to printf3.o(i.__0printf$3) for __2printf
    queue.o(.text) refers to port.o(.text) for vPortEnterCritical
    queue.o(.text) refers to list.o(.text) for vListInitialise
    queue.o(.text) refers to tasks.o(.text) for xTaskRemoveFromEventList
    queue.o(.text) refers to heap_4.o(.text) for pvPortMalloc
    queue.o(.text) refers to memcpya.o(.text) for __aeabi_memcpy
    queue.o(.text) refers to queue.o(.bss) for .bss
    tasks.o(.text) refers to list.o(.text) for vListInitialise
    tasks.o(.text) refers to port.o(.text) for vPortEnterCritical
    tasks.o(.text) refers to printf3.o(i.__0printf$3) for __2printf
    tasks.o(.text) refers to heap_4.o(.text) for pvPortMalloc
    tasks.o(.text) refers to tasks.o(.bss) for .bss
    tasks.o(.text) refers to tasks.o(.data) for .data
    heap_4.o(.text) refers to tasks.o(.text) for vTaskSuspendAll
    heap_4.o(.text) refers to printf3.o(i.__0printf$3) for __2printf
    heap_4.o(.text) refers to heap_4.o(.data) for .data
    heap_4.o(.text) refers to heap_4.o(.bss) for .bss
    port.o(.emb_text) refers to tasks.o(.text) for vTaskSwitchContext
    port.o(.emb_text) refers to tasks.o(.data) for pxCurrentTCB
    port.o(.text) refers to printf3.o(i.__0printf$3) for __2printf
    port.o(.text) refers to port.o(.emb_text) for __asm___6_port_c_39a90d8d__prvStartFirstTask
    port.o(.text) refers to tasks.o(.text) for xTaskIncrementTick
    port.o(.text) refers to port.o(.data) for .data
    port.o(.text) refers to system_stm32f10x.o(.data) for SystemCoreClock
    entry.o(.ARM.Collect$$$$00000000) refers (Special) to entry10a.o(.ARM.Collect$$$$0000000D) for __rt_final_cpp
    entry.o(.ARM.Collect$$$$00000000) refers (Special) to entry11a.o(.ARM.Collect$$$$0000000F) for __rt_final_exit
    entry.o(.ARM.Collect$$$$00000000) refers (Special) to entry7b.o(.ARM.Collect$$$$00000008) for _main_clock
    entry.o(.ARM.Collect$$$$00000000) refers (Special) to entry8b.o(.ARM.Collect$$$$0000000A) for _main_cpp_init
    entry.o(.ARM.Collect$$$$00000000) refers (Special) to entry9a.o(.ARM.Collect$$$$0000000B) for _main_init
    entry.o(.ARM.Collect$$$$00000000) refers (Special) to entry5.o(.ARM.Collect$$$$00000004) for _main_scatterload
    entry.o(.ARM.Collect$$$$00000000) refers (Special) to entry2.o(.ARM.Collect$$$$00000001) for _main_stk
    printfb.o(i.__0fprintf$bare) refers to printfb.o(i._printf_core) for _printf_core
    printfb.o(i.__0fprintf$bare) refers to bsp_usart.o(.text) for fputc
    printfb.o(i.__0printf$bare) refers to printfb.o(i._printf_core) for _printf_core
    printfb.o(i.__0printf$bare) refers to bsp_usart.o(.text) for fputc
    printfb.o(i.__0printf$bare) refers to stdout.o(.data) for __stdout
    printfb.o(i.__0snprintf$bare) refers to printfb.o(i._printf_core) for _printf_core
    printfb.o(i.__0snprintf$bare) refers to printfb.o(i._snputc) for _snputc
    printfb.o(i.__0sprintf$bare) refers to printfb.o(i._printf_core) for _printf_core
    printfb.o(i.__0sprintf$bare) refers to printfb.o(i._sputc) for _sputc
    printfb.o(i.__0vfprintf$bare) refers to printfb.o(i._printf_core) for _printf_core
    printfb.o(i.__0vfprintf$bare) refers to bsp_usart.o(.text) for fputc
    printfb.o(i.__0vprintf$bare) refers to printfb.o(i._printf_core) for _printf_core
    printfb.o(i.__0vprintf$bare) refers to bsp_usart.o(.text) for fputc
    printfb.o(i.__0vprintf$bare) refers to stdout.o(.data) for __stdout
    printfb.o(i.__0vsnprintf$bare) refers to printfb.o(i._printf_core) for _printf_core
    printfb.o(i.__0vsnprintf$bare) refers to printfb.o(i._snputc) for _snputc
    printfb.o(i.__0vsprintf$bare) refers to printfb.o(i._printf_core) for _printf_core
    printfb.o(i.__0vsprintf$bare) refers to printfb.o(i._sputc) for _sputc
    printf0.o(i.__0fprintf$0) refers to printf0.o(i._printf_core) for _printf_core
    printf0.o(i.__0fprintf$0) refers to bsp_usart.o(.text) for fputc
    printf0.o(i.__0printf$0) refers to printf0.o(i._printf_core) for _printf_core
    printf0.o(i.__0printf$0) refers to bsp_usart.o(.text) for fputc
    printf0.o(i.__0printf$0) refers to stdout.o(.data) for __stdout
    printf0.o(i.__0snprintf$0) refers to printf0.o(i._printf_core) for _printf_core
    printf0.o(i.__0snprintf$0) refers to printf0.o(i._snputc) for _snputc
    printf0.o(i.__0sprintf$0) refers to printf0.o(i._printf_core) for _printf_core
    printf0.o(i.__0sprintf$0) refers to printf0.o(i._sputc) for _sputc
    printf0.o(i.__0vfprintf$0) refers to printf0.o(i._printf_core) for _printf_core
    printf0.o(i.__0vfprintf$0) refers to bsp_usart.o(.text) for fputc
    printf0.o(i.__0vprintf$0) refers to printf0.o(i._printf_core) for _printf_core
    printf0.o(i.__0vprintf$0) refers to bsp_usart.o(.text) for fputc
    printf0.o(i.__0vprintf$0) refers to stdout.o(.data) for __stdout
    printf0.o(i.__0vsnprintf$0) refers to printf0.o(i._printf_core) for _printf_core
    printf0.o(i.__0vsnprintf$0) refers to printf0.o(i._snputc) for _snputc
    printf0.o(i.__0vsprintf$0) refers to printf0.o(i._printf_core) for _printf_core
    printf0.o(i.__0vsprintf$0) refers to printf0.o(i._sputc) for _sputc
    printf1.o(i.__0fprintf$1) refers to printf1.o(i._printf_core) for _printf_core
    printf1.o(i.__0fprintf$1) refers to bsp_usart.o(.text) for fputc
    printf1.o(i.__0printf$1) refers to printf1.o(i._printf_core) for _printf_core
    printf1.o(i.__0printf$1) refers to bsp_usart.o(.text) for fputc
    printf1.o(i.__0printf$1) refers to stdout.o(.data) for __stdout
    printf1.o(i.__0snprintf$1) refers to printf1.o(i._printf_core) for _printf_core
    printf1.o(i.__0snprintf$1) refers to printf1.o(i._snputc) for _snputc
    printf1.o(i.__0sprintf$1) refers to printf1.o(i._printf_core) for _printf_core
    printf1.o(i.__0sprintf$1) refers to printf1.o(i._sputc) for _sputc
    printf1.o(i.__0vfprintf$1) refers to printf1.o(i._printf_core) for _printf_core
    printf1.o(i.__0vfprintf$1) refers to bsp_usart.o(.text) for fputc
    printf1.o(i.__0vprintf$1) refers to printf1.o(i._printf_core) for _printf_core
    printf1.o(i.__0vprintf$1) refers to bsp_usart.o(.text) for fputc
    printf1.o(i.__0vprintf$1) refers to stdout.o(.data) for __stdout
    printf1.o(i.__0vsnprintf$1) refers to printf1.o(i._printf_core) for _printf_core
    printf1.o(i.__0vsnprintf$1) refers to printf1.o(i._snputc) for _snputc
    printf1.o(i.__0vsprintf$1) refers to printf1.o(i._printf_core) for _printf_core
    printf1.o(i.__0vsprintf$1) refers to printf1.o(i._sputc) for _sputc
    printf1.o(i._printf_core) refers to uidiv.o(.text) for __aeabi_uidivmod
    printf2.o(i.__0fprintf$2) refers to printf2.o(i._printf_core) for _printf_core
    printf2.o(i.__0fprintf$2) refers to bsp_usart.o(.text) for fputc
    printf2.o(i.__0printf$2) refers to printf2.o(i._printf_core) for _printf_core
    printf2.o(i.__0printf$2) refers to bsp_usart.o(.text) for fputc
    printf2.o(i.__0printf$2) refers to stdout.o(.data) for __stdout
    printf2.o(i.__0snprintf$2) refers to printf2.o(i._printf_core) for _printf_core
    printf2.o(i.__0snprintf$2) refers to printf2.o(i._snputc) for _snputc
    printf2.o(i.__0sprintf$2) refers to printf2.o(i._printf_core) for _printf_core
    printf2.o(i.__0sprintf$2) refers to printf2.o(i._sputc) for _sputc
    printf2.o(i.__0vfprintf$2) refers to printf2.o(i._printf_core) for _printf_core
    printf2.o(i.__0vfprintf$2) refers to bsp_usart.o(.text) for fputc
    printf2.o(i.__0vprintf$2) refers to printf2.o(i._printf_core) for _printf_core
    printf2.o(i.__0vprintf$2) refers to bsp_usart.o(.text) for fputc
    printf2.o(i.__0vprintf$2) refers to stdout.o(.data) for __stdout
    printf2.o(i.__0vsnprintf$2) refers to printf2.o(i._printf_core) for _printf_core
    printf2.o(i.__0vsnprintf$2) refers to printf2.o(i._snputc) for _snputc
    printf2.o(i.__0vsprintf$2) refers to printf2.o(i._printf_core) for _printf_core
    printf2.o(i.__0vsprintf$2) refers to printf2.o(i._sputc) for _sputc
    printf3.o(i.__0fprintf$3) refers to printf3.o(i._printf_core) for _printf_core
    printf3.o(i.__0fprintf$3) refers to bsp_usart.o(.text) for fputc
    printf3.o(i.__0printf$3) refers to printf3.o(i._printf_core) for _printf_core
    printf3.o(i.__0printf$3) refers to bsp_usart.o(.text) for fputc
    printf3.o(i.__0printf$3) refers to stdout.o(.data) for __stdout
    printf3.o(i.__0snprintf$3) refers to printf3.o(i._printf_core) for _printf_core
    printf3.o(i.__0snprintf$3) refers to printf3.o(i._snputc) for _snputc
    printf3.o(i.__0sprintf$3) refers to printf3.o(i._printf_core) for _printf_core
    printf3.o(i.__0sprintf$3) refers to printf3.o(i._sputc) for _sputc
    printf3.o(i.__0vfprintf$3) refers to printf3.o(i._printf_core) for _printf_core
    printf3.o(i.__0vfprintf$3) refers to bsp_usart.o(.text) for fputc
    printf3.o(i.__0vprintf$3) refers to printf3.o(i._printf_core) for _printf_core
    printf3.o(i.__0vprintf$3) refers to bsp_usart.o(.text) for fputc
    printf3.o(i.__0vprintf$3) refers to stdout.o(.data) for __stdout
    printf3.o(i.__0vsnprintf$3) refers to printf3.o(i._printf_core) for _printf_core
    printf3.o(i.__0vsnprintf$3) refers to printf3.o(i._snputc) for _snputc
    printf3.o(i.__0vsprintf$3) refers to printf3.o(i._printf_core) for _printf_core
    printf3.o(i.__0vsprintf$3) refers to printf3.o(i._sputc) for _sputc
    printf3.o(i._printf_core) refers to uidiv.o(.text) for __aeabi_uidivmod
    printf4.o(i.__0fprintf$4) refers to printf4.o(i._printf_core) for _printf_core
    printf4.o(i.__0fprintf$4) refers to bsp_usart.o(.text) for fputc
    printf4.o(i.__0printf$4) refers to printf4.o(i._printf_core) for _printf_core
    printf4.o(i.__0printf$4) refers to bsp_usart.o(.text) for fputc
    printf4.o(i.__0printf$4) refers to stdout.o(.data) for __stdout
    printf4.o(i.__0snprintf$4) refers to printf4.o(i._printf_core) for _printf_core
    printf4.o(i.__0snprintf$4) refers to printf4.o(i._snputc) for _snputc
    printf4.o(i.__0sprintf$4) refers to printf4.o(i._printf_core) for _printf_core
    printf4.o(i.__0sprintf$4) refers to printf4.o(i._sputc) for _sputc
    printf4.o(i.__0vfprintf$4) refers to printf4.o(i._printf_core) for _printf_core
    printf4.o(i.__0vfprintf$4) refers to bsp_usart.o(.text) for fputc
    printf4.o(i.__0vprintf$4) refers to printf4.o(i._printf_core) for _printf_core
    printf4.o(i.__0vprintf$4) refers to bsp_usart.o(.text) for fputc
    printf4.o(i.__0vprintf$4) refers to stdout.o(.data) for __stdout
    printf4.o(i.__0vsnprintf$4) refers to printf4.o(i._printf_core) for _printf_core
    printf4.o(i.__0vsnprintf$4) refers to printf4.o(i._snputc) for _snputc
    printf4.o(i.__0vsprintf$4) refers to printf4.o(i._printf_core) for _printf_core
    printf4.o(i.__0vsprintf$4) refers to printf4.o(i._sputc) for _sputc
    printf4.o(i._printf_core) refers to uldiv.o(.text) for __aeabi_uldivmod
    printf5.o(i.__0fprintf$5) refers to printf5.o(i._printf_core) for _printf_core
    printf5.o(i.__0fprintf$5) refers to bsp_usart.o(.text) for fputc
    printf5.o(i.__0printf$5) refers to printf5.o(i._printf_core) for _printf_core
    printf5.o(i.__0printf$5) refers to bsp_usart.o(.text) for fputc
    printf5.o(i.__0printf$5) refers to stdout.o(.data) for __stdout
    printf5.o(i.__0snprintf$5) refers to printf5.o(i._printf_core) for _printf_core
    printf5.o(i.__0snprintf$5) refers to printf5.o(i._snputc) for _snputc
    printf5.o(i.__0sprintf$5) refers to printf5.o(i._printf_core) for _printf_core
    printf5.o(i.__0sprintf$5) refers to printf5.o(i._sputc) for _sputc
    printf5.o(i.__0vfprintf$5) refers to printf5.o(i._printf_core) for _printf_core
    printf5.o(i.__0vfprintf$5) refers to bsp_usart.o(.text) for fputc
    printf5.o(i.__0vprintf$5) refers to printf5.o(i._printf_core) for _printf_core
    printf5.o(i.__0vprintf$5) refers to bsp_usart.o(.text) for fputc
    printf5.o(i.__0vprintf$5) refers to stdout.o(.data) for __stdout
    printf5.o(i.__0vsnprintf$5) refers to printf5.o(i._printf_core) for _printf_core
    printf5.o(i.__0vsnprintf$5) refers to printf5.o(i._snputc) for _snputc
    printf5.o(i.__0vsprintf$5) refers to printf5.o(i._printf_core) for _printf_core
    printf5.o(i.__0vsprintf$5) refers to printf5.o(i._sputc) for _sputc
    printf5.o(i._printf_core) refers to uldiv.o(.text) for __aeabi_uldivmod
    printf6.o(i.__0fprintf$6) refers to printf6.o(i._printf_core) for _printf_core
    printf6.o(i.__0fprintf$6) refers to bsp_usart.o(.text) for fputc
    printf6.o(i.__0printf$6) refers to printf6.o(i._printf_core) for _printf_core
    printf6.o(i.__0printf$6) refers to bsp_usart.o(.text) for fputc
    printf6.o(i.__0printf$6) refers to stdout.o(.data) for __stdout
    printf6.o(i.__0snprintf$6) refers to printf6.o(i._printf_core) for _printf_core
    printf6.o(i.__0snprintf$6) refers to printf6.o(i._snputc) for _snputc
    printf6.o(i.__0sprintf$6) refers to printf6.o(i._printf_core) for _printf_core
    printf6.o(i.__0sprintf$6) refers to printf6.o(i._sputc) for _sputc
    printf6.o(i.__0vfprintf$6) refers to printf6.o(i._printf_core) for _printf_core
    printf6.o(i.__0vfprintf$6) refers to bsp_usart.o(.text) for fputc
    printf6.o(i.__0vprintf$6) refers to printf6.o(i._printf_core) for _printf_core
    printf6.o(i.__0vprintf$6) refers to bsp_usart.o(.text) for fputc
    printf6.o(i.__0vprintf$6) refers to stdout.o(.data) for __stdout
    printf6.o(i.__0vsnprintf$6) refers to printf6.o(i._printf_core) for _printf_core
    printf6.o(i.__0vsnprintf$6) refers to printf6.o(i._snputc) for _snputc
    printf6.o(i.__0vsprintf$6) refers to printf6.o(i._printf_core) for _printf_core
    printf6.o(i.__0vsprintf$6) refers to printf6.o(i._sputc) for _sputc
    printf6.o(i._printf_core) refers to printf6.o(i._printf_pre_padding) for _printf_pre_padding
    printf6.o(i._printf_core) refers to uidiv.o(.text) for __aeabi_uidivmod
    printf6.o(i._printf_core) refers to printf6.o(i._printf_post_padding) for _printf_post_padding
    printf7.o(i.__0fprintf$7) refers to printf7.o(i._printf_core) for _printf_core
    printf7.o(i.__0fprintf$7) refers to bsp_usart.o(.text) for fputc
    printf7.o(i.__0printf$7) refers to printf7.o(i._printf_core) for _printf_core
    printf7.o(i.__0printf$7) refers to bsp_usart.o(.text) for fputc
    printf7.o(i.__0printf$7) refers to stdout.o(.data) for __stdout
    printf7.o(i.__0snprintf$7) refers to printf7.o(i._printf_core) for _printf_core
    printf7.o(i.__0snprintf$7) refers to printf7.o(i._snputc) for _snputc
    printf7.o(i.__0sprintf$7) refers to printf7.o(i._printf_core) for _printf_core
    printf7.o(i.__0sprintf$7) refers to printf7.o(i._sputc) for _sputc
    printf7.o(i.__0vfprintf$7) refers to printf7.o(i._printf_core) for _printf_core
    printf7.o(i.__0vfprintf$7) refers to bsp_usart.o(.text) for fputc
    printf7.o(i.__0vprintf$7) refers to printf7.o(i._printf_core) for _printf_core
    printf7.o(i.__0vprintf$7) refers to bsp_usart.o(.text) for fputc
    printf7.o(i.__0vprintf$7) refers to stdout.o(.data) for __stdout
    printf7.o(i.__0vsnprintf$7) refers to printf7.o(i._printf_core) for _printf_core
    printf7.o(i.__0vsnprintf$7) refers to printf7.o(i._snputc) for _snputc
    printf7.o(i.__0vsprintf$7) refers to printf7.o(i._printf_core) for _printf_core
    printf7.o(i.__0vsprintf$7) refers to printf7.o(i._sputc) for _sputc
    printf7.o(i._printf_core) refers to printf7.o(i._printf_pre_padding) for _printf_pre_padding
    printf7.o(i._printf_core) refers to uldiv.o(.text) for __aeabi_uldivmod
    printf7.o(i._printf_core) refers to printf7.o(i._printf_post_padding) for _printf_post_padding
    printf8.o(i.__0fprintf$8) refers to printf8.o(i._printf_core) for _printf_core
    printf8.o(i.__0fprintf$8) refers to bsp_usart.o(.text) for fputc
    printf8.o(i.__0printf$8) refers to printf8.o(i._printf_core) for _printf_core
    printf8.o(i.__0printf$8) refers to bsp_usart.o(.text) for fputc
    printf8.o(i.__0printf$8) refers to stdout.o(.data) for __stdout
    printf8.o(i.__0snprintf$8) refers to printf8.o(i._printf_core) for _printf_core
    printf8.o(i.__0snprintf$8) refers to printf8.o(i._snputc) for _snputc
    printf8.o(i.__0sprintf$8) refers to printf8.o(i._printf_core) for _printf_core
    printf8.o(i.__0sprintf$8) refers to printf8.o(i._sputc) for _sputc
    printf8.o(i.__0vfprintf$8) refers to printf8.o(i._printf_core) for _printf_core
    printf8.o(i.__0vfprintf$8) refers to bsp_usart.o(.text) for fputc
    printf8.o(i.__0vprintf$8) refers to printf8.o(i._printf_core) for _printf_core
    printf8.o(i.__0vprintf$8) refers to bsp_usart.o(.text) for fputc
    printf8.o(i.__0vprintf$8) refers to stdout.o(.data) for __stdout
    printf8.o(i.__0vsnprintf$8) refers to printf8.o(i._printf_core) for _printf_core
    printf8.o(i.__0vsnprintf$8) refers to printf8.o(i._snputc) for _snputc
    printf8.o(i.__0vsprintf$8) refers to printf8.o(i._printf_core) for _printf_core
    printf8.o(i.__0vsprintf$8) refers to printf8.o(i._sputc) for _sputc
    printf8.o(i._printf_core) refers to printf8.o(i._printf_pre_padding) for _printf_pre_padding
    printf8.o(i._printf_core) refers to uldiv.o(.text) for __aeabi_uldivmod
    printf8.o(i._printf_core) refers to printf8.o(i._printf_post_padding) for _printf_post_padding
    printfa.o(i.__0fprintf) refers (Special) to iusefp.o(.text) for __I$use$fp
    printfa.o(i.__0fprintf) refers to printfa.o(i._printf_core) for _printf_core
    printfa.o(i.__0fprintf) refers to bsp_usart.o(.text) for fputc
    printfa.o(i.__0printf) refers (Special) to iusefp.o(.text) for __I$use$fp
    printfa.o(i.__0printf) refers to printfa.o(i._printf_core) for _printf_core
    printfa.o(i.__0printf) refers to bsp_usart.o(.text) for fputc
    printfa.o(i.__0printf) refers to stdout.o(.data) for __stdout
    printfa.o(i.__0snprintf) refers (Special) to iusefp.o(.text) for __I$use$fp
    printfa.o(i.__0snprintf) refers to printfa.o(i._printf_core) for _printf_core
    printfa.o(i.__0snprintf) refers to printfa.o(i._snputc) for _snputc
    printfa.o(i.__0sprintf) refers (Special) to iusefp.o(.text) for __I$use$fp
    printfa.o(i.__0sprintf) refers to printfa.o(i._printf_core) for _printf_core
    printfa.o(i.__0sprintf) refers to printfa.o(i._sputc) for _sputc
    printfa.o(i.__0vfprintf) refers (Special) to iusefp.o(.text) for __I$use$fp
    printfa.o(i.__0vfprintf) refers to printfa.o(i._printf_core) for _printf_core
    printfa.o(i.__0vfprintf) refers to bsp_usart.o(.text) for fputc
    printfa.o(i.__0vprintf) refers (Special) to iusefp.o(.text) for __I$use$fp
    printfa.o(i.__0vprintf) refers to printfa.o(i._printf_core) for _printf_core
    printfa.o(i.__0vprintf) refers to bsp_usart.o(.text) for fputc
    printfa.o(i.__0vprintf) refers to stdout.o(.data) for __stdout
    printfa.o(i.__0vsnprintf) refers (Special) to iusefp.o(.text) for __I$use$fp
    printfa.o(i.__0vsnprintf) refers to printfa.o(i._printf_core) for _printf_core
    printfa.o(i.__0vsnprintf) refers to printfa.o(i._snputc) for _snputc
    printfa.o(i.__0vsprintf) refers (Special) to iusefp.o(.text) for __I$use$fp
    printfa.o(i.__0vsprintf) refers to printfa.o(i._printf_core) for _printf_core
    printfa.o(i.__0vsprintf) refers to printfa.o(i._sputc) for _sputc
    printfa.o(i._fp_digits) refers (Special) to iusefp.o(.text) for __I$use$fp
    printfa.o(i._fp_digits) refers to dmul.o(.text) for __aeabi_dmul
    printfa.o(i._fp_digits) refers to ddiv.o(.text) for __aeabi_ddiv
    printfa.o(i._fp_digits) refers to cdrcmple.o(.text) for __aeabi_cdrcmple
    printfa.o(i._fp_digits) refers to dadd.o(.text) for __aeabi_dadd
    printfa.o(i._fp_digits) refers to dfixul.o(.text) for __aeabi_d2ulz
    printfa.o(i._fp_digits) refers to uldiv.o(.text) for __aeabi_uldivmod
    printfa.o(i._printf_core) refers (Special) to iusefp.o(.text) for __I$use$fp
    printfa.o(i._printf_core) refers to printfa.o(i._printf_pre_padding) for _printf_pre_padding
    printfa.o(i._printf_core) refers to uldiv.o(.text) for __aeabi_uldivmod
    printfa.o(i._printf_core) refers to printfa.o(i._printf_post_padding) for _printf_post_padding
    printfa.o(i._printf_core) refers to printfa.o(i._fp_digits) for _fp_digits
    printfa.o(i._printf_core) refers to uidiv.o(.text) for __aeabi_uidivmod
    printfa.o(i._printf_post_padding) refers (Special) to iusefp.o(.text) for __I$use$fp
    printfa.o(i._printf_pre_padding) refers (Special) to iusefp.o(.text) for __I$use$fp
    printfa.o(i._snputc) refers (Special) to iusefp.o(.text) for __I$use$fp
    printfa.o(i._sputc) refers (Special) to iusefp.o(.text) for __I$use$fp
    fadd.o(.text) refers (Special) to iusefp.o(.text) for __I$use$fp
    fadd.o(.text) refers to fepilogue.o(.text) for _float_epilogue
    fmul.o(.text) refers (Special) to iusefp.o(.text) for __I$use$fp
    fscalb.o(.text) refers (Special) to iusefp.o(.text) for __I$use$fp
    ffixi.o(.text) refers (Special) to iusefp.o(.text) for __I$use$fp
    ffixui.o(.text) refers (Special) to iusefp.o(.text) for __I$use$fp
    cfcmple.o(.text) refers (Special) to iusefp.o(.text) for __I$use$fp
    entry2.o(.ARM.Collect$$$$00000001) refers to entry2.o(.ARM.Collect$$$$00002712) for __lit__00000000
    entry2.o(.ARM.Collect$$$$00002712) refers to startup_stm32f10x_hd.o(STACK) for __initial_sp
    entry2.o(__vectab_stack_and_reset_area) refers to startup_stm32f10x_hd.o(STACK) for __initial_sp
    entry2.o(__vectab_stack_and_reset_area) refers to entry.o(.ARM.Collect$$$$00000000) for __main
    entry5.o(.ARM.Collect$$$$00000004) refers to init.o(.text) for __scatterload
    entry9a.o(.ARM.Collect$$$$0000000B) refers to main.o(.text) for main
    entry9b.o(.ARM.Collect$$$$0000000C) refers to main.o(.text) for main
    uldiv.o(.text) refers to llushr.o(.text) for __aeabi_llsr
    uldiv.o(.text) refers to llshl.o(.text) for __aeabi_llsl
    dadd.o(.text) refers to llshl.o(.text) for __aeabi_llsl
    dadd.o(.text) refers to llsshr.o(.text) for __aeabi_lasr
    dadd.o(.text) refers to depilogue.o(.text) for _double_epilogue
    dmul.o(.text) refers to depilogue.o(.text) for _double_epilogue
    ddiv.o(.text) refers to depilogue.o(.text) for _double_round
    dfixul.o(.text) refers to llushr.o(.text) for __aeabi_llsr
    dfixul.o(.text) refers to llshl.o(.text) for __aeabi_llsl
    init.o(.text) refers to entry5.o(.ARM.Collect$$$$00000004) for __main_after_scatterload
    depilogue.o(.text) refers to llshl.o(.text) for __aeabi_llsl
    depilogue.o(.text) refers to llushr.o(.text) for __aeabi_llsr


==============================================================================

Removing Unused input sections from the image.

    Removing startup_stm32f10x_hd.o(HEAP), (512 bytes).
    Removing core_cm3.o(.emb_text), (32 bytes).
    Removing stm32f10x_adc.o(.text), (904 bytes).
    Removing stm32f10x_bkp.o(.text), (156 bytes).
    Removing stm32f10x_can.o(.text), (1980 bytes).
    Removing stm32f10x_cec.o(.text), (252 bytes).
    Removing stm32f10x_crc.o(.text), (64 bytes).
    Removing stm32f10x_dac.o(.text), (284 bytes).
    Removing stm32f10x_dbgmcu.o(.text), (44 bytes).
    Removing stm32f10x_dma.o(.text), (488 bytes).
    Removing stm32f10x_exti.o(.text), (236 bytes).
    Removing stm32f10x_flash.o(.text), (1188 bytes).
    Removing stm32f10x_fsmc.o(.text), (1206 bytes).
    Removing stm32f10x_i2c.o(.text), (912 bytes).
    Removing stm32f10x_iwdg.o(.text), (60 bytes).
    Removing stm32f10x_pwr.o(.text), (172 bytes).
    Removing stm32f10x_rtc.o(.text), (276 bytes).
    Removing stm32f10x_sdio.o(.text), (432 bytes).
    Removing stm32f10x_spi.o(.text), (692 bytes).
    Removing stm32f10x_tim.o(.text), (3114 bytes).
    Removing stm32f10x_wwdg.o(.text), (128 bytes).
    Removing main.o(.data), (4 bytes).
    Removing bsp_led.o(.text), (96 bytes).
    Removing sys.o(.text), (2 bytes).
    Removing process_data.o(.data), (5120 bytes).
    Removing event_groups.o(.text), (832 bytes).
    Removing queue.o(.text), (2176 bytes).
    Removing queue.o(.bss), (80 bytes).
    Removing dadd.o(.text), (334 bytes).
    Removing dmul.o(.text), (228 bytes).
    Removing ddiv.o(.text), (222 bytes).
    Removing dfixul.o(.text), (48 bytes).
    Removing cdrcmple.o(.text), (48 bytes).
    Removing depilogue.o(.text), (186 bytes).

34 unused section(s) (total 22508 bytes) removed from the image.

==============================================================================

Image Symbol Table

    Local Symbols

    Symbol Name                              Value     Ov Type        Size  Object(Section)

    ../clib/../cmprslib/lz77c.c              0x00000000   Number         0  __dclz77c.o ABSOLUTE
    ../clib/microlib/division.c              0x00000000   Number         0  uidiv.o ABSOLUTE
    ../clib/microlib/division.c              0x00000000   Number         0  uldiv.o ABSOLUTE
    ../clib/microlib/init/entry.s            0x00000000   Number         0  entry10a.o ABSOLUTE
    ../clib/microlib/init/entry.s            0x00000000   Number         0  entry9a.o ABSOLUTE
    ../clib/microlib/init/entry.s            0x00000000   Number         0  entry11b.o ABSOLUTE
    ../clib/microlib/init/entry.s            0x00000000   Number         0  entry2.o ABSOLUTE
    ../clib/microlib/init/entry.s            0x00000000   Number         0  entry5.o ABSOLUTE
    ../clib/microlib/init/entry.s            0x00000000   Number         0  entry8b.o ABSOLUTE
    ../clib/microlib/init/entry.s            0x00000000   Number         0  entry.o ABSOLUTE
    ../clib/microlib/init/entry.s            0x00000000   Number         0  entry8a.o ABSOLUTE
    ../clib/microlib/init/entry.s            0x00000000   Number         0  entry7b.o ABSOLUTE
    ../clib/microlib/init/entry.s            0x00000000   Number         0  entry9b.o ABSOLUTE
    ../clib/microlib/init/entry.s            0x00000000   Number         0  entry7a.o ABSOLUTE
    ../clib/microlib/init/entry.s            0x00000000   Number         0  entry11a.o ABSOLUTE
    ../clib/microlib/init/entry.s            0x00000000   Number         0  entry10b.o ABSOLUTE
    ../clib/microlib/longlong.c              0x00000000   Number         0  llshl.o ABSOLUTE
    ../clib/microlib/longlong.c              0x00000000   Number         0  llushr.o ABSOLUTE
    ../clib/microlib/longlong.c              0x00000000   Number         0  llsshr.o ABSOLUTE
    ../clib/microlib/printf/printf.c         0x00000000   Number         0  printf0.o ABSOLUTE
    ../clib/microlib/printf/printf.c         0x00000000   Number         0  printf1.o ABSOLUTE
    ../clib/microlib/printf/printf.c         0x00000000   Number         0  printf3.o ABSOLUTE
    ../clib/microlib/printf/printf.c         0x00000000   Number         0  printf4.o ABSOLUTE
    ../clib/microlib/printf/printf.c         0x00000000   Number         0  printf5.o ABSOLUTE
    ../clib/microlib/printf/printf.c         0x00000000   Number         0  printf6.o ABSOLUTE
    ../clib/microlib/printf/printf.c         0x00000000   Number         0  printf7.o ABSOLUTE
    ../clib/microlib/printf/printf.c         0x00000000   Number         0  printf8.o ABSOLUTE
    ../clib/microlib/printf/printf.c         0x00000000   Number         0  printfa.o ABSOLUTE
    ../clib/microlib/printf/printf.c         0x00000000   Number         0  printf2.o ABSOLUTE
    ../clib/microlib/printf/printf.c         0x00000000   Number         0  printfb.o ABSOLUTE
    ../clib/microlib/printf/stubs.s          0x00000000   Number         0  stubs.o ABSOLUTE
    ../clib/microlib/stdio/streams.c         0x00000000   Number         0  stdout.o ABSOLUTE
    ../clib/microlib/string/memcpy.c         0x00000000   Number         0  memcpyb.o ABSOLUTE
    ../clib/microlib/string/memcpy.c         0x00000000   Number         0  memcpya.o ABSOLUTE
    ../clib/microlib/stubs.s                 0x00000000   Number         0  iusefp.o ABSOLUTE
    ../fplib/microlib/fpadd.c                0x00000000   Number         0  fadd.o ABSOLUTE
    ../fplib/microlib/fpadd.c                0x00000000   Number         0  dadd.o ABSOLUTE
    ../fplib/microlib/fpdiv.c                0x00000000   Number         0  ddiv.o ABSOLUTE
    ../fplib/microlib/fpepilogue.c           0x00000000   Number         0  depilogue.o ABSOLUTE
    ../fplib/microlib/fpepilogue.c           0x00000000   Number         0  fepilogue.o ABSOLUTE
    ../fplib/microlib/fpfix.c                0x00000000   Number         0  dfixul.o ABSOLUTE
    ../fplib/microlib/fpfix.c                0x00000000   Number         0  ffixui.o ABSOLUTE
    ../fplib/microlib/fpfix.c                0x00000000   Number         0  ffixi.o ABSOLUTE
    ../fplib/microlib/fpmul.c                0x00000000   Number         0  dmul.o ABSOLUTE
    ../fplib/microlib/fpmul.c                0x00000000   Number         0  fmul.o ABSOLUTE
    ../fplib/microlib/fpscalb.c              0x00000000   Number         0  fscalb.o ABSOLUTE
    ..\..\FreeRTOS\port\MemMang\heap_4.c     0x00000000   Number         0  heap_4.o ABSOLUTE
    ..\..\FreeRTOS\port\RVDS\ARM_CM3\port.c  0x00000000   Number         0  port.o ABSOLUTE
    ..\..\FreeRTOS\src\croutine.c            0x00000000   Number         0  croutine.o ABSOLUTE
    ..\..\FreeRTOS\src\event_groups.c        0x00000000   Number         0  event_groups.o ABSOLUTE
    ..\..\FreeRTOS\src\list.c                0x00000000   Number         0  list.o ABSOLUTE
    ..\..\FreeRTOS\src\queue.c               0x00000000   Number         0  queue.o ABSOLUTE
    ..\..\FreeRTOS\src\tasks.c               0x00000000   Number         0  tasks.o ABSOLUTE
    ..\..\FreeRTOS\src\timers.c              0x00000000   Number         0  timers.o ABSOLUTE
    ..\..\Libraries\CMSIS\core_cm3.c         0x00000000   Number         0  core_cm3.o ABSOLUTE
    ..\..\Libraries\CMSIS\startup\startup_stm32f10x_hd.s 0x00000000   Number         0  startup_stm32f10x_hd.o ABSOLUTE
    ..\..\Libraries\CMSIS\system_stm32f10x.c 0x00000000   Number         0  system_stm32f10x.o ABSOLUTE
    ..\..\Libraries\FWlib\src\misc.c         0x00000000   Number         0  misc.o ABSOLUTE
    ..\..\Libraries\FWlib\src\stm32f10x_adc.c 0x00000000   Number         0  stm32f10x_adc.o ABSOLUTE
    ..\..\Libraries\FWlib\src\stm32f10x_bkp.c 0x00000000   Number         0  stm32f10x_bkp.o ABSOLUTE
    ..\..\Libraries\FWlib\src\stm32f10x_can.c 0x00000000   Number         0  stm32f10x_can.o ABSOLUTE
    ..\..\Libraries\FWlib\src\stm32f10x_cec.c 0x00000000   Number         0  stm32f10x_cec.o ABSOLUTE
    ..\..\Libraries\FWlib\src\stm32f10x_crc.c 0x00000000   Number         0  stm32f10x_crc.o ABSOLUTE
    ..\..\Libraries\FWlib\src\stm32f10x_dac.c 0x00000000   Number         0  stm32f10x_dac.o ABSOLUTE
    ..\..\Libraries\FWlib\src\stm32f10x_dbgmcu.c 0x00000000   Number         0  stm32f10x_dbgmcu.o ABSOLUTE
    ..\..\Libraries\FWlib\src\stm32f10x_dma.c 0x00000000   Number         0  stm32f10x_dma.o ABSOLUTE
    ..\..\Libraries\FWlib\src\stm32f10x_exti.c 0x00000000   Number         0  stm32f10x_exti.o ABSOLUTE
    ..\..\Libraries\FWlib\src\stm32f10x_flash.c 0x00000000   Number         0  stm32f10x_flash.o ABSOLUTE
    ..\..\Libraries\FWlib\src\stm32f10x_fsmc.c 0x00000000   Number         0  stm32f10x_fsmc.o ABSOLUTE
    ..\..\Libraries\FWlib\src\stm32f10x_gpio.c 0x00000000   Number         0  stm32f10x_gpio.o ABSOLUTE
    ..\..\Libraries\FWlib\src\stm32f10x_i2c.c 0x00000000   Number         0  stm32f10x_i2c.o ABSOLUTE
    ..\..\Libraries\FWlib\src\stm32f10x_iwdg.c 0x00000000   Number         0  stm32f10x_iwdg.o ABSOLUTE
    ..\..\Libraries\FWlib\src\stm32f10x_pwr.c 0x00000000   Number         0  stm32f10x_pwr.o ABSOLUTE
    ..\..\Libraries\FWlib\src\stm32f10x_rcc.c 0x00000000   Number         0  stm32f10x_rcc.o ABSOLUTE
    ..\..\Libraries\FWlib\src\stm32f10x_rtc.c 0x00000000   Number         0  stm32f10x_rtc.o ABSOLUTE
    ..\..\Libraries\FWlib\src\stm32f10x_sdio.c 0x00000000   Number         0  stm32f10x_sdio.o ABSOLUTE
    ..\..\Libraries\FWlib\src\stm32f10x_spi.c 0x00000000   Number         0  stm32f10x_spi.o ABSOLUTE
    ..\..\Libraries\FWlib\src\stm32f10x_tim.c 0x00000000   Number         0  stm32f10x_tim.o ABSOLUTE
    ..\..\Libraries\FWlib\src\stm32f10x_usart.c 0x00000000   Number         0  stm32f10x_usart.o ABSOLUTE
    ..\..\Libraries\FWlib\src\stm32f10x_wwdg.c 0x00000000   Number         0  stm32f10x_wwdg.o ABSOLUTE
    ..\..\User\delay.c                       0x00000000   Number         0  delay.o ABSOLUTE
    ..\..\User\lcd\bsp_ili9341_lcd.c         0x00000000   Number         0  bsp_ili9341_lcd.o ABSOLUTE
    ..\..\User\lcd\lcd_init.c                0x00000000   Number         0  lcd_init.o ABSOLUTE
    ..\..\User\lcd\process_Data.c            0x00000000   Number         0  process_data.o ABSOLUTE
    ..\..\User\led\bsp_led.c                 0x00000000   Number         0  bsp_led.o ABSOLUTE
    ..\..\User\main.c                        0x00000000   Number         0  main.o ABSOLUTE
    ..\..\User\stm32f10x_it.c                0x00000000   Number         0  stm32f10x_it.o ABSOLUTE
    ..\..\User\sys.c                         0x00000000   Number         0  sys.o ABSOLUTE
    ..\..\User\usart\bsp_usart.c             0x00000000   Number         0  bsp_usart.o ABSOLUTE
    ..\\..\\FreeRTOS\\port\\RVDS\\ARM_CM3\\port.c 0x00000000   Number         0  port.o ABSOLUTE
    ..\\..\\Libraries\\CMSIS\\core_cm3.c     0x00000000   Number         0  core_cm3.o ABSOLUTE
    cdrcmple.s                               0x00000000   Number         0  cdrcmple.o ABSOLUTE
    cfcmple.s                                0x00000000   Number         0  cfcmple.o ABSOLUTE
    dc.s                                     0x00000000   Number         0  dc.o ABSOLUTE
    handlers.s                               0x00000000   Number         0  handlers.o ABSOLUTE
    init.s                                   0x00000000   Number         0  init.o ABSOLUTE
    RESET                                    0x08000000   Section      304  startup_stm32f10x_hd.o(RESET)
    .ARM.Collect$$$$00000000                 0x08000130   Section        0  entry.o(.ARM.Collect$$$$00000000)
    .ARM.Collect$$$$00000001                 0x08000130   Section        4  entry2.o(.ARM.Collect$$$$00000001)
    .ARM.Collect$$$$00000004                 0x08000134   Section        4  entry5.o(.ARM.Collect$$$$00000004)
    .ARM.Collect$$$$00000008                 0x08000138   Section        0  entry7b.o(.ARM.Collect$$$$00000008)
    .ARM.Collect$$$$0000000A                 0x08000138   Section        0  entry8b.o(.ARM.Collect$$$$0000000A)
    .ARM.Collect$$$$0000000B                 0x08000138   Section        8  entry9a.o(.ARM.Collect$$$$0000000B)
    .ARM.Collect$$$$0000000D                 0x08000140   Section        0  entry10a.o(.ARM.Collect$$$$0000000D)
    .ARM.Collect$$$$0000000F                 0x08000140   Section        0  entry11a.o(.ARM.Collect$$$$0000000F)
    .ARM.Collect$$$$00002712                 0x08000140   Section        4  entry2.o(.ARM.Collect$$$$00002712)
    __lit__00000000                          0x08000140   Data           4  entry2.o(.ARM.Collect$$$$00002712)
    .emb_text                                0x08000144   Section      150  port.o(.emb_text)
    .text                                    0x080001dc   Section       36  startup_stm32f10x_hd.o(.text)
    .text                                    0x08000200   Section        0  system_stm32f10x.o(.text)
    SetSysClockTo72                          0x08000201   Thumb Code   166  system_stm32f10x.o(.text)
    SetSysClock                              0x080002a7   Thumb Code     2  system_stm32f10x.o(.text)
    .text                                    0x08000374   Section        0  misc.o(.text)
    .text                                    0x0800042c   Section        0  stm32f10x_gpio.o(.text)
    .text                                    0x080006c4   Section        0  stm32f10x_rcc.o(.text)
    .text                                    0x080009b8   Section        0  stm32f10x_usart.o(.text)
    .text                                    0x08000d54   Section        0  main.o(.text)
    Test_Task                                0x08000d55   Thumb Code    82  main.o(.text)
    LCD_Task                                 0x08000da7   Thumb Code    36  main.o(.text)
    AppTaskCreate                            0x08000dcb   Thumb Code    82  main.o(.text)
    BSP_Init                                 0x08000e1d   Thumb Code   156  main.o(.text)
    .text                                    0x08000f3c   Section        0  stm32f10x_it.o(.text)
    .text                                    0x08000f5c   Section        0  bsp_usart.o(.text)
    .text                                    0x080010b4   Section        0  bsp_ili9341_lcd.o(.text)
    .text                                    0x08001808   Section        0  lcd_init.o(.text)
    .text                                    0x08001a24   Section        0  delay.o(.text)
    .text                                    0x08001ad0   Section        0  process_data.o(.text)
    .text                                    0x08001ef4   Section        0  list.o(.text)
    .text                                    0x08001f7c   Section        0  tasks.o(.text)
    prvInitialiseTaskLists                   0x08001f7d   Thumb Code    74  tasks.o(.text)
    prvAddNewTaskToReadyList                 0x08001fc7   Thumb Code   124  tasks.o(.text)
    prvInitialiseNewTask                     0x08002043   Thumb Code   134  tasks.o(.text)
    prvResetNextTaskUnblockTime              0x08002129   Thumb Code    30  tasks.o(.text)
    prvDeleteTCB                             0x08002147   Thumb Code    20  tasks.o(.text)
    prvAddCurrentTaskToDelayedList           0x080023ad   Thumb Code   102  tasks.o(.text)
    prvTaskIsTaskSuspended                   0x08002741   Thumb Code    50  tasks.o(.text)
    prvCheckTasksWaitingTermination          0x0800287d   Thumb Code    76  tasks.o(.text)
    prvIdleTask                              0x080028c9   Thumb Code    30  tasks.o(.text)
    .text                                    0x08002f6c   Section        0  heap_4.o(.text)
    prvInsertBlockIntoFreeList               0x08002f6d   Thumb Code    78  heap_4.o(.text)
    prvHeapInit                              0x08002fbb   Thumb Code    68  heap_4.o(.text)
    .text                                    0x08003180   Section        0  port.o(.text)
    prvTaskExitError                         0x08003181   Thumb Code    34  port.o(.text)
    .text                                    0x0800336c   Section        0  fadd.o(.text)
    .text                                    0x0800341c   Section        0  fmul.o(.text)
    .text                                    0x08003480   Section        0  fscalb.o(.text)
    .text                                    0x08003498   Section        0  ffixi.o(.text)
    .text                                    0x080034ca   Section        0  ffixui.o(.text)
    .text                                    0x080034f4   Section       20  cfcmple.o(.text)
    .text                                    0x08003508   Section        0  uidiv.o(.text)
    .text                                    0x08003534   Section        0  fepilogue.o(.text)
    .text                                    0x08003534   Section        0  iusefp.o(.text)
    .text                                    0x080035a4   Section       36  init.o(.text)
    .text                                    0x080035c8   Section        0  __dclz77c.o(.text)
    i.__0printf$3                            0x08003628   Section        0  printf3.o(i.__0printf$3)
    i.__scatterload_copy                     0x08003648   Section       14  handlers.o(i.__scatterload_copy)
    i.__scatterload_null                     0x08003656   Section        2  handlers.o(i.__scatterload_null)
    i.__scatterload_zeroinit                 0x08003658   Section       14  handlers.o(i.__scatterload_zeroinit)
    i._printf_core                           0x08003668   Section        0  printf3.o(i._printf_core)
    _printf_core                             0x08003669   Thumb Code   436  printf3.o(i._printf_core)
    .constdata                               0x08003820   Section     8790  bsp_ili9341_lcd.o(.constdata)
    .data                                    0x20000000   Section       20  system_stm32f10x.o(.data)
    .data                                    0x20000014   Section       20  stm32f10x_rcc.o(.data)
    ADCPrescTable                            0x20000014   Data           4  stm32f10x_rcc.o(.data)
    APBAHBPrescTable                         0x20000018   Data          16  stm32f10x_rcc.o(.data)
    .data                                    0x20000028   Section       20  main.o(.data)
    AppTaskCreate_Handle                     0x2000002c   Data           4  main.o(.data)
    LCD_Task_Handle                          0x20000030   Data           4  main.o(.data)
    Test_Task_Handle                         0x20000034   Data           4  main.o(.data)
    .data                                    0x2000003c   Section        4  delay.o(.data)
    fac_us                                   0x2000003c   Data           1  delay.o(.data)
    fac_ms                                   0x2000003e   Data           2  delay.o(.data)
    .data                                    0x20000040   Section     5124  process_data.o(.data)
    .data                                    0x20001444   Section       60  tasks.o(.data)
    uxDeletedTasksWaitingCleanUp             0x20001448   Data           4  tasks.o(.data)
    uxCurrentNumberOfTasks                   0x2000144c   Data           4  tasks.o(.data)
    xTickCount                               0x20001450   Data           4  tasks.o(.data)
    uxTopReadyPriority                       0x20001454   Data           4  tasks.o(.data)
    xSchedulerRunning                        0x20001458   Data           4  tasks.o(.data)
    uxPendedTicks                            0x2000145c   Data           4  tasks.o(.data)
    xYieldPending                            0x20001460   Data           4  tasks.o(.data)
    xNumOfOverflows                          0x20001464   Data           4  tasks.o(.data)
    uxTaskNumber                             0x20001468   Data           4  tasks.o(.data)
    xNextTaskUnblockTime                     0x2000146c   Data           4  tasks.o(.data)
    xIdleTaskHandle                          0x20001470   Data           4  tasks.o(.data)
    uxSchedulerSuspended                     0x20001474   Data           4  tasks.o(.data)
    pxDelayedTaskList                        0x20001478   Data           4  tasks.o(.data)
    pxOverflowDelayedTaskList                0x2000147c   Data           4  tasks.o(.data)
    .data                                    0x20001480   Section       24  heap_4.o(.data)
    pxEnd                                    0x20001480   Data           4  heap_4.o(.data)
    xFreeBytesRemaining                      0x20001484   Data           4  heap_4.o(.data)
    xMinimumEverFreeBytesRemaining           0x20001488   Data           4  heap_4.o(.data)
    xBlockAllocatedBit                       0x2000148c   Data           4  heap_4.o(.data)
    xStart                                   0x20001490   Data           8  heap_4.o(.data)
    .data                                    0x20001498   Section       12  port.o(.data)
    ucMaxSysCallPriority                     0x20001498   Data           1  port.o(.data)
    uxCriticalNesting                        0x2000149c   Data           4  port.o(.data)
    ulMaxPRIGROUPValue                       0x200014a0   Data           4  port.o(.data)
    .data                                    0x200014a4   Section        4  stdout.o(.data)
    .bss                                     0x200014a8   Section     5120  process_data.o(.bss)
    .bss                                     0x200028a8   Section      740  tasks.o(.bss)
    pxReadyTasksLists                        0x200028a8   Data         640  tasks.o(.bss)
    xDelayedTaskList1                        0x20002b28   Data          20  tasks.o(.bss)
    xDelayedTaskList2                        0x20002b3c   Data          20  tasks.o(.bss)
    xPendingReadyList                        0x20002b50   Data          20  tasks.o(.bss)
    xTasksWaitingTermination                 0x20002b64   Data          20  tasks.o(.bss)
    xSuspendedTaskList                       0x20002b78   Data          20  tasks.o(.bss)
    .bss                                     0x20002b8c   Section    36864  heap_4.o(.bss)
    ucHeap                                   0x20002b8c   Data       36864  heap_4.o(.bss)
    STACK                                    0x2000bb90   Section     1024  startup_stm32f10x_hd.o(STACK)

    Global Symbols

    Symbol Name                              Value     Ov Type        Size  Object(Section)

    BuildAttributes$$THM_ISAv4$P$D$K$B$S$PE$A:L22UL41UL21$X:L11$S22US41US21$IEEE1$IW$USESV6$~STKCKD$USESV7$~SHL$OTIME$ROPI$EBA8$MICROLIB$REQ8$PRES8$EABIv2 0x00000000   Number         0  anon$$obj.o ABSOLUTE
    __ARM_use_no_argv                        0x00000000   Number         0  main.o ABSOLUTE
    _printf_a                                0x00000000   Number         0  stubs.o ABSOLUTE
    _printf_c                                0x00000000   Number         0  stubs.o ABSOLUTE
    _printf_charcount                        0x00000000   Number         0  stubs.o ABSOLUTE
    _printf_d                                0x00000000   Number         0  stubs.o ABSOLUTE
    _printf_e                                0x00000000   Number         0  stubs.o ABSOLUTE
    _printf_f                                0x00000000   Number         0  stubs.o ABSOLUTE
    _printf_flags                            0x00000000   Number         0  stubs.o ABSOLUTE
    _printf_fp_dec                           0x00000000   Number         0  stubs.o ABSOLUTE
    _printf_fp_hex                           0x00000000   Number         0  stubs.o ABSOLUTE
    _printf_g                                0x00000000   Number         0  stubs.o ABSOLUTE
    _printf_i                                0x00000000   Number         0  stubs.o ABSOLUTE
    _printf_int_dec                          0x00000000   Number         0  stubs.o ABSOLUTE
    _printf_l                                0x00000000   Number         0  stubs.o ABSOLUTE
    _printf_lc                               0x00000000   Number         0  stubs.o ABSOLUTE
    _printf_ll                               0x00000000   Number         0  stubs.o ABSOLUTE
    _printf_lld                              0x00000000   Number         0  stubs.o ABSOLUTE
    _printf_lli                              0x00000000   Number         0  stubs.o ABSOLUTE
    _printf_llo                              0x00000000   Number         0  stubs.o ABSOLUTE
    _printf_llu                              0x00000000   Number         0  stubs.o ABSOLUTE
    _printf_llx                              0x00000000   Number         0  stubs.o ABSOLUTE
    _printf_longlong_dec                     0x00000000   Number         0  stubs.o ABSOLUTE
    _printf_longlong_hex                     0x00000000   Number         0  stubs.o ABSOLUTE
    _printf_longlong_oct                     0x00000000   Number         0  stubs.o ABSOLUTE
    _printf_ls                               0x00000000   Number         0  stubs.o ABSOLUTE
    _printf_mbtowc                           0x00000000   Number         0  stubs.o ABSOLUTE
    _printf_n                                0x00000000   Number         0  stubs.o ABSOLUTE
    _printf_o                                0x00000000   Number         0  stubs.o ABSOLUTE
    _printf_p                                0x00000000   Number         0  stubs.o ABSOLUTE
    _printf_percent                          0x00000000   Number         0  stubs.o ABSOLUTE
    _printf_pre_padding                      0x00000000   Number         0  stubs.o ABSOLUTE
    _printf_return_value                     0x00000000   Number         0  stubs.o ABSOLUTE
    _printf_s                                0x00000000   Number         0  stubs.o ABSOLUTE
    _printf_sizespec                         0x00000000   Number         0  stubs.o ABSOLUTE
    _printf_str                              0x00000000   Number         0  stubs.o ABSOLUTE
    _printf_truncate_signed                  0x00000000   Number         0  stubs.o ABSOLUTE
    _printf_truncate_unsigned                0x00000000   Number         0  stubs.o ABSOLUTE
    _printf_u                                0x00000000   Number         0  stubs.o ABSOLUTE
    _printf_wc                               0x00000000   Number         0  stubs.o ABSOLUTE
    _printf_wctomb                           0x00000000   Number         0  stubs.o ABSOLUTE
    _printf_widthprec                        0x00000000   Number         0  stubs.o ABSOLUTE
    _printf_x                                0x00000000   Number         0  stubs.o ABSOLUTE
    __cpp_initialize__aeabi_                  - Undefined Weak Reference
    __cxa_finalize                            - Undefined Weak Reference
    _clock_init                               - Undefined Weak Reference
    _microlib_exit                            - Undefined Weak Reference
    __Vectors_Size                           0x00000130   Number         0  startup_stm32f10x_hd.o ABSOLUTE
    __Vectors                                0x08000000   Data           4  startup_stm32f10x_hd.o(RESET)
    __Vectors_End                            0x08000130   Data           0  startup_stm32f10x_hd.o(RESET)
    __main                                   0x08000131   Thumb Code     0  entry.o(.ARM.Collect$$$$00000000)
    _main_stk                                0x08000131   Thumb Code     0  entry2.o(.ARM.Collect$$$$00000001)
    _main_scatterload                        0x08000135   Thumb Code     0  entry5.o(.ARM.Collect$$$$00000004)
    __main_after_scatterload                 0x08000139   Thumb Code     0  entry5.o(.ARM.Collect$$$$00000004)
    _main_clock                              0x08000139   Thumb Code     0  entry7b.o(.ARM.Collect$$$$00000008)
    _main_cpp_init                           0x08000139   Thumb Code     0  entry8b.o(.ARM.Collect$$$$0000000A)
    _main_init                               0x08000139   Thumb Code     0  entry9a.o(.ARM.Collect$$$$0000000B)
    __rt_final_cpp                           0x08000141   Thumb Code     0  entry10a.o(.ARM.Collect$$$$0000000D)
    __rt_final_exit                          0x08000141   Thumb Code     0  entry11a.o(.ARM.Collect$$$$0000000F)
    SVC_Handler                              0x08000145   Thumb Code    32  port.o(.emb_text)
    __asm___6_port_c_39a90d8d__prvStartFirstTask 0x08000169   Thumb Code    28  port.o(.emb_text)
    PendSV_Handler                           0x08000189   Thumb Code    72  port.o(.emb_text)
    vPortGetIPSR                             0x080001d5   Thumb Code     6  port.o(.emb_text)
    Reset_Handler                            0x080001dd   Thumb Code     8  startup_stm32f10x_hd.o(.text)
    ADC1_2_IRQHandler                        0x080001f7   Thumb Code     0  startup_stm32f10x_hd.o(.text)
    ADC3_IRQHandler                          0x080001f7   Thumb Code     0  startup_stm32f10x_hd.o(.text)
    CAN1_RX1_IRQHandler                      0x080001f7   Thumb Code     0  startup_stm32f10x_hd.o(.text)
    CAN1_SCE_IRQHandler                      0x080001f7   Thumb Code     0  startup_stm32f10x_hd.o(.text)
    DMA1_Channel1_IRQHandler                 0x080001f7   Thumb Code     0  startup_stm32f10x_hd.o(.text)
    DMA1_Channel2_IRQHandler                 0x080001f7   Thumb Code     0  startup_stm32f10x_hd.o(.text)
    DMA1_Channel3_IRQHandler                 0x080001f7   Thumb Code     0  startup_stm32f10x_hd.o(.text)
    DMA1_Channel4_IRQHandler                 0x080001f7   Thumb Code     0  startup_stm32f10x_hd.o(.text)
    DMA1_Channel5_IRQHandler                 0x080001f7   Thumb Code     0  startup_stm32f10x_hd.o(.text)
    DMA1_Channel6_IRQHandler                 0x080001f7   Thumb Code     0  startup_stm32f10x_hd.o(.text)
    DMA1_Channel7_IRQHandler                 0x080001f7   Thumb Code     0  startup_stm32f10x_hd.o(.text)
    DMA2_Channel1_IRQHandler                 0x080001f7   Thumb Code     0  startup_stm32f10x_hd.o(.text)
    DMA2_Channel2_IRQHandler                 0x080001f7   Thumb Code     0  startup_stm32f10x_hd.o(.text)
    DMA2_Channel3_IRQHandler                 0x080001f7   Thumb Code     0  startup_stm32f10x_hd.o(.text)
    DMA2_Channel4_5_IRQHandler               0x080001f7   Thumb Code     0  startup_stm32f10x_hd.o(.text)
    EXTI0_IRQHandler                         0x080001f7   Thumb Code     0  startup_stm32f10x_hd.o(.text)
    EXTI15_10_IRQHandler                     0x080001f7   Thumb Code     0  startup_stm32f10x_hd.o(.text)
    EXTI1_IRQHandler                         0x080001f7   Thumb Code     0  startup_stm32f10x_hd.o(.text)
    EXTI2_IRQHandler                         0x080001f7   Thumb Code     0  startup_stm32f10x_hd.o(.text)
    EXTI3_IRQHandler                         0x080001f7   Thumb Code     0  startup_stm32f10x_hd.o(.text)
    EXTI4_IRQHandler                         0x080001f7   Thumb Code     0  startup_stm32f10x_hd.o(.text)
    EXTI9_5_IRQHandler                       0x080001f7   Thumb Code     0  startup_stm32f10x_hd.o(.text)
    FLASH_IRQHandler                         0x080001f7   Thumb Code     0  startup_stm32f10x_hd.o(.text)
    FSMC_IRQHandler                          0x080001f7   Thumb Code     0  startup_stm32f10x_hd.o(.text)
    I2C1_ER_IRQHandler                       0x080001f7   Thumb Code     0  startup_stm32f10x_hd.o(.text)
    I2C1_EV_IRQHandler                       0x080001f7   Thumb Code     0  startup_stm32f10x_hd.o(.text)
    I2C2_ER_IRQHandler                       0x080001f7   Thumb Code     0  startup_stm32f10x_hd.o(.text)
    I2C2_EV_IRQHandler                       0x080001f7   Thumb Code     0  startup_stm32f10x_hd.o(.text)
    PVD_IRQHandler                           0x080001f7   Thumb Code     0  startup_stm32f10x_hd.o(.text)
    RCC_IRQHandler                           0x080001f7   Thumb Code     0  startup_stm32f10x_hd.o(.text)
    RTCAlarm_IRQHandler                      0x080001f7   Thumb Code     0  startup_stm32f10x_hd.o(.text)
    RTC_IRQHandler                           0x080001f7   Thumb Code     0  startup_stm32f10x_hd.o(.text)
    SDIO_IRQHandler                          0x080001f7   Thumb Code     0  startup_stm32f10x_hd.o(.text)
    SPI1_IRQHandler                          0x080001f7   Thumb Code     0  startup_stm32f10x_hd.o(.text)
    SPI2_IRQHandler                          0x080001f7   Thumb Code     0  startup_stm32f10x_hd.o(.text)
    SPI3_IRQHandler                          0x080001f7   Thumb Code     0  startup_stm32f10x_hd.o(.text)
    TAMPER_IRQHandler                        0x080001f7   Thumb Code     0  startup_stm32f10x_hd.o(.text)
    TIM1_BRK_IRQHandler                      0x080001f7   Thumb Code     0  startup_stm32f10x_hd.o(.text)
    TIM1_CC_IRQHandler                       0x080001f7   Thumb Code     0  startup_stm32f10x_hd.o(.text)
    TIM1_TRG_COM_IRQHandler                  0x080001f7   Thumb Code     0  startup_stm32f10x_hd.o(.text)
    TIM1_UP_IRQHandler                       0x080001f7   Thumb Code     0  startup_stm32f10x_hd.o(.text)
    TIM2_IRQHandler                          0x080001f7   Thumb Code     0  startup_stm32f10x_hd.o(.text)
    TIM3_IRQHandler                          0x080001f7   Thumb Code     0  startup_stm32f10x_hd.o(.text)
    TIM4_IRQHandler                          0x080001f7   Thumb Code     0  startup_stm32f10x_hd.o(.text)
    TIM5_IRQHandler                          0x080001f7   Thumb Code     0  startup_stm32f10x_hd.o(.text)
    TIM6_IRQHandler                          0x080001f7   Thumb Code     0  startup_stm32f10x_hd.o(.text)
    TIM7_IRQHandler                          0x080001f7   Thumb Code     0  startup_stm32f10x_hd.o(.text)
    TIM8_BRK_IRQHandler                      0x080001f7   Thumb Code     0  startup_stm32f10x_hd.o(.text)
    TIM8_CC_IRQHandler                       0x080001f7   Thumb Code     0  startup_stm32f10x_hd.o(.text)
    TIM8_TRG_COM_IRQHandler                  0x080001f7   Thumb Code     0  startup_stm32f10x_hd.o(.text)
    TIM8_UP_IRQHandler                       0x080001f7   Thumb Code     0  startup_stm32f10x_hd.o(.text)
    UART4_IRQHandler                         0x080001f7   Thumb Code     0  startup_stm32f10x_hd.o(.text)
    UART5_IRQHandler                         0x080001f7   Thumb Code     0  startup_stm32f10x_hd.o(.text)
    USART1_IRQHandler                        0x080001f7   Thumb Code     0  startup_stm32f10x_hd.o(.text)
    USART2_IRQHandler                        0x080001f7   Thumb Code     0  startup_stm32f10x_hd.o(.text)
    USART3_IRQHandler                        0x080001f7   Thumb Code     0  startup_stm32f10x_hd.o(.text)
    USBWakeUp_IRQHandler                     0x080001f7   Thumb Code     0  startup_stm32f10x_hd.o(.text)
    USB_HP_CAN1_TX_IRQHandler                0x080001f7   Thumb Code     0  startup_stm32f10x_hd.o(.text)
    USB_LP_CAN1_RX0_IRQHandler               0x080001f7   Thumb Code     0  startup_stm32f10x_hd.o(.text)
    WWDG_IRQHandler                          0x080001f7   Thumb Code     0  startup_stm32f10x_hd.o(.text)
    SystemInit                               0x080002a9   Thumb Code    64  system_stm32f10x.o(.text)
    SystemCoreClockUpdate                    0x080002e9   Thumb Code   106  system_stm32f10x.o(.text)
    NVIC_PriorityGroupConfig                 0x08000375   Thumb Code    10  misc.o(.text)
    NVIC_Init                                0x0800037f   Thumb Code    96  misc.o(.text)
    NVIC_SetVectorTable                      0x080003df   Thumb Code    14  misc.o(.text)
    NVIC_SystemLPConfig                      0x080003ed   Thumb Code    24  misc.o(.text)
    SysTick_CLKSourceConfig                  0x08000405   Thumb Code    28  misc.o(.text)
    GPIO_DeInit                              0x0800042d   Thumb Code   188  stm32f10x_gpio.o(.text)
    GPIO_AFIODeInit                          0x080004e9   Thumb Code    22  stm32f10x_gpio.o(.text)
    GPIO_Init                                0x080004ff   Thumb Code   166  stm32f10x_gpio.o(.text)
    GPIO_StructInit                          0x080005a5   Thumb Code    16  stm32f10x_gpio.o(.text)
    GPIO_ReadInputDataBit                    0x080005b5   Thumb Code    14  stm32f10x_gpio.o(.text)
    GPIO_ReadInputData                       0x080005c3   Thumb Code     6  stm32f10x_gpio.o(.text)
    GPIO_ReadOutputDataBit                   0x080005c9   Thumb Code    14  stm32f10x_gpio.o(.text)
    GPIO_ReadOutputData                      0x080005d7   Thumb Code     6  stm32f10x_gpio.o(.text)
    GPIO_SetBits                             0x080005dd   Thumb Code     4  stm32f10x_gpio.o(.text)
    GPIO_ResetBits                           0x080005e1   Thumb Code     4  stm32f10x_gpio.o(.text)
    GPIO_WriteBit                            0x080005e5   Thumb Code    12  stm32f10x_gpio.o(.text)
    GPIO_Write                               0x080005f1   Thumb Code     4  stm32f10x_gpio.o(.text)
    GPIO_PinLockConfig                       0x080005f5   Thumb Code    16  stm32f10x_gpio.o(.text)
    GPIO_EventOutputConfig                   0x08000605   Thumb Code    22  stm32f10x_gpio.o(.text)
    GPIO_EventOutputCmd                      0x0800061b   Thumb Code     6  stm32f10x_gpio.o(.text)
    GPIO_PinRemapConfig                      0x08000621   Thumb Code    86  stm32f10x_gpio.o(.text)
    GPIO_EXTILineConfig                      0x08000677   Thumb Code    34  stm32f10x_gpio.o(.text)
    GPIO_ETH_MediaInterfaceConfig            0x08000699   Thumb Code     8  stm32f10x_gpio.o(.text)
    RCC_DeInit                               0x080006c5   Thumb Code    50  stm32f10x_rcc.o(.text)
    RCC_HSEConfig                            0x080006f7   Thumb Code    50  stm32f10x_rcc.o(.text)
    RCC_GetFlagStatus                        0x08000729   Thumb Code    42  stm32f10x_rcc.o(.text)
    RCC_WaitForHSEStartUp                    0x08000753   Thumb Code    48  stm32f10x_rcc.o(.text)
    RCC_AdjustHSICalibrationValue            0x08000783   Thumb Code    16  stm32f10x_rcc.o(.text)
    RCC_HSICmd                               0x08000793   Thumb Code     6  stm32f10x_rcc.o(.text)
    RCC_PLLConfig                            0x08000799   Thumb Code    16  stm32f10x_rcc.o(.text)
    RCC_PLLCmd                               0x080007a9   Thumb Code     6  stm32f10x_rcc.o(.text)
    RCC_SYSCLKConfig                         0x080007af   Thumb Code    14  stm32f10x_rcc.o(.text)
    RCC_GetSYSCLKSource                      0x080007bd   Thumb Code    10  stm32f10x_rcc.o(.text)
    RCC_HCLKConfig                           0x080007c7   Thumb Code    14  stm32f10x_rcc.o(.text)
    RCC_PCLK1Config                          0x080007d5   Thumb Code    14  stm32f10x_rcc.o(.text)
    RCC_PCLK2Config                          0x080007e3   Thumb Code    16  stm32f10x_rcc.o(.text)
    RCC_ITConfig                             0x080007f3   Thumb Code    22  stm32f10x_rcc.o(.text)
    RCC_USBCLKConfig                         0x08000809   Thumb Code     8  stm32f10x_rcc.o(.text)
    RCC_ADCCLKConfig                         0x08000811   Thumb Code    14  stm32f10x_rcc.o(.text)
    RCC_LSEConfig                            0x0800081f   Thumb Code    36  stm32f10x_rcc.o(.text)
    RCC_LSICmd                               0x08000843   Thumb Code     6  stm32f10x_rcc.o(.text)
    RCC_RTCCLKConfig                         0x08000849   Thumb Code    10  stm32f10x_rcc.o(.text)
    RCC_RTCCLKCmd                            0x08000853   Thumb Code     8  stm32f10x_rcc.o(.text)
    RCC_GetClocksFreq                        0x0800085b   Thumb Code   154  stm32f10x_rcc.o(.text)
    RCC_AHBPeriphClockCmd                    0x080008f5   Thumb Code    22  stm32f10x_rcc.o(.text)
    RCC_APB2PeriphClockCmd                   0x0800090b   Thumb Code    22  stm32f10x_rcc.o(.text)
    RCC_APB1PeriphClockCmd                   0x08000921   Thumb Code    22  stm32f10x_rcc.o(.text)
    RCC_APB2PeriphResetCmd                   0x08000937   Thumb Code    22  stm32f10x_rcc.o(.text)
    RCC_APB1PeriphResetCmd                   0x0800094d   Thumb Code    22  stm32f10x_rcc.o(.text)
    RCC_BackupResetCmd                       0x08000963   Thumb Code     8  stm32f10x_rcc.o(.text)
    RCC_ClockSecuritySystemCmd               0x0800096b   Thumb Code     6  stm32f10x_rcc.o(.text)
    RCC_MCOConfig                            0x08000971   Thumb Code     6  stm32f10x_rcc.o(.text)
    RCC_ClearFlag                            0x08000977   Thumb Code    12  stm32f10x_rcc.o(.text)
    RCC_GetITStatus                          0x08000983   Thumb Code    16  stm32f10x_rcc.o(.text)
    RCC_ClearITPendingBit                    0x08000993   Thumb Code     6  stm32f10x_rcc.o(.text)
    USART_DeInit                             0x080009b9   Thumb Code   144  stm32f10x_usart.o(.text)
    USART_Init                               0x08000a49   Thumb Code   182  stm32f10x_usart.o(.text)
    USART_StructInit                         0x08000aff   Thumb Code    22  stm32f10x_usart.o(.text)
    USART_ClockInit                          0x08000b15   Thumb Code    30  stm32f10x_usart.o(.text)
    USART_ClockStructInit                    0x08000b33   Thumb Code    12  stm32f10x_usart.o(.text)
    USART_Cmd                                0x08000b3f   Thumb Code    24  stm32f10x_usart.o(.text)
    USART_ITConfig                           0x08000b57   Thumb Code    54  stm32f10x_usart.o(.text)
    USART_DMACmd                             0x08000b8d   Thumb Code    20  stm32f10x_usart.o(.text)
    USART_SetAddress                         0x08000ba1   Thumb Code    16  stm32f10x_usart.o(.text)
    USART_WakeUpConfig                       0x08000bb1   Thumb Code    16  stm32f10x_usart.o(.text)
    USART_ReceiverWakeUpCmd                  0x08000bc1   Thumb Code    24  stm32f10x_usart.o(.text)
    USART_LINBreakDetectLengthConfig         0x08000bd9   Thumb Code    16  stm32f10x_usart.o(.text)
    USART_LINCmd                             0x08000be9   Thumb Code    24  stm32f10x_usart.o(.text)
    USART_SendData                           0x08000c01   Thumb Code     8  stm32f10x_usart.o(.text)
    USART_ReceiveData                        0x08000c09   Thumb Code     8  stm32f10x_usart.o(.text)
    USART_SendBreak                          0x08000c11   Thumb Code    10  stm32f10x_usart.o(.text)
    USART_SetGuardTime                       0x08000c1b   Thumb Code    16  stm32f10x_usart.o(.text)
    USART_SetPrescaler                       0x08000c2b   Thumb Code    16  stm32f10x_usart.o(.text)
    USART_SmartCardCmd                       0x08000c3b   Thumb Code    24  stm32f10x_usart.o(.text)
    USART_SmartCardNACKCmd                   0x08000c53   Thumb Code    24  stm32f10x_usart.o(.text)
    USART_HalfDuplexCmd                      0x08000c6b   Thumb Code    24  stm32f10x_usart.o(.text)
    USART_OverSampling8Cmd                   0x08000c83   Thumb Code    24  stm32f10x_usart.o(.text)
    USART_OneBitMethodCmd                    0x08000c9b   Thumb Code    24  stm32f10x_usart.o(.text)
    USART_IrDAConfig                         0x08000cb3   Thumb Code    16  stm32f10x_usart.o(.text)
    USART_IrDACmd                            0x08000cc3   Thumb Code    24  stm32f10x_usart.o(.text)
    USART_GetFlagStatus                      0x08000cdb   Thumb Code    14  stm32f10x_usart.o(.text)
    USART_ClearFlag                          0x08000ce9   Thumb Code     8  stm32f10x_usart.o(.text)
    USART_GetITStatus                        0x08000cf1   Thumb Code    64  stm32f10x_usart.o(.text)
    USART_ClearITPendingBit                  0x08000d31   Thumb Code    16  stm32f10x_usart.o(.text)
    main                                     0x08000eb9   Thumb Code    44  main.o(.text)
    NMI_Handler                              0x08000f3d   Thumb Code     2  stm32f10x_it.o(.text)
    HardFault_Handler                        0x08000f3f   Thumb Code     2  stm32f10x_it.o(.text)
    MemManage_Handler                        0x08000f41   Thumb Code     2  stm32f10x_it.o(.text)
    BusFault_Handler                         0x08000f43   Thumb Code     2  stm32f10x_it.o(.text)
    UsageFault_Handler                       0x08000f45   Thumb Code     2  stm32f10x_it.o(.text)
    DebugMon_Handler                         0x08000f47   Thumb Code     2  stm32f10x_it.o(.text)
    SysTick_Handler                          0x08000f49   Thumb Code    20  stm32f10x_it.o(.text)
    USART_Config                             0x08000f5d   Thumb Code   122  bsp_usart.o(.text)
    Usart_SendByte                           0x08000fd7   Thumb Code    24  bsp_usart.o(.text)
    Usart_SendArray                          0x08000fef   Thumb Code    46  bsp_usart.o(.text)
    Usart_SendString                         0x0800101d   Thumb Code    38  bsp_usart.o(.text)
    Usart_SendHalfWord                       0x08001043   Thumb Code    50  bsp_usart.o(.text)
    fputc                                    0x08001075   Thumb Code    30  bsp_usart.o(.text)
    fgetc                                    0x08001093   Thumb Code    26  bsp_usart.o(.text)
    LCD_Fill                                 0x080010b5   Thumb Code    64  bsp_ili9341_lcd.o(.text)
    LCD_DrawPoint                            0x080010f5   Thumb Code    22  bsp_ili9341_lcd.o(.text)
    LCD_DrawLine                             0x0800110b   Thumb Code   154  bsp_ili9341_lcd.o(.text)
    LCD_DrawRectangle                        0x080011a5   Thumb Code    74  bsp_ili9341_lcd.o(.text)
    Draw_Circle                              0x080011ef   Thumb Code   188  bsp_ili9341_lcd.o(.text)
    LCD_ShowChinese32x32                     0x080012ab   Thumb Code   212  bsp_ili9341_lcd.o(.text)
    LCD_ShowChinese24x24                     0x0800137f   Thumb Code   214  bsp_ili9341_lcd.o(.text)
    LCD_ShowChinese16x16                     0x08001455   Thumb Code   212  bsp_ili9341_lcd.o(.text)
    LCD_ShowChinese                          0x08001529   Thumb Code   108  bsp_ili9341_lcd.o(.text)
    LCD_ShowChar                             0x08001595   Thumb Code   188  bsp_ili9341_lcd.o(.text)
    LCD_ShowString                           0x08001651   Thumb Code    52  bsp_ili9341_lcd.o(.text)
    mypow                                    0x08001685   Thumb Code    16  bsp_ili9341_lcd.o(.text)
    LCD_ShowIntNum                           0x08001695   Thumb Code   146  bsp_ili9341_lcd.o(.text)
    LCD_ShowFloatNum1                        0x08001727   Thumb Code   140  bsp_ili9341_lcd.o(.text)
    LCD_ShowPicture                          0x080017b3   Thumb Code    80  bsp_ili9341_lcd.o(.text)
    LCD_GPIO_Init                            0x08001809   Thumb Code    74  lcd_init.o(.text)
    LCD_Writ_Bus                             0x08001853   Thumb Code    92  lcd_init.o(.text)
    LCD_WR_DATA8                             0x080018af   Thumb Code     2  lcd_init.o(.text)
    LCD_WR_DATA                              0x080018b1   Thumb Code    18  lcd_init.o(.text)
    LCD_WR_REG                               0x080018c3   Thumb Code    32  lcd_init.o(.text)
    LCD_Address_Set                          0x080018e3   Thumb Code    50  lcd_init.o(.text)
    LCD_Init                                 0x08001915   Thumb Code   264  lcd_init.o(.text)
    delay_init                               0x08001a25   Thumb Code    62  delay.o(.text)
    delay_us                                 0x08001a63   Thumb Code    50  delay.o(.text)
    delay_ms                                 0x08001a95   Thumb Code    48  delay.o(.text)
    ChooseColour                             0x08001ad1   Thumb Code    60  process_data.o(.text)
    ShowSquare                               0x08001b0d   Thumb Code    50  process_data.o(.text)
    Show_MaxTemperture                       0x08001b3f   Thumb Code   110  process_data.o(.text)
    Process_Data                             0x08001bad   Thumb Code   554  process_data.o(.text)
    ShowImg                                  0x08001dd7   Thumb Code   118  process_data.o(.text)
    Mov_motor                                0x08001e4d   Thumb Code   168  process_data.o(.text)
    vListInitialise                          0x08001ef5   Thumb Code    22  list.o(.text)
    vListInitialiseItem                      0x08001f0b   Thumb Code     6  list.o(.text)
    vListInsertEnd                           0x08001f11   Thumb Code    24  list.o(.text)
    vListInsert                              0x08001f29   Thumb Code    48  list.o(.text)
    uxListRemove                             0x08001f59   Thumb Code    36  list.o(.text)
    xTaskCreate                              0x080020c9   Thumb Code    96  tasks.o(.text)
    vTaskDelete                              0x0800215b   Thumb Code   154  tasks.o(.text)
    xTaskIncrementTick                       0x080021f5   Thumb Code   192  tasks.o(.text)
    xTaskResumeAll                           0x080022b5   Thumb Code   248  tasks.o(.text)
    vTaskSuspendAll                          0x08002413   Thumb Code    10  tasks.o(.text)
    vTaskDelayUntil                          0x0800241d   Thumb Code   144  tasks.o(.text)
    vTaskDelay                               0x080024ad   Thumb Code    70  tasks.o(.text)
    eTaskGetState                            0x080024f3   Thumb Code    98  tasks.o(.text)
    uxTaskPriorityGet                        0x08002555   Thumb Code    24  tasks.o(.text)
    uxTaskPriorityGetFromISR                 0x0800256d   Thumb Code    40  tasks.o(.text)
    vTaskPrioritySet                         0x08002595   Thumb Code   184  tasks.o(.text)
    vTaskSwitchContext                       0x0800264d   Thumb Code    88  tasks.o(.text)
    vTaskSuspend                             0x080026a5   Thumb Code   156  tasks.o(.text)
    vTaskResume                              0x08002773   Thumb Code   136  tasks.o(.text)
    xTaskResumeFromISR                       0x080027fb   Thumb Code   130  tasks.o(.text)
    vTaskStartScheduler                      0x080028e7   Thumb Code    92  tasks.o(.text)
    vTaskEndScheduler                        0x08002943   Thumb Code    24  tasks.o(.text)
    xTaskGetTickCount                        0x0800295b   Thumb Code     6  tasks.o(.text)
    xTaskGetTickCountFromISR                 0x08002961   Thumb Code    12  tasks.o(.text)
    uxTaskGetNumberOfTasks                   0x0800296d   Thumb Code     6  tasks.o(.text)
    pcTaskGetName                            0x08002973   Thumb Code    40  tasks.o(.text)
    vTaskPlaceOnEventList                    0x0800299b   Thumb Code    48  tasks.o(.text)
    vTaskPlaceOnUnorderedEventList           0x080029cb   Thumb Code    80  tasks.o(.text)
    xTaskRemoveFromEventList                 0x08002a1b   Thumb Code   110  tasks.o(.text)
    xTaskRemoveFromUnorderedEventList        0x08002a89   Thumb Code   118  tasks.o(.text)
    vTaskSetTimeOutState                     0x08002aff   Thumb Code    36  tasks.o(.text)
    xTaskCheckForTimeOut                     0x08002b23   Thumb Code   112  tasks.o(.text)
    vTaskMissedYield                         0x08002b93   Thumb Code     8  tasks.o(.text)
    xTaskGetSchedulerState                   0x08002b9b   Thumb Code    54  tasks.o(.text)
    uxTaskResetEventItemValue                0x08002bd1   Thumb Code    20  tasks.o(.text)
    ulTaskNotifyTake                         0x08002be5   Thumb Code    96  tasks.o(.text)
    xTaskNotifyWait                          0x08002c45   Thumb Code   134  tasks.o(.text)
    xTaskGenericNotify                       0x08002ccb   Thumb Code   194  tasks.o(.text)
    xTaskGenericNotifyFromISR                0x08002d8d   Thumb Code   242  tasks.o(.text)
    vTaskNotifyGiveFromISR                   0x08002e7f   Thumb Code   174  tasks.o(.text)
    xTaskNotifyStateClear                    0x08002f2d   Thumb Code    46  tasks.o(.text)
    pvPortMalloc                             0x08002fff   Thumb Code   206  heap_4.o(.text)
    vPortFree                                0x080030cd   Thumb Code    96  heap_4.o(.text)
    xPortGetFreeHeapSize                     0x0800312d   Thumb Code     8  heap_4.o(.text)
    xPortGetMinimumEverFreeHeapSize          0x08003135   Thumb Code     8  heap_4.o(.text)
    vPortInitialiseBlocks                    0x0800313d   Thumb Code     2  heap_4.o(.text)
    pxPortInitialiseStack                    0x080031a3   Thumb Code    24  port.o(.text)
    vPortSetupTimerInterrupt                 0x080031bb   Thumb Code    26  port.o(.text)
    xPortStartScheduler                      0x080031d5   Thumb Code   104  port.o(.text)
    vPortEndScheduler                        0x0800323d   Thumb Code    24  port.o(.text)
    vPortEnterCritical                       0x08003255   Thumb Code    52  port.o(.text)
    vPortExitCritical                        0x08003289   Thumb Code    38  port.o(.text)
    xPortSysTickHandler                      0x080032af   Thumb Code    40  port.o(.text)
    vPortValidateInterruptPriority           0x080032d7   Thumb Code    72  port.o(.text)
    __aeabi_fadd                             0x0800336d   Thumb Code   164  fadd.o(.text)
    __aeabi_fsub                             0x08003411   Thumb Code     6  fadd.o(.text)
    __aeabi_frsub                            0x08003417   Thumb Code     6  fadd.o(.text)
    __aeabi_fmul                             0x0800341d   Thumb Code   100  fmul.o(.text)
    __ARM_scalbnf                            0x08003481   Thumb Code    24  fscalb.o(.text)
    scalbnf                                  0x08003481   Thumb Code     0  fscalb.o(.text)
    __aeabi_f2iz                             0x08003499   Thumb Code    50  ffixi.o(.text)
    __aeabi_f2uiz                            0x080034cb   Thumb Code    40  ffixui.o(.text)
    __aeabi_cfcmpeq                          0x080034f5   Thumb Code     0  cfcmple.o(.text)
    __aeabi_cfcmple                          0x080034f5   Thumb Code    20  cfcmple.o(.text)
    __aeabi_uidiv                            0x08003509   Thumb Code     0  uidiv.o(.text)
    __aeabi_uidivmod                         0x08003509   Thumb Code    44  uidiv.o(.text)
    __I$use$fp                               0x08003535   Thumb Code     0  iusefp.o(.text)
    _float_round                             0x08003535   Thumb Code    18  fepilogue.o(.text)
    _float_epilogue                          0x08003547   Thumb Code    92  fepilogue.o(.text)
    __scatterload                            0x080035a5   Thumb Code    28  init.o(.text)
    __scatterload_rt2                        0x080035a5   Thumb Code     0  init.o(.text)
    __decompress                             0x080035c9   Thumb Code     0  __dclz77c.o(.text)
    __decompress2                            0x080035c9   Thumb Code    94  __dclz77c.o(.text)
    __0printf$3                              0x08003629   Thumb Code    22  printf3.o(i.__0printf$3)
    __1printf$3                              0x08003629   Thumb Code     0  printf3.o(i.__0printf$3)
    __2printf                                0x08003629   Thumb Code     0  printf3.o(i.__0printf$3)
    __scatterload_copy                       0x08003649   Thumb Code    14  handlers.o(i.__scatterload_copy)
    __scatterload_null                       0x08003657   Thumb Code     2  handlers.o(i.__scatterload_null)
    __scatterload_zeroinit                   0x08003659   Thumb Code    14  handlers.o(i.__scatterload_zeroinit)
    ascii_1608                               0x08003820   Data        1520  bsp_ili9341_lcd.o(.constdata)
    ascii_3216                               0x08003e10   Data        6080  bsp_ili9341_lcd.o(.constdata)
    tfont16                                  0x080055d0   Data         170  bsp_ili9341_lcd.o(.constdata)
    tfont24                                  0x0800567a   Data         370  bsp_ili9341_lcd.o(.constdata)
    tfont32                                  0x080057ec   Data         650  bsp_ili9341_lcd.o(.constdata)
    Region$$Table$$Base                      0x08005a78   Number         0  anon$$obj.o(Region$$Table)
    Region$$Table$$Limit                     0x08005a98   Number         0  anon$$obj.o(Region$$Table)
    SystemCoreClock                          0x20000000   Data           4  system_stm32f10x.o(.data)
    AHBPrescTable                            0x20000004   Data          16  system_stm32f10x.o(.data)
    flag                                     0x20000028   Data           1  main.o(.data)
    i                                        0x20000038   Data           4  main.o(.data)
    OSRunning                                0x2000003d   Data           1  delay.o(.data)
    t                                        0x20000040   Data           4  process_data.o(.data)
    Raw_Data_1                               0x20000044   Data        5120  process_data.o(.data)
    pxCurrentTCB                             0x20001444   Data           4  tasks.o(.data)
    __stdout                                 0x200014a4   Data           4  stdout.o(.data)
    Processed_Data_16x16                     0x200014a8   Data        1024  process_data.o(.bss)
    Processed_Data_32x32                     0x200018a8   Data        4096  process_data.o(.bss)
    __initial_sp                             0x2000bf90   Data           0  startup_stm32f10x_hd.o(STACK)



==============================================================================

Memory Map of the image

  Image Entry point : 0x08000131

  Load Region LR_IROM1 (Base: 0x08000000, Size: 0x00006f40, Max: 0x00040000, ABSOLUTE, COMPRESSED[0x00005bc4])

    Execution Region ER_IROM1 (Base: 0x08000000, Size: 0x00005a98, Max: 0x00040000, ABSOLUTE)

    Base Addr    Size         Type   Attr      Idx    E Section Name        Object

    0x08000000   0x00000130   Data   RO            3    RESET               startup_stm32f10x_hd.o
    0x08000130   0x00000000   Code   RO          772  * .ARM.Collect$$$$00000000  mc_w.l(entry.o)
    0x08000130   0x00000004   Code   RO         1052    .ARM.Collect$$$$00000001  mc_w.l(entry2.o)
    0x08000134   0x00000004   Code   RO         1055    .ARM.Collect$$$$00000004  mc_w.l(entry5.o)
    0x08000138   0x00000000   Code   RO         1057    .ARM.Collect$$$$00000008  mc_w.l(entry7b.o)
    0x08000138   0x00000000   Code   RO         1059    .ARM.Collect$$$$0000000A  mc_w.l(entry8b.o)
    0x08000138   0x00000008   Code   RO         1060    .ARM.Collect$$$$0000000B  mc_w.l(entry9a.o)
    0x08000140   0x00000000   Code   RO         1062    .ARM.Collect$$$$0000000D  mc_w.l(entry10a.o)
    0x08000140   0x00000000   Code   RO         1064    .ARM.Collect$$$$0000000F  mc_w.l(entry11a.o)
    0x08000140   0x00000004   Code   RO         1053    .ARM.Collect$$$$00002712  mc_w.l(entry2.o)
    0x08000144   0x00000096   Code   RO          742    .emb_text           port.o
    0x080001da   0x00000002   PAD
    0x080001dc   0x00000024   Code   RO            4    .text               startup_stm32f10x_hd.o
    0x08000200   0x00000174   Code   RO           24    .text               system_stm32f10x.o
    0x08000374   0x000000b8   Code   RO          121    .text               misc.o
    0x0800042c   0x00000298   Code   RO          269    .text               stm32f10x_gpio.o
    0x080006c4   0x000002f4   Code   RO          317    .text               stm32f10x_rcc.o
    0x080009b8   0x0000039c   Code   RO          379    .text               stm32f10x_usart.o
    0x08000d54   0x000001e8   Code   RO          403    .text               main.o
    0x08000f3c   0x00000020   Code   RO          476    .text               stm32f10x_it.o
    0x08000f5c   0x00000158   Code   RO          503    .text               bsp_usart.o
    0x080010b4   0x00000754   Code   RO          519    .text               bsp_ili9341_lcd.o
    0x08001808   0x0000021c   Code   RO          549    .text               lcd_init.o
    0x08001a24   0x000000ac   Code   RO          564    .text               delay.o
    0x08001ad0   0x00000424   Code   RO          582    .text               process_data.o
    0x08001ef4   0x00000088   Code   RO          657    .text               list.o
    0x08001f7c   0x00000ff0   Code   RO          690    .text               tasks.o
    0x08002f6c   0x00000214   Code   RO          727    .text               heap_4.o
    0x08003180   0x000001ec   Code   RO          743    .text               port.o
    0x0800336c   0x000000b0   Code   RO         1040    .text               mf_w.l(fadd.o)
    0x0800341c   0x00000064   Code   RO         1042    .text               mf_w.l(fmul.o)
    0x08003480   0x00000018   Code   RO         1044    .text               mf_w.l(fscalb.o)
    0x08003498   0x00000032   Code   RO         1046    .text               mf_w.l(ffixi.o)
    0x080034ca   0x00000028   Code   RO         1048    .text               mf_w.l(ffixui.o)
    0x080034f2   0x00000002   PAD
    0x080034f4   0x00000014   Code   RO         1050    .text               mf_w.l(cfcmple.o)
    0x08003508   0x0000002c   Code   RO         1067    .text               mc_w.l(uidiv.o)
    0x08003534   0x00000000   Code   RO         1071    .text               mc_w.l(iusefp.o)
    0x08003534   0x0000006e   Code   RO         1072    .text               mf_w.l(fepilogue.o)
    0x080035a2   0x00000002   PAD
    0x080035a4   0x00000024   Code   RO         1084    .text               mc_w.l(init.o)
    0x080035c8   0x0000005e   Code   RO         1102    .text               mc_w.l(__dclz77c.o)
    0x08003626   0x00000002   PAD
    0x08003628   0x00000020   Code   RO          868    i.__0printf$3       mc_w.l(printf3.o)
    0x08003648   0x0000000e   Code   RO         1096    i.__scatterload_copy  mc_w.l(handlers.o)
    0x08003656   0x00000002   Code   RO         1097    i.__scatterload_null  mc_w.l(handlers.o)
    0x08003658   0x0000000e   Code   RO         1098    i.__scatterload_zeroinit  mc_w.l(handlers.o)
    0x08003666   0x00000002   PAD
    0x08003668   0x000001b8   Code   RO          875    i._printf_core      mc_w.l(printf3.o)
    0x08003820   0x00002256   Data   RO          520    .constdata          bsp_ili9341_lcd.o
    0x08005a76   0x00000002   PAD
    0x08005a78   0x00000020   Data   RO         1094    Region$$Table       anon$$obj.o


    Execution Region RW_IRAM1 (Base: 0x20000000, Size: 0x0000bf90, Max: 0x0000c000, ABSOLUTE, COMPRESSED[0x0000012c])

    Base Addr    Size         Type   Attr      Idx    E Section Name        Object

    0x20000000   0x00000014   Data   RW           25    .data               system_stm32f10x.o
    0x20000014   0x00000014   Data   RW          318    .data               stm32f10x_rcc.o
    0x20000028   0x00000014   Data   RW          404    .data               main.o
    0x2000003c   0x00000004   Data   RW          565    .data               delay.o
    0x20000040   0x00001404   Data   RW          585    .data               process_data.o
    0x20001444   0x0000003c   Data   RW          692    .data               tasks.o
    0x20001480   0x00000018   Data   RW          729    .data               heap_4.o
    0x20001498   0x0000000c   Data   RW          744    .data               port.o
    0x200014a4   0x00000004   Data   RW         1066    .data               mc_w.l(stdout.o)
    0x200014a8   0x00001400   Zero   RW          583    .bss                process_data.o
    0x200028a8   0x000002e4   Zero   RW          691    .bss                tasks.o
    0x20002b8c   0x00009000   Zero   RW          728    .bss                heap_4.o
    0x2000bb8c   0x00000004   PAD
    0x2000bb90   0x00000400   Zero   RW            1    STACK               startup_stm32f10x_hd.o


==============================================================================

Image component sizes


      Code (inc. data)   RO Data    RW Data    ZI Data      Debug   Object Name

      1876         24       8790          0          0       9566   bsp_ili9341_lcd.o
       344          8          0          0          0       3810   bsp_usart.o
         0          0          0          0          0       4512   core_cm3.o
       172         12          0          4          0       1287   delay.o
         0          0          0          0          0       1480   event_groups.o
       532         66          0         24      36864       3556   heap_4.o
       540          8          0          0          0       1982   lcd_init.o
       136          0          0          0          0       1942   list.o
       488         88          0         20          0      11858   main.o
       184         12          0          0          0       2033   misc.o
       642         90          0         12          0       7827   port.o
      1060         46          0       5124       5120       3524   process_data.o
        36          8        304          0       1024        888   startup_stm32f10x_hd.o
       664         36          0          0          0       6317   stm32f10x_gpio.o
        32          0          0          0          0       1167   stm32f10x_it.o
       756         32          0         20          0       9480   stm32f10x_rcc.o
       924         20          0          0          0       9276   stm32f10x_usart.o
       372         34          0         20          0     230227   system_stm32f10x.o
      4080        138          0         60        740      29260   tasks.o

    ----------------------------------------------------------------------
     12840        622       9128       5284      43752     339992   Object Totals
         0          0         32          0          0          0   (incl. Generated)
         2          0          2          0          4          0   (incl. Padding)

    ----------------------------------------------------------------------

      Code (inc. data)   RO Data    RW Data    ZI Data      Debug   Library Member Name

        94          0          0          0          0          0   __dclz77c.o
         0          0          0          0          0          0   entry.o
         0          0          0          0          0          0   entry10a.o
         0          0          0          0          0          0   entry11a.o
         8          4          0          0          0          0   entry2.o
         4          0          0          0          0          0   entry5.o
         0          0          0          0          0          0   entry7b.o
         0          0          0          0          0          0   entry8b.o
         8          4          0          0          0          0   entry9a.o
        30          0          0          0          0          0   handlers.o
        36          8          0          0          0         68   init.o
         0          0          0          0          0          0   iusefp.o
       472         14          0          0          0        184   printf3.o
         0          0          0          4          0          0   stdout.o
        44          0          0          0          0         80   uidiv.o
        20          0          0          0          0         68   cfcmple.o
       176          0          0          0          0        140   fadd.o
       110          0          0          0          0        168   fepilogue.o
        50          0          0          0          0         68   ffixi.o
        40          0          0          0          0         68   ffixui.o
       100          0          0          0          0         76   fmul.o
        24          0          0          0          0         68   fscalb.o

    ----------------------------------------------------------------------
      1224         30          0          4          0        988   Library Totals
         8          0          0          0          0          0   (incl. Padding)

    ----------------------------------------------------------------------

      Code (inc. data)   RO Data    RW Data    ZI Data      Debug   Library Name

       696         30          0          4          0        332   mc_w.l
       520          0          0          0          0        656   mf_w.l

    ----------------------------------------------------------------------
      1224         30          0          4          0        988   Library Totals

    ----------------------------------------------------------------------

==============================================================================


      Code (inc. data)   RO Data    RW Data    ZI Data      Debug   

     14064        652       9128       5288      43752     339080   Grand Totals
     14064        652       9128        300      43752     339080   ELF Image Totals (compressed)
     14064        652       9128        300          0          0   ROM Totals

==============================================================================

    Total RO  Size (Code + RO Data)                23192 (  22.65kB)
    Total RW  Size (RW Data + ZI Data)             49040 (  47.89kB)
    Total ROM Size (Code + RO Data + RW Data)      23492 (  22.94kB)

==============================================================================

