Component: ARM Compiler 5.06 update 1 (build 61) Tool: armlink [4d35a8]

==============================================================================

Section Cross References

    main.o(i.InitHardware) refers to system_stm32f10x.o(i.SystemInit) for SystemInit
    main.o(i.InitHardware) refers to rcc.o(i.InitRCC) for InitRCC
    main.o(i.InitHardware) refers to nvic.o(i.InitNVIC) for InitNVIC
    main.o(i.InitHardware) refers to uart1.o(i.InitUART1) for InitUART1
    main.o(i.InitHardware) refers to timer.o(i.InitTimer) for InitTimer
    main.o(i.InitHardware) refers to led.o(i.InitLED) for InitLED
    main.o(i.InitHardware) refers to systick.o(i.InitSysTick) for InitSysTick
    main.o(i.InitHardware) refers to adc.o(i.InitADC) for InitADC
    main.o(i.InitHardware) refers to dac.o(i.InitDAC) for InitDAC
    main.o(i.InitHardware) refers to oled.o(i.InitOLED) for InitOLED
    main.o(i.InitHardware) refers to keyone.o(i.InitKeyOne) for InitKeyOne
    main.o(i.InitSoftware) refers to packunpack.o(i.InitPackUnpack) for InitPackUnpack
    main.o(i.InitSoftware) refers to prochostcmd.o(i.InitProcHostCmd) for InitProcHostCmd
    main.o(i.InitSoftware) refers to senddatatohost.o(i.InitSendDataToHost) for InitSendDataToHost
    main.o(i.Proc1SecTask) refers to timer.o(i.Get1SecFlag) for Get1SecFlag
    main.o(i.Proc1SecTask) refers to timer.o(i.Clr1SecFlag) for Clr1SecFlag
    main.o(i.Proc2msTask) refers to timer.o(i.Get2msFlag) for Get2msFlag
    main.o(i.Proc2msTask) refers to uart1.o(i.ReadUART1) for ReadUART1
    main.o(i.Proc2msTask) refers to prochostcmd.o(i.ProcHostCmd) for ProcHostCmd
    main.o(i.Proc2msTask) refers to keyone.o(i.ScanKeyOne) for ScanKeyOne
    main.o(i.Proc2msTask) refers to f2d.o(.text) for __aeabi_f2d
    main.o(i.Proc2msTask) refers to dadd.o(.text) for __aeabi_dadd
    main.o(i.Proc2msTask) refers to d2f.o(.text) for __aeabi_d2f
    main.o(i.Proc2msTask) refers to adc.o(i.ReadADCBuf) for ReadADCBuf
    main.o(i.Proc2msTask) refers to fflti.o(.text) for __aeabi_i2f
    main.o(i.Proc2msTask) refers to fmul.o(.text) for __aeabi_fmul
    main.o(i.Proc2msTask) refers to ffixui.o(.text) for __aeabi_f2uiz
    main.o(i.Proc2msTask) refers to senddatatohost.o(i.SendWaveToHost) for SendWaveToHost
    main.o(i.Proc2msTask) refers to led.o(i.LEDFlicker) for LEDFlicker
    main.o(i.Proc2msTask) refers to timer.o(i.Clr2msFlag) for Clr2msFlag
    main.o(i.Proc2msTask) refers to main.o(.data) for s_iCnt4
    main.o(i.Proc2msTask) refers to prockeyone.o(i.ProcKeyDownKey1) for ProcKeyDownKey1
    main.o(i.Proc2msTask) refers to prockeyone.o(i.ProcKeyUpKey1) for ProcKeyUpKey1
    main.o(i.Proc2msTask) refers to prockeyone.o(i.ProcKeyDownKey2) for ProcKeyDownKey2
    main.o(i.Proc2msTask) refers to prockeyone.o(i.ProcKeyUpKey2) for ProcKeyUpKey2
    main.o(i.Proc2msTask) refers to prockeyone.o(i.ProcKeyDownKey3) for ProcKeyDownKey3
    main.o(i.Proc2msTask) refers to prockeyone.o(i.ProcKeyUpKey3) for ProcKeyUpKey3
    main.o(i.main) refers to main.o(i.InitSoftware) for InitSoftware
    main.o(i.main) refers to main.o(i.InitHardware) for InitHardware
    main.o(i.main) refers to printfb.o(i.__0printf$bare) for __2printf
    main.o(i.main) refers to oled.o(i.OLEDClear) for OLEDClear
    main.o(i.main) refers to oled.o(i.OLEDRefreshGRAM) for OLEDRefreshGRAM
    main.o(i.main) refers to main.o(i.Proc2msTask) for Proc2msTask
    main.o(i.main) refers to main.o(i.Proc1SecTask) for Proc1SecTask
    led.o(i.ConfigLEDGPIO) refers to stm32f10x_rcc.o(i.RCC_APB2PeriphClockCmd) for RCC_APB2PeriphClockCmd
    led.o(i.ConfigLEDGPIO) refers to stm32f10x_gpio.o(i.GPIO_Init) for GPIO_Init
    led.o(i.ConfigLEDGPIO) refers to stm32f10x_gpio.o(i.GPIO_WriteBit) for GPIO_WriteBit
    led.o(i.InitLED) refers to led.o(i.ConfigLEDGPIO) for ConfigLEDGPIO
    led.o(i.LEDFlicker) refers to stm32f10x_gpio.o(i.GPIO_ReadOutputDataBit) for GPIO_ReadOutputDataBit
    led.o(i.LEDFlicker) refers to stm32f10x_gpio.o(i.GPIO_WriteBit) for GPIO_WriteBit
    led.o(i.LEDFlicker) refers to led.o(.data) for s_iCnt
    packunpack.o(i.GetUnPackRslt) refers to packunpack.o(.bss) for s_ptPack
    packunpack.o(i.InitPackUnpack) refers to packunpack.o(.bss) for s_ptPack
    packunpack.o(i.InitPackUnpack) refers to packunpack.o(.data) for s_iPackLen
    packunpack.o(i.PackData) refers to packunpack.o(i.PackWithCheckSum) for PackWithCheckSum
    packunpack.o(i.UnPackData) refers to packunpack.o(i.UnpackWithCheckSum) for UnpackWithCheckSum
    packunpack.o(i.UnPackData) refers to packunpack.o(.bss) for s_ptPack
    packunpack.o(i.UnPackData) refers to packunpack.o(.data) for s_iGotPackId
    prochostcmd.o(i.OnGenWave) refers to oled.o(i.OLEDClear) for OLEDClear
    prochostcmd.o(i.OnGenWave) refers to wave.o(i.GetSineWave100PointAddr) for GetSineWave100PointAddr
    prochostcmd.o(i.OnGenWave) refers to oled.o(i.OLEDShowString) for OLEDShowString
    prochostcmd.o(i.OnGenWave) refers to wave.o(i.GetTriWave100PointAddr) for GetTriWave100PointAddr
[...]
    Removing stm32f10x_tim.o(i.TIM_SetCompare4), (6 bytes).
    Removing stm32f10x_tim.o(i.TIM_SetCounter), (4 bytes).
    Removing stm32f10x_tim.o(i.TIM_SetIC1Prescaler), (18 bytes).
    Removing stm32f10x_tim.o(i.TIM_SetIC2Prescaler), (26 bytes).
    Removing stm32f10x_tim.o(i.TIM_SetIC3Prescaler), (18 bytes).
    Removing stm32f10x_tim.o(i.TIM_SetIC4Prescaler), (26 bytes).
    Removing stm32f10x_tim.o(i.TIM_TIxExternalClockConfig), (62 bytes).
    Removing stm32f10x_tim.o(i.TIM_TimeBaseStructInit), (18 bytes).
    Removing stm32f10x_tim.o(i.TIM_UpdateDisableConfig), (24 bytes).
    Removing stm32f10x_tim.o(i.TIM_UpdateRequestConfig), (24 bytes).
    Removing stm32f10x_usart.o(i.USART_ClockInit), (34 bytes).
    Removing stm32f10x_usart.o(i.USART_ClockStructInit), (12 bytes).
    Removing stm32f10x_usart.o(i.USART_DMACmd), (18 bytes).
    Removing stm32f10x_usart.o(i.USART_DeInit), (156 bytes).
    Removing stm32f10x_usart.o(i.USART_HalfDuplexCmd), (24 bytes).
    Removing stm32f10x_usart.o(i.USART_IrDACmd), (24 bytes).
    Removing stm32f10x_usart.o(i.USART_IrDAConfig), (18 bytes).
    Removing stm32f10x_usart.o(i.USART_LINBreakDetectLengthConfig), (18 bytes).
    Removing stm32f10x_usart.o(i.USART_LINCmd), (24 bytes).
    Removing stm32f10x_usart.o(i.USART_OneBitMethodCmd), (24 bytes).
    Removing stm32f10x_usart.o(i.USART_OverSampling8Cmd), (22 bytes).
    Removing stm32f10x_usart.o(i.USART_ReceiverWakeUpCmd), (24 bytes).
    Removing stm32f10x_usart.o(i.USART_SendBreak), (10 bytes).
    Removing stm32f10x_usart.o(i.USART_SetAddress), (18 bytes).
    Removing stm32f10x_usart.o(i.USART_SetGuardTime), (16 bytes).
    Removing stm32f10x_usart.o(i.USART_SetPrescaler), (16 bytes).
    Removing stm32f10x_usart.o(i.USART_SmartCardCmd), (24 bytes).
    Removing stm32f10x_usart.o(i.USART_SmartCardNACKCmd), (24 bytes).
    Removing stm32f10x_usart.o(i.USART_WakeUpConfig), (18 bytes).
    Removing stm32f10x_adc.o(i.ADC_AnalogWatchdogCmd), (20 bytes).
    Removing stm32f10x_adc.o(i.ADC_AnalogWatchdogSingleChannelConfig), (16 bytes).
    Removing stm32f10x_adc.o(i.ADC_AnalogWatchdogThresholdsConfig), (6 bytes).
    Removing stm32f10x_adc.o(i.ADC_AutoInjectedConvCmd), (22 bytes).
    Removing stm32f10x_adc.o(i.ADC_ClearFlag), (6 bytes).
    Removing stm32f10x_adc.o(i.ADC_ClearITPendingBit), (10 bytes).
    Removing stm32f10x_adc.o(i.ADC_DeInit), (92 bytes).
    Removing stm32f10x_adc.o(i.ADC_DiscModeChannelCountConfig), (24 bytes).
    Removing stm32f10x_adc.o(i.ADC_DiscModeCmd), (22 bytes).
    Removing stm32f10x_adc.o(i.ADC_ExternalTrigInjectedConvCmd), (22 bytes).
    Removing stm32f10x_adc.o(i.ADC_ExternalTrigInjectedConvConfig), (16 bytes).
    Removing stm32f10x_adc.o(i.ADC_GetConversionValue), (8 bytes).
    Removing stm32f10x_adc.o(i.ADC_GetDualModeConversionValue), (12 bytes).
    Removing stm32f10x_adc.o(i.ADC_GetFlagStatus), (18 bytes).
    Removing stm32f10x_adc.o(i.ADC_GetITStatus), (36 bytes).
    Removing stm32f10x_adc.o(i.ADC_GetInjectedConversionValue), (28 bytes).
    Removing stm32f10x_adc.o(i.ADC_GetSoftwareStartConvStatus), (20 bytes).
    Removing stm32f10x_adc.o(i.ADC_GetSoftwareStartInjectedConvCmdStatus), (20 bytes).
    Removing stm32f10x_adc.o(i.ADC_ITConfig), (24 bytes).
    Removing stm32f10x_adc.o(i.ADC_InjectedChannelConfig), (130 bytes).
    Removing stm32f10x_adc.o(i.ADC_InjectedDiscModeCmd), (22 bytes).
    Removing stm32f10x_adc.o(i.ADC_InjectedSequencerLengthConfig), (24 bytes).
    Removing stm32f10x_adc.o(i.ADC_SetInjectedOffset), (20 bytes).
    Removing stm32f10x_adc.o(i.ADC_SoftwareStartConvCmd), (22 bytes).
    Removing stm32f10x_adc.o(i.ADC_SoftwareStartInjectedConvCmd), (22 bytes).
    Removing stm32f10x_adc.o(i.ADC_StructInit), (18 bytes).
    Removing stm32f10x_adc.o(i.ADC_TempSensorVrefintCmd), (36 bytes).
    Removing stm32f10x_dac.o(i.DAC_DeInit), (22 bytes).
    Removing stm32f10x_dac.o(i.DAC_DualSoftwareTriggerCmd), (36 bytes).
    Removing stm32f10x_dac.o(i.DAC_GetDataOutputValue), (36 bytes).
    Removing stm32f10x_dac.o(i.DAC_SetChannel2Data), (32 bytes).
    Removing stm32f10x_dac.o(i.DAC_SetDualChannelData), (36 bytes).
    Removing stm32f10x_dac.o(i.DAC_SoftwareTriggerCmd), (44 bytes).
    Removing stm32f10x_dac.o(i.DAC_StructInit), (12 bytes).
    Removing stm32f10x_dac.o(i.DAC_WaveGenerationCmd), (40 bytes).
    Removing stm32f10x_dma.o(i.DMA_ClearFlag), (28 bytes).
    Removing stm32f10x_dma.o(i.DMA_GetCurrDataCounter), (8 bytes).
    Removing stm32f10x_dma.o(i.DMA_GetFlagStatus), (44 bytes).
    Removing stm32f10x_dma.o(i.DMA_SetCurrDataCounter), (4 bytes).
    Removing stm32f10x_dma.o(i.DMA_StructInit), (26 bytes).
    Removing systick.o(i.DelayNus), (26 bytes).
    Removing core_cm3.o(.emb_text), (32 bytes).
    Removing system_stm32f10x.o(i.SystemCoreClockUpdate), (164 bytes).
    Removing startup_stm32f10x_hd.o(HEAP), (512 bytes).
    Removing dmul.o(.text), (228 bytes).
    Removing ddiv.o(.text), (222 bytes).
    Removing dfixul.o(.text), (48 bytes).
    Removing cdrcmple.o(.text), (48 bytes).

217 unused section(s) (total 8670 bytes) removed from the image.

==============================================================================

Image Symbol Table

    Local Symbols

    Symbol Name                              Value     Ov Type        Size  Object(Section)

    ../clib/../cmprslib/lz77c.c              0x00000000   Number         0  __dclz77c.o ABSOLUTE
    ../clib/microlib/division.c              0x00000000   Number         0  uldiv.o ABSOLUTE
    ../clib/microlib/division.c              0x00000000   Number         0  uidiv.o ABSOLUTE
    ../clib/microlib/init/entry.s            0x00000000   Number         0  entry2.o ABSOLUTE
    ../clib/microlib/init/entry.s            0x00000000   Number         0  entry5.o ABSOLUTE
    ../clib/microlib/init/entry.s            0x00000000   Number         0  entry9b.o ABSOLUTE
    ../clib/microlib/init/entry.s            0x00000000   Number         0  entry7a.o ABSOLUTE
    ../clib/microlib/init/entry.s            0x00000000   Number         0  entry.o ABSOLUTE
    ../clib/microlib/init/entry.s            0x00000000   Number         0  entry10b.o ABSOLUTE
    ../clib/microlib/init/entry.s            0x00000000   Number         0  entry7b.o ABSOLUTE
    ../clib/microlib/init/entry.s            0x00000000   Number         0  entry8a.o ABSOLUTE
    ../clib/microlib/init/entry.s            0x00000000   Number         0  entry11a.o ABSOLUTE
    ../clib/microlib/init/entry.s            0x00000000   Number         0  entry11b.o ABSOLUTE
    ../clib/microlib/init/entry.s            0x00000000   Number         0  entry8b.o ABSOLUTE
    ../clib/microlib/init/entry.s            0x00000000   Number         0  entry9a.o ABSOLUTE
    ../clib/microlib/init/entry.s            0x00000000   Number         0  entry10a.o ABSOLUTE
    ../clib/microlib/longlong.c              0x00000000   Number         0  llushr.o ABSOLUTE
    ../clib/microlib/longlong.c              0x00000000   Number         0  llsshr.o ABSOLUTE
    ../clib/microlib/longlong.c              0x00000000   Number         0  llshl.o ABSOLUTE
    ../clib/microlib/printf/printf.c         0x00000000   Number         0  printf5.o ABSOLUTE
    ../clib/microlib/printf/printf.c         0x00000000   Number         0  printf6.o ABSOLUTE
    ../clib/microlib/printf/printf.c         0x00000000   Number         0  printf7.o ABSOLUTE
    ../clib/microlib/printf/printf.c         0x00000000   Number         0  printf8.o ABSOLUTE
    ../clib/microlib/printf/printf.c         0x00000000   Number         0  printfa.o ABSOLUTE
    ../clib/microlib/printf/printf.c         0x00000000   Number         0  printf3.o ABSOLUTE
    ../clib/microlib/printf/printf.c         0x00000000   Number         0  printfb.o ABSOLUTE
    ../clib/microlib/printf/printf.c         0x00000000   Number         0  printf0.o ABSOLUTE
    ../clib/microlib/printf/printf.c         0x00000000   Number         0  printf1.o ABSOLUTE
    ../clib/microlib/printf/printf.c         0x00000000   Number         0  printf2.o ABSOLUTE
    ../clib/microlib/printf/printf.c         0x00000000   Number         0  printf4.o ABSOLUTE
    ../clib/microlib/stdio/streams.c         0x00000000   Number         0  stdout.o ABSOLUTE
    ../clib/microlib/stubs.s                 0x00000000   Number         0  iusefp.o ABSOLUTE
    ../fplib/microlib/d2f.c                  0x00000000   Number         0  d2f.o ABSOLUTE
    ../fplib/microlib/f2d.c                  0x00000000   Number         0  f2d.o ABSOLUTE
    ../fplib/microlib/fpadd.c                0x00000000   Number         0  dadd.o ABSOLUTE
    ../fplib/microlib/fpdiv.c                0x00000000   Number         0  ddiv.o ABSOLUTE
    ../fplib/microlib/fpepilogue.c           0x00000000   Number         0  fepilogue.o ABSOLUTE
    ../fplib/microlib/fpepilogue.c           0x00000000   Number         0  depilogue.o ABSOLUTE
    ../fplib/microlib/fpfix.c                0x00000000   Number         0  dfixul.o ABSOLUTE
    ../fplib/microlib/fpfix.c                0x00000000   Number         0  ffixui.o ABSOLUTE
    ../fplib/microlib/fpflt.c                0x00000000   Number         0  fflti.o ABSOLUTE
    ../fplib/microlib/fpmul.c                0x00000000   Number         0  dmul.o ABSOLUTE
    ../fplib/microlib/fpmul.c                0x00000000   Number         0  fmul.o ABSOLUTE
    ..\ARM\NVIC\NVIC.c                       0x00000000   Number         0  nvic.o ABSOLUTE
    ..\ARM\SysTick\SysTick.c                 0x00000000   Number         0  systick.o ABSOLUTE
    ..\ARM\System\core_cm3.c                 0x00000000   Number         0  core_cm3.o ABSOLUTE
    ..\ARM\System\startup_stm32f10x_hd.s     0x00000000   Number         0  startup_stm32f10x_hd.o ABSOLUTE
    ..\ARM\System\stm32f10x_it.c             0x00000000   Number         0  stm32f10x_it.o ABSOLUTE
    ..\ARM\System\system_stm32f10x.c         0x00000000   Number         0  system_stm32f10x.o ABSOLUTE
    ..\App\KeyOne\KeyOne.c                   0x00000000   Number         0  keyone.o ABSOLUTE
    ..\App\KeyOne\ProcKeyOne.c               0x00000000   Number         0  prockeyone.o ABSOLUTE
    ..\App\LED\LED.c                         0x00000000   Number         0  led.o ABSOLUTE
    ..\App\Main\Main.c                       0x00000000   Number         0  main.o ABSOLUTE
    ..\App\OLED\OLED.c                       0x00000000   Number         0  oled.o ABSOLUTE
    ..\App\PackUnpack\PackUnpack.c           0x00000000   Number         0  packunpack.o ABSOLUTE
    ..\App\ProcHostCmd\ProcHostCmd.c         0x00000000   Number         0  prochostcmd.o ABSOLUTE
    ..\App\SendDataToHost\SendDataToHost.c   0x00000000   Number         0  senddatatohost.o ABSOLUTE
    ..\FW\src\misc.c                         0x00000000   Number         0  misc.o ABSOLUTE
    ..\FW\src\stm32f10x_adc.c                0x00000000   Number         0  stm32f10x_adc.o ABSOLUTE
    ..\FW\src\stm32f10x_dac.c                0x00000000   Number         0  stm32f10x_dac.o ABSOLUTE
    ..\FW\src\stm32f10x_dma.c                0x00000000   Number         0  stm32f10x_dma.o ABSOLUTE
    ..\FW\src\stm32f10x_flash.c              0x00000000   Number         0  stm32f10x_flash.o ABSOLUTE
    ..\FW\src\stm32f10x_gpio.c               0x00000000   Number         0  stm32f10x_gpio.o ABSOLUTE
    ..\FW\src\stm32f10x_rcc.c                0x00000000   Number         0  stm32f10x_rcc.o ABSOLUTE
    ..\FW\src\stm32f10x_tim.c                0x00000000   Number         0  stm32f10x_tim.o ABSOLUTE
    ..\FW\src\stm32f10x_usart.c              0x00000000   Number         0  stm32f10x_usart.o ABSOLUTE
    ..\HW\ADC\ADC.c                          0x00000000   Number         0  adc.o ABSOLUTE
    ..\HW\ADC\U16Queue.c                     0x00000000   Number         0  u16queue.o ABSOLUTE
    ..\HW\DAC\DAC.c                          0x00000000   Number         0  dac.o ABSOLUTE
    ..\HW\DAC\Wave.c                         0x00000000   Number         0  wave.o ABSOLUTE
    ..\HW\RCC\RCC.c                          0x00000000   Number         0  rcc.o ABSOLUTE
    ..\HW\Timer\Timer.c                      0x00000000   Number         0  timer.o ABSOLUTE
    ..\HW\UART1\Queue.c                      0x00000000   Number         0  queue.o ABSOLUTE
    ..\HW\UART1\UART1.c                      0x00000000   Number         0  uart1.o ABSOLUTE
    ..\\ARM\\System\\core_cm3.c              0x00000000   Number         0  core_cm3.o ABSOLUTE
    cdrcmple.s                               0x00000000   Number         0  cdrcmple.o ABSOLUTE
    dc.s                                     0x00000000   Number         0  dc.o ABSOLUTE
    handlers.s                               0x00000000   Number         0  handlers.o ABSOLUTE
    init.s                                   0x00000000   Number         0  init.o ABSOLUTE
    RESET                                    0x08000000   Section      304  startup_stm32f10x_hd.o(RESET)
    .ARM.Collect$$$$00000000                 0x08000130   Section        0  entry.o(.ARM.Collect$$$$00000000)
    .ARM.Collect$$$$00000001                 0x08000130   Section        4  entry2.o(.ARM.Collect$$$$00000001)
    .ARM.Collect$$$$00000004                 0x08000134   Section        4  entry5.o(.ARM.Collect$$$$00000004)
    .ARM.Collect$$$$00000008                 0x08000138   Section        0  entry7b.o(.ARM.Collect$$$$00000008)
    .ARM.Collect$$$$0000000A                 0x08000138   Section        0  entry8b.o(.ARM.Collect$$$$0000000A)
    .ARM.Collect$$$$0000000B                 0x08000138   Section        8  entry9a.o(.ARM.Collect$$$$0000000B)
    .ARM.Collect$$$$0000000D                 0x08000140   Section        0  entry10a.o(.ARM.Collect$$$$0000000D)
    .ARM.Collect$$$$0000000F                 0x08000140   Section        0  entry11a.o(.ARM.Collect$$$$0000000F)
    .ARM.Collect$$$$00002712                 0x08000140   Section        4  entry2.o(.ARM.Collect$$$$00002712)
    __lit__00000000                          0x08000140   Data           4  entry2.o(.ARM.Collect$$$$00002712)
    .text                                    0x08000144   Section       36  startup_stm32f10x_hd.o(.text)
    .text                                    0x08000168   Section        0  fmul.o(.text)
    .text                                    0x080001cc   Section        0  dadd.o(.text)
    .text                                    0x0800031a   Section        0  fflti.o(.text)
    .text                                    0x0800032c   Section        0  ffixui.o(.text)
    .text                                    0x08000354   Section        0  f2d.o(.text)
    .text                                    0x0800037a   Section        0  d2f.o(.text)
    .text                                    0x080003b2   Section        0  llshl.o(.text)
    .text                                    0x080003d0   Section        0  llsshr.o(.text)
    .text                                    0x080003f4   Section        0  fepilogue.o(.text)
    .text                                    0x080003f4   Section        0  iusefp.o(.text)
    .text                                    0x08000462   Section        0  depilogue.o(.text)
    .text                                    0x0800051c   Section       36  init.o(.text)
    .text                                    0x08000540   Section        0  llushr.o(.text)
    .text                                    0x08000560   Section        0  __dclz77c.o(.text)
    i.ADC_Cmd                                0x080005be   Section        0  stm32f10x_adc.o(i.ADC_Cmd)
    i.ADC_DMACmd                             0x080005d4   Section        0  stm32f10x_adc.o(i.ADC_DMACmd)
    i.ADC_ExternalTrigConvCmd                0x080005ea   Section        0  stm32f10x_adc.o(i.ADC_ExternalTrigConvCmd)
    i.ADC_GetCalibrationStatus               0x08000600   Section        0  stm32f10x_adc.o(i.ADC_GetCalibrationStatus)
    i.ADC_GetResetCalibrationStatus          0x08000614   Section        0  stm32f10x_adc.o(i.ADC_GetResetCalibrationStatus)
    i.ADC_Init                               0x08000628   Section        0  stm32f10x_adc.o(i.ADC_Init)
    i.ADC_RegularChannelConfig               0x08000678   Section        0  stm32f10x_adc.o(i.ADC_RegularChannelConfig)
    i.ADC_ResetCalibration                   0x08000730   Section        0  stm32f10x_adc.o(i.ADC_ResetCalibration)
    i.ADC_StartCalibration                   0x0800073a   Section        0  stm32f10x_adc.o(i.ADC_StartCalibration)
    i.BusFault_Handler                       0x08000744   Section        0  stm32f10x_it.o(i.BusFault_Handler)
    i.Clr1SecFlag                            0x08000748   Section        0  timer.o(i.Clr1SecFlag)
    i.Clr2msFlag                             0x08000754   Section        0  timer.o(i.Clr2msFlag)
    i.ConfigADC1                             0x08000760   Section        0  adc.o(i.ConfigADC1)
    ConfigADC1                               0x08000761   Thumb Code   164  adc.o(i.ConfigADC1)
    i.ConfigDAC1                             0x0800080c   Section        0  dac.o(i.ConfigDAC1)
    ConfigDAC1                               0x0800080d   Thumb Code    92  dac.o(i.ConfigDAC1)
    i.ConfigDMA1Ch1                          0x0800086c   Section        0  adc.o(i.ConfigDMA1Ch1)
    ConfigDMA1Ch1                            0x0800086d   Thumb Code    82  adc.o(i.ConfigDMA1Ch1)
    i.ConfigDMA2Ch3ForDAC1                   0x080008cc   Section        0  dac.o(i.ConfigDMA2Ch3ForDAC1)
    ConfigDMA2Ch3ForDAC1                     0x080008cd   Thumb Code   120  dac.o(i.ConfigDMA2Ch3ForDAC1)
    i.ConfigKeyOneGPIO                       0x0800094c   Section        0  keyone.o(i.ConfigKeyOneGPIO)
    ConfigKeyOneGPIO                         0x0800094d   Thumb Code    96  keyone.o(i.ConfigKeyOneGPIO)
    i.ConfigLEDGPIO                          0x080009b4   Section        0  led.o(i.ConfigLEDGPIO)
    ConfigLEDGPIO                            0x080009b5   Thumb Code    84  led.o(i.ConfigLEDGPIO)
    i.ConfigNVIC                             0x08000a0c   Section        0  nvic.o(i.ConfigNVIC)
    ConfigNVIC                               0x08000a0d   Thumb Code    12  nvic.o(i.ConfigNVIC)
    i.ConfigOLEDGPIO                         0x08000a18   Section        0  oled.o(i.ConfigOLEDGPIO)
    ConfigOLEDGPIO                           0x08000a19   Thumb Code   214  oled.o(i.ConfigOLEDGPIO)
    i.ConfigOLEDReg                          0x08000af8   Section        0  oled.o(i.ConfigOLEDReg)
    ConfigOLEDReg                            0x08000af9   Thumb Code   204  oled.o(i.ConfigOLEDReg)
    i.ConfigRCC                              0x08000bc4   Section        0  rcc.o(i.ConfigRCC)
    ConfigRCC                                0x08000bc5   Thumb Code   100  rcc.o(i.ConfigRCC)
    i.ConfigTimer2                           0x08000c28   Section        0  timer.o(i.ConfigTimer2)
    ConfigTimer2                             0x08000c29   Thumb Code    92  timer.o(i.ConfigTimer2)
    i.ConfigTimer3                           0x08000c84   Section        0  adc.o(i.ConfigTimer3)
    ConfigTimer3                             0x08000c85   Thumb Code    94  adc.o(i.ConfigTimer3)
    i.ConfigTimer4                           0x08000ce8   Section        0  dac.o(i.ConfigTimer4)
    ConfigTimer4                             0x08000ce9   Thumb Code    64  dac.o(i.ConfigTimer4)
    i.ConfigTimer5                           0x08000d2c   Section        0  timer.o(i.ConfigTimer5)
    ConfigTimer5                             0x08000d2d   Thumb Code    90  timer.o(i.ConfigTimer5)
    i.ConfigUART                             0x08000d8c   Section        0  uart1.o(i.ConfigUART)
    ConfigUART                               0x08000d8d   Thumb Code   188  uart1.o(i.ConfigUART)
    i.DAC_Cmd                                0x08000e54   Section        0  stm32f10x_dac.o(i.DAC_Cmd)
    i.DAC_DMACmd                             0x08000e7c   Section        0  stm32f10x_dac.o(i.DAC_DMACmd)
    i.DAC_Init                               0x08000ea8   Section        0  stm32f10x_dac.o(i.DAC_Init)
    i.DAC_SetChannel1Data                    0x08000edc   Section        0  stm32f10x_dac.o(i.DAC_SetChannel1Data)
    i.DMA2_Channel3_IRQHandler               0x08000efc   Section        0  dac.o(i.DMA2_Channel3_IRQHandler)
    i.DMA_ClearITPendingBit                  0x08000f3c   Section        0  stm32f10x_dma.o(i.DMA_ClearITPendingBit)
    i.DMA_Cmd                                0x08000f58   Section        0  stm32f10x_dma.o(i.DMA_Cmd)
    i.DMA_DeInit                             0x08000f70   Section        0  stm32f10x_dma.o(i.DMA_DeInit)
    i.DMA_GetITStatus                        0x080010bc   Section        0  stm32f10x_dma.o(i.DMA_GetITStatus)
    i.DMA_ITConfig                           0x080010e8   Section        0  stm32f10x_dma.o(i.DMA_ITConfig)
    i.DMA_Init                               0x080010fa   Section        0  stm32f10x_dma.o(i.DMA_Init)
    i.DeQueue                                0x08001136   Section        0  queue.o(i.DeQueue)
    i.DeU16Queue                             0x0800117a   Section        0  u16queue.o(i.DeU16Queue)
    i.DebugMon_Handler                       0x080011c2   Section        0  stm32f10x_it.o(i.DebugMon_Handler)
    i.DelayNms                               0x080011c4   Section        0  systick.o(i.DelayNms)
    i.EnQueue                                0x080011dc   Section        0  queue.o(i.EnQueue)
    i.EnU16Queue                             0x08001224   Section        0  u16queue.o(i.EnU16Queue)
    i.EnableUARTTx                           0x08001270   Section        0  uart1.o(i.EnableUARTTx)
    EnableUARTTx                             0x08001271   Thumb Code    22  uart1.o(i.EnableUARTTx)
    i.FLASH_PrefetchBufferCmd                0x08001290   Section        0  stm32f10x_flash.o(i.FLASH_PrefetchBufferCmd)
    i.FLASH_SetLatency                       0x080012ac   Section        0  stm32f10x_flash.o(i.FLASH_SetLatency)
    i.GPIO_Init                              0x080012c4   Section        0  stm32f10x_gpio.o(i.GPIO_Init)
    i.GPIO_ReadInputDataBit                  0x080013da   Section        0  stm32f10x_gpio.o(i.GPIO_ReadInputDataBit)
    i.GPIO_ReadOutputDataBit                 0x080013ec   Section        0  stm32f10x_gpio.o(i.GPIO_ReadOutputDataBit)
    i.GPIO_ResetBits                         0x080013fe   Section        0  stm32f10x_gpio.o(i.GPIO_ResetBits)
    i.GPIO_SetBits                           0x08001402   Section        0  stm32f10x_gpio.o(i.GPIO_SetBits)
    i.GPIO_WriteBit                          0x08001406   Section        0  stm32f10x_gpio.o(i.GPIO_WriteBit)
    i.Get1SecFlag                            0x08001410   Section        0  timer.o(i.Get1SecFlag)
    i.Get2msFlag                             0x0800141c   Section        0  timer.o(i.Get2msFlag)
    i.GetRectWave100PointAddr                0x08001428   Section        0  wave.o(i.GetRectWave100PointAddr)
    i.GetSineWave100PointAddr                0x08001430   Section        0  wave.o(i.GetSineWave100PointAddr)
    i.GetTriWave100PointAddr                 0x08001438   Section        0  wave.o(i.GetTriWave100PointAddr)
    i.GetUnPackRslt                          0x08001440   Section        0  packunpack.o(i.GetUnPackRslt)
    i.HardFault_Handler                      0x08001454   Section        0  stm32f10x_it.o(i.HardFault_Handler)
    i.InitADC                                0x08001458   Section        0  adc.o(i.InitADC)
    i.InitDAC                                0x08001484   Section        0  dac.o(i.InitDAC)
    i.InitHardware                           0x080014ac   Section        0  main.o(i.InitHardware)
    InitHardware                             0x080014ad   Thumb Code    52  main.o(i.InitHardware)
    i.InitKeyOne                             0x080014e0   Section        0  keyone.o(i.InitKeyOne)
    i.InitLED                                0x080014f8   Section        0  led.o(i.InitLED)
    i.InitNVIC                               0x08001500   Section        0  nvic.o(i.InitNVIC)
    i.InitOLED                               0x08001508   Section        0  oled.o(i.InitOLED)
    i.InitPackUnpack                         0x0800153c   Section        0  packunpack.o(i.InitPackUnpack)
    i.InitProcHostCmd                        0x08001580   Section        0  prochostcmd.o(i.InitProcHostCmd)
    i.InitQueue                              0x08001582   Section        0  queue.o(i.InitQueue)
    i.InitRCC                                0x080015a6   Section        0  rcc.o(i.InitRCC)
    i.InitSendDataToHost                     0x080015ae   Section        0  senddatatohost.o(i.InitSendDataToHost)
    i.InitSoftware                           0x080015b0   Section        0  main.o(i.InitSoftware)
    InitSoftware                             0x080015b1   Thumb Code    16  main.o(i.InitSoftware)
    i.InitSysTick                            0x080015c0   Section        0  systick.o(i.InitSysTick)
    i.InitTimer                              0x08001628   Section        0  timer.o(i.InitTimer)
    i.InitU16Queue                           0x08001640   Section        0  u16queue.o(i.InitU16Queue)
    i.InitUART1                              0x08001666   Section        0  uart1.o(i.InitUART1)
    i.InitUARTBuf                            0x08001678   Section        0  uart1.o(i.InitUARTBuf)
    InitUARTBuf                              0x08001679   Thumb Code    46  uart1.o(i.InitUARTBuf)
    i.LEDFlicker                             0x080016b8   Section        0  led.o(i.LEDFlicker)
    i.MemManage_Handler                      0x0800170c   Section        0  stm32f10x_it.o(i.MemManage_Handler)
    i.NMI_Handler                            0x08001710   Section        0  stm32f10x_it.o(i.NMI_Handler)
    i.NVIC_ClearPendingIRQ                   0x08001714   Section        0  uart1.o(i.NVIC_ClearPendingIRQ)
    NVIC_ClearPendingIRQ                     0x08001715   Thumb Code    18  uart1.o(i.NVIC_ClearPendingIRQ)
    i.NVIC_Init                              0x0800172c   Section        0  misc.o(i.NVIC_Init)
    i.NVIC_PriorityGroupConfig               0x0800179c   Section        0  misc.o(i.NVIC_PriorityGroupConfig)
    i.OLEDClear                              0x080017b0   Section        0  oled.o(i.OLEDClear)
    i.OLEDDrawPoint                          0x080017d8   Section        0  oled.o(i.OLEDDrawPoint)
    OLEDDrawPoint                            0x080017d9   Thumb Code   100  oled.o(i.OLEDDrawPoint)
    i.OLEDRefreshGRAM                        0x08001840   Section        0  oled.o(i.OLEDRefreshGRAM)
    i.OLEDShowChar                           0x0800188c   Section        0  oled.o(i.OLEDShowChar)
    i.OLEDShowString                         0x08001934   Section        0  oled.o(i.OLEDShowString)
    i.OLEDWriteByte                          0x08001978   Section        0  oled.o(i.OLEDWriteByte)
    OLEDWriteByte                            0x08001979   Thumb Code   124  oled.o(i.OLEDWriteByte)
    i.OnGenWave                              0x080019fc   Section        0  prochostcmd.o(i.OnGenWave)
    i.PackData                               0x08001a98   Section        0  packunpack.o(i.PackData)
    i.PackWithCheckSum                       0x08001ab0   Section        0  packunpack.o(i.PackWithCheckSum)
    PackWithCheckSum                         0x08001ab1   Thumb Code    62  packunpack.o(i.PackWithCheckSum)
    i.PendSV_Handler                         0x08001aee   Section        0  stm32f10x_it.o(i.PendSV_Handler)
    i.Proc1SecTask                           0x08001af0   Section        0  main.o(i.Proc1SecTask)
    Proc1SecTask                             0x08001af1   Thumb Code    14  main.o(i.Proc1SecTask)
    i.Proc2msTask                            0x08001b00   Section        0  main.o(i.Proc2msTask)
    Proc2msTask                              0x08001b01   Thumb Code   244  main.o(i.Proc2msTask)
    i.ProcHostCmd                            0x08001c24   Section        0  prochostcmd.o(i.ProcHostCmd)
    i.ProcKeyDownKey1                        0x08001c70   Section        0  prockeyone.o(i.ProcKeyDownKey1)
    i.ProcKeyDownKey2                        0x08001c86   Section        0  prockeyone.o(i.ProcKeyDownKey2)
    i.ProcKeyDownKey3                        0x08001c88   Section        0  prockeyone.o(i.ProcKeyDownKey3)
    i.ProcKeyUpKey1                          0x08001c8a   Section        0  prockeyone.o(i.ProcKeyUpKey1)
    i.ProcKeyUpKey2                          0x08001c8c   Section        0  prockeyone.o(i.ProcKeyUpKey2)
    i.ProcKeyUpKey3                          0x08001c8e   Section        0  prockeyone.o(i.ProcKeyUpKey3)
    i.QueueEmpty                             0x08001c90   Section        0  queue.o(i.QueueEmpty)
    i.RCC_ADCCLKConfig                       0x08001ca0   Section        0  stm32f10x_rcc.o(i.RCC_ADCCLKConfig)
    i.RCC_AHBPeriphClockCmd                  0x08001cb8   Section        0  stm32f10x_rcc.o(i.RCC_AHBPeriphClockCmd)
    i.RCC_APB1PeriphClockCmd                 0x08001cd8   Section        0  stm32f10x_rcc.o(i.RCC_APB1PeriphClockCmd)
    i.RCC_APB1PeriphResetCmd                 0x08001cf8   Section        0  stm32f10x_rcc.o(i.RCC_APB1PeriphResetCmd)
    i.RCC_APB2PeriphClockCmd                 0x08001d18   Section        0  stm32f10x_rcc.o(i.RCC_APB2PeriphClockCmd)
    i.RCC_APB2PeriphResetCmd                 0x08001d38   Section        0  stm32f10x_rcc.o(i.RCC_APB2PeriphResetCmd)
    i.RCC_DeInit                             0x08001d58   Section        0  stm32f10x_rcc.o(i.RCC_DeInit)
    i.RCC_GetClocksFreq                      0x08001da4   Section        0  stm32f10x_rcc.o(i.RCC_GetClocksFreq)
    i.RCC_GetFlagStatus                      0x08001e78   Section        0  stm32f10x_rcc.o(i.RCC_GetFlagStatus)
    i.RCC_GetSYSCLKSource                    0x08001eb4   Section        0  stm32f10x_rcc.o(i.RCC_GetSYSCLKSource)
    i.RCC_HCLKConfig                         0x08001ec4   Section        0  stm32f10x_rcc.o(i.RCC_HCLKConfig)
    i.RCC_HSEConfig                          0x08001edc   Section        0  stm32f10x_rcc.o(i.RCC_HSEConfig)
    i.RCC_PCLK1Config                        0x08001f28   Section        0  stm32f10x_rcc.o(i.RCC_PCLK1Config)
    i.RCC_PCLK2Config                        0x08001f40   Section        0  stm32f10x_rcc.o(i.RCC_PCLK2Config)
    i.RCC_PLLCmd                             0x08001f58   Section        0  stm32f10x_rcc.o(i.RCC_PLLCmd)
    i.RCC_PLLConfig                          0x08001f64   Section        0  stm32f10x_rcc.o(i.RCC_PLLConfig)
    i.RCC_SYSCLKConfig                       0x08001f80   Section        0  stm32f10x_rcc.o(i.RCC_SYSCLKConfig)
    i.RCC_WaitForHSEStartUp                  0x08001f98   Section        0  stm32f10x_rcc.o(i.RCC_WaitForHSEStartUp)
    i.ReadADCBuf                             0x08001fd0   Section        0  adc.o(i.ReadADCBuf)
    i.ReadSendBuf                            0x08001fec   Section        0  uart1.o(i.ReadSendBuf)
    ReadSendBuf                              0x08001fed   Thumb Code    22  uart1.o(i.ReadSendBuf)
    i.ReadUART1                              0x08002008   Section        0  uart1.o(i.ReadUART1)
    i.SVC_Handler                            0x08002024   Section        0  stm32f10x_it.o(i.SVC_Handler)
    i.ScanKeyOne                             0x08002028   Section        0  keyone.o(i.ScanKeyOne)
    i.SendAckPack                            0x080020e0   Section        0  senddatatohost.o(i.SendAckPack)
    i.SendCharUsedByFputc                    0x08002118   Section        0  uart1.o(i.SendCharUsedByFputc)
    SendCharUsedByFputc                      0x08002119   Thumb Code    28  uart1.o(i.SendCharUsedByFputc)
    i.SendPackToHost                         0x08002138   Section        0  senddatatohost.o(i.SendPackToHost)
    SendPackToHost                           0x08002139   Thumb Code    26  senddatatohost.o(i.SendPackToHost)
    i.SendWaveToHost                         0x08002152   Section        0  senddatatohost.o(i.SendWaveToHost)
    i.SetDACWave                             0x08002190   Section        0  dac.o(i.SetDACWave)
    i.SetSysClock                            0x080021a0   Section        0  system_stm32f10x.o(i.SetSysClock)
    SetSysClock                              0x080021a1   Thumb Code     8  system_stm32f10x.o(i.SetSysClock)
    i.SetSysClockTo72                        0x080021a8   Section        0  system_stm32f10x.o(i.SetSysClockTo72)
    SetSysClockTo72                          0x080021a9   Thumb Code   214  system_stm32f10x.o(i.SetSysClockTo72)
    i.SysTick_Handler                        0x08002288   Section        0  systick.o(i.SysTick_Handler)
    i.SystemInit                             0x08002290   Section        0  system_stm32f10x.o(i.SystemInit)
    i.TIM2_IRQHandler                        0x080022f0   Section        0  timer.o(i.TIM2_IRQHandler)
    i.TIM3_IRQHandler                        0x0800232c   Section        0  adc.o(i.TIM3_IRQHandler)
    i.TIM5_IRQHandler                        0x08002354   Section        0  timer.o(i.TIM5_IRQHandler)
    i.TIM_ClearITPendingBit                  0x08002398   Section        0  stm32f10x_tim.o(i.TIM_ClearITPendingBit)
    i.TIM_Cmd                                0x0800239e   Section        0  stm32f10x_tim.o(i.TIM_Cmd)
    i.TIM_DeInit                             0x080023b8   Section        0  stm32f10x_tim.o(i.TIM_DeInit)
    i.TIM_GetITStatus                        0x080025a0   Section        0  stm32f10x_tim.o(i.TIM_GetITStatus)
    i.TIM_ITConfig                           0x080025c2   Section        0  stm32f10x_tim.o(i.TIM_ITConfig)
    i.TIM_SelectOutputTrigger                0x080025d4   Section        0  stm32f10x_tim.o(i.TIM_SelectOutputTrigger)
    i.TIM_TimeBaseInit                       0x080025e8   Section        0  stm32f10x_tim.o(i.TIM_TimeBaseInit)
    i.TimDelayDec                            0x0800268c   Section        0  systick.o(i.TimDelayDec)
    TimDelayDec                              0x0800268d   Thumb Code    18  systick.o(i.TimDelayDec)
    i.USART1_IRQHandler                      0x080026a4   Section        0  uart1.o(i.USART1_IRQHandler)
    i.USART_ClearFlag                        0x0800273c   Section        0  stm32f10x_usart.o(i.USART_ClearFlag)
    i.USART_ClearITPendingBit                0x0800274e   Section        0  stm32f10x_usart.o(i.USART_ClearITPendingBit)
    i.USART_Cmd                              0x0800276c   Section        0  stm32f10x_usart.o(i.USART_Cmd)
    i.USART_GetFlagStatus                    0x08002784   Section        0  stm32f10x_usart.o(i.USART_GetFlagStatus)
    i.USART_GetITStatus                      0x0800279e   Section        0  stm32f10x_usart.o(i.USART_GetITStatus)
    i.USART_ITConfig                         0x080027f2   Section        0  stm32f10x_usart.o(i.USART_ITConfig)
    i.USART_Init                             0x0800283c   Section        0  stm32f10x_usart.o(i.USART_Init)
    i.USART_ReceiveData                      0x08002914   Section        0  stm32f10x_usart.o(i.USART_ReceiveData)
    i.USART_SendData                         0x0800291e   Section        0  stm32f10x_usart.o(i.USART_SendData)
    i.USART_StructInit                       0x08002926   Section        0  stm32f10x_usart.o(i.USART_StructInit)
    i.UnPackData                             0x08002940   Section        0  packunpack.o(i.UnPackData)
    i.UnpackWithCheckSum                     0x080029c4   Section        0  packunpack.o(i.UnpackWithCheckSum)
    UnpackWithCheckSum                       0x080029c5   Thumb Code    66  packunpack.o(i.UnpackWithCheckSum)
    i.UsageFault_Handler                     0x08002a06   Section        0  stm32f10x_it.o(i.UsageFault_Handler)
    i.WriteADCBuf                            0x08002a0c   Section        0  adc.o(i.WriteADCBuf)
    i.WriteReceiveBuf                        0x08002a24   Section        0  uart1.o(i.WriteReceiveBuf)
    WriteReceiveBuf                          0x08002a25   Thumb Code    20  uart1.o(i.WriteReceiveBuf)
    i.WriteUART1                             0x08002a3c   Section        0  uart1.o(i.WriteUART1)
    i.__0printf$bare                         0x08002a6c   Section        0  printfb.o(i.__0printf$bare)
    i.__scatterload_copy                     0x08002a7c   Section       14  handlers.o(i.__scatterload_copy)
    i.__scatterload_null                     0x08002a8a   Section        2  handlers.o(i.__scatterload_null)
    i.__scatterload_zeroinit                 0x08002a8c   Section       14  handlers.o(i.__scatterload_zeroinit)
    i._printf_core                           0x08002a9a   Section        0  printfb.o(i._printf_core)
    _printf_core                             0x08002a9b   Thumb Code    34  printfb.o(i._printf_core)
    i.fputc                                  0x08002abc   Section        0  uart1.o(i.fputc)
    i.main                                   0x08002acc   Section        0  main.o(i.main)
    .constdata                               0x08002b14   Section     2660  oled.o(.constdata)
    .data                                    0x20000000   Section       11  main.o(.data)
    s_iCnt4                                  0x20000004   Data           1  main.o(.data)
    s_iMark                                  0x20000005   Data           1  main.o(.data)
    s_arrWaveData                            0x20000006   Data           5  main.o(.data)
    .data                                    0x2000000c   Section        2  led.o(.data)
    s_iCnt                                   0x2000000c   Data           2  led.o(.data)
    .data                                    0x2000000e   Section        3  packunpack.o(.data)
    s_iPackLen                               0x2000000e   Data           1  packunpack.o(.data)
    s_iGotPackId                             0x2000000f   Data           1  packunpack.o(.data)
    s_iRestByteNum                           0x20000010   Data           1  packunpack.o(.data)
    .data                                    0x20000011   Section        9  keyone.o(.data)
    s_iarrKeyDownLevel                       0x20000011   Data           3  keyone.o(.data)
    s_arrKeyVal                              0x20000014   Data           3  keyone.o(.data)
    s_arrKeyFlag                             0x20000017   Data           3  keyone.o(.data)
    .data                                    0x2000001a   Section        6  timer.o(.data)
    s_i2msFlag                               0x2000001a   Data           1  timer.o(.data)
    s_i1secFlag                              0x2000001b   Data           1  timer.o(.data)
    s_iCnt2                                  0x2000001c   Data           2  timer.o(.data)
    s_iCnt1000                               0x2000001e   Data           2  timer.o(.data)
    .data                                    0x20000020   Section        1  uart1.o(.data)
    s_iUARTTxSts                             0x20000020   Data           1  uart1.o(.data)
    .data                                    0x20000022   Section        2  adc.o(.data)
    s_arrADC1Data                            0x20000022   Data           2  adc.o(.data)
    .data                                    0x20000024   Section        8  dac.o(.data)
    s_strDAC1WaveBuf                         0x20000024   Data           8  dac.o(.data)
    .data                                    0x2000002c   Section      800  wave.o(.data)
    s_arrSineWave100Point                    0x2000002c   Data         400  wave.o(.data)
    s_arrRectWave100Point                    0x200001bc   Data         200  wave.o(.data)
    s_arrTriWave100Point                     0x20000284   Data         200  wave.o(.data)
    .data                                    0x2000034c   Section       20  stm32f10x_rcc.o(.data)
    APBAHBPrescTable                         0x2000034c   Data          16  stm32f10x_rcc.o(.data)
    ADCPrescTable                            0x2000035c   Data           4  stm32f10x_rcc.o(.data)
    .data                                    0x20000360   Section        4  systick.o(.data)
    s_iTimDelayCnt                           0x20000360   Data           4  systick.o(.data)
    .data                                    0x20000364   Section       20  system_stm32f10x.o(.data)
    .data                                    0x20000378   Section        4  stdout.o(.data)
    .bss                                     0x2000037c   Section       10  packunpack.o(.bss)
    s_ptPack                                 0x2000037c   Data          10  packunpack.o(.bss)
    .bss                                     0x20000386   Section       10  prochostcmd.o(.bss)
    .bss                                     0x20000390   Section     1024  oled.o(.bss)
    s_iOLEDGRAM                              0x20000390   Data        1024  oled.o(.bss)
    .bss                                     0x20000790   Section      224  uart1.o(.bss)
    s_structUARTSendCirQue                   0x20000790   Data          12  uart1.o(.bss)
    s_structUARTRecCirQue                    0x2000079c   Data          12  uart1.o(.bss)
    s_arrSendBuf                             0x200007a8   Data         100  uart1.o(.bss)
    s_arrRecBuf                              0x2000080c   Data         100  uart1.o(.bss)
    .bss                                     0x20000870   Section      212  adc.o(.bss)
    s_structADCCirQue                        0x20000870   Data          12  adc.o(.bss)
    s_arrADCBuf                              0x2000087c   Data         200  adc.o(.bss)
    STACK                                    0x20000948   Section     1024  startup_stm32f10x_hd.o(STACK)

    Global Symbols

    Symbol Name                              Value     Ov Type        Size  Object(Section)

    BuildAttributes$$THM_ISAv4$P$D$K$B$S$PE$A:L22UL41UL21$X:L11$S22US41US21$IEEE1$IW$USESV6$~STKCKD$USESV7$~SHL$OTIME$ROPI$EBA8$MICROLIB$REQ8$PRES8$EABIv2 0x00000000   Number         0  anon$$obj.o ABSOLUTE
    __ARM_use_no_argv                        0x00000000   Number         0  main.o ABSOLUTE
    __cpp_initialize__aeabi_                  - Undefined Weak Reference
    __cxa_finalize                            - Undefined Weak Reference
    _clock_init                               - Undefined Weak Reference
    _microlib_exit                            - Undefined Weak Reference
    __Vectors_Size                           0x00000130   Number         0  startup_stm32f10x_hd.o ABSOLUTE
    __Vectors                                0x08000000   Data           4  startup_stm32f10x_hd.o(RESET)
    __Vectors_End                            0x08000130   Data           0  startup_stm32f10x_hd.o(RESET)
    __main                                   0x08000131   Thumb Code     0  entry.o(.ARM.Collect$$$$00000000)
    _main_stk                                0x08000131   Thumb Code     0  entry2.o(.ARM.Collect$$$$00000001)
    _main_scatterload                        0x08000135   Thumb Code     0  entry5.o(.ARM.Collect$$$$00000004)
    __main_after_scatterload                 0x08000139   Thumb Code     0  entry5.o(.ARM.Collect$$$$00000004)
    _main_clock                              0x08000139   Thumb Code     0  entry7b.o(.ARM.Collect$$$$00000008)
    _main_cpp_init                           0x08000139   Thumb Code     0  entry8b.o(.ARM.Collect$$$$0000000A)
    _main_init                               0x08000139   Thumb Code     0  entry9a.o(.ARM.Collect$$$$0000000B)
    __rt_final_cpp                           0x08000141   Thumb Code     0  entry10a.o(.ARM.Collect$$$$0000000D)
    __rt_final_exit                          0x08000141   Thumb Code     0  entry11a.o(.ARM.Collect$$$$0000000F)
    Reset_Handler                            0x08000145   Thumb Code     8  startup_stm32f10x_hd.o(.text)
    ADC1_2_IRQHandler                        0x0800015f   Thumb Code     0  startup_stm32f10x_hd.o(.text)
    ADC3_IRQHandler                          0x0800015f   Thumb Code     0  startup_stm32f10x_hd.o(.text)
    CAN1_RX1_IRQHandler                      0x0800015f   Thumb Code     0  startup_stm32f10x_hd.o(.text)
    CAN1_SCE_IRQHandler                      0x0800015f   Thumb Code     0  startup_stm32f10x_hd.o(.text)
    DMA1_Channel1_IRQHandler                 0x0800015f   Thumb Code     0  startup_stm32f10x_hd.o(.text)
    DMA1_Channel2_IRQHandler                 0x0800015f   Thumb Code     0  startup_stm32f10x_hd.o(.text)
    DMA1_Channel3_IRQHandler                 0x0800015f   Thumb Code     0  startup_stm32f10x_hd.o(.text)
    DMA1_Channel4_IRQHandler                 0x0800015f   Thumb Code     0  startup_stm32f10x_hd.o(.text)
    DMA1_Channel5_IRQHandler                 0x0800015f   Thumb Code     0  startup_stm32f10x_hd.o(.text)
    DMA1_Channel6_IRQHandler                 0x0800015f   Thumb Code     0  startup_stm32f10x_hd.o(.text)
    DMA1_Channel7_IRQHandler                 0x0800015f   Thumb Code     0  startup_stm32f10x_hd.o(.text)
    DMA2_Channel1_IRQHandler                 0x0800015f   Thumb Code     0  startup_stm32f10x_hd.o(.text)
    DMA2_Channel2_IRQHandler                 0x0800015f   Thumb Code     0  startup_stm32f10x_hd.o(.text)
    DMA2_Channel4_5_IRQHandler               0x0800015f   Thumb Code     0  startup_stm32f10x_hd.o(.text)
    EXTI0_IRQHandler                         0x0800015f   Thumb Code     0  startup_stm32f10x_hd.o(.text)
    EXTI15_10_IRQHandler                     0x0800015f   Thumb Code     0  startup_stm32f10x_hd.o(.text)
    EXTI1_IRQHandler                         0x0800015f   Thumb Code     0  startup_stm32f10x_hd.o(.text)
    EXTI2_IRQHandler                         0x0800015f   Thumb Code     0  startup_stm32f10x_hd.o(.text)
    EXTI3_IRQHandler                         0x0800015f   Thumb Code     0  startup_stm32f10x_hd.o(.text)
    EXTI4_IRQHandler                         0x0800015f   Thumb Code     0  startup_stm32f10x_hd.o(.text)
    EXTI9_5_IRQHandler                       0x0800015f   Thumb Code     0  startup_stm32f10x_hd.o(.text)
    FLASH_IRQHandler                         0x0800015f   Thumb Code     0  startup_stm32f10x_hd.o(.text)
    FSMC_IRQHandler                          0x0800015f   Thumb Code     0  startup_stm32f10x_hd.o(.text)
    I2C1_ER_IRQHandler                       0x0800015f   Thumb Code     0  startup_stm32f10x_hd.o(.text)
    I2C1_EV_IRQHandler                       0x0800015f   Thumb Code     0  startup_stm32f10x_hd.o(.text)
    I2C2_ER_IRQHandler                       0x0800015f   Thumb Code     0  startup_stm32f10x_hd.o(.text)
    I2C2_EV_IRQHandler                       0x0800015f   Thumb Code     0  startup_stm32f10x_hd.o(.text)
    PVD_IRQHandler                           0x0800015f   Thumb Code     0  startup_stm32f10x_hd.o(.text)
    RCC_IRQHandler                           0x0800015f   Thumb Code     0  startup_stm32f10x_hd.o(.text)
    RTCAlarm_IRQHandler                      0x0800015f   Thumb Code     0  startup_stm32f10x_hd.o(.text)
    RTC_IRQHandler                           0x0800015f   Thumb Code     0  startup_stm32f10x_hd.o(.text)
    SDIO_IRQHandler                          0x0800015f   Thumb Code     0  startup_stm32f10x_hd.o(.text)
    SPI1_IRQHandler                          0x0800015f   Thumb Code     0  startup_stm32f10x_hd.o(.text)
    SPI2_IRQHandler                          0x0800015f   Thumb Code     0  startup_stm32f10x_hd.o(.text)
    SPI3_IRQHandler                          0x0800015f   Thumb Code     0  startup_stm32f10x_hd.o(.text)
    TAMPER_IRQHandler                        0x0800015f   Thumb Code     0  startup_stm32f10x_hd.o(.text)
    TIM1_BRK_IRQHandler                      0x0800015f   Thumb Code     0  startup_stm32f10x_hd.o(.text)
    TIM1_CC_IRQHandler                       0x0800015f   Thumb Code     0  startup_stm32f10x_hd.o(.text)
    TIM1_TRG_COM_IRQHandler                  0x0800015f   Thumb Code     0  startup_stm32f10x_hd.o(.text)
    TIM1_UP_IRQHandler                       0x0800015f   Thumb Code     0  startup_stm32f10x_hd.o(.text)
    TIM4_IRQHandler                          0x0800015f   Thumb Code     0  startup_stm32f10x_hd.o(.text)
    TIM6_IRQHandler                          0x0800015f   Thumb Code     0  startup_stm32f10x_hd.o(.text)
    TIM7_IRQHandler                          0x0800015f   Thumb Code     0  startup_stm32f10x_hd.o(.text)
    TIM8_BRK_IRQHandler                      0x0800015f   Thumb Code     0  startup_stm32f10x_hd.o(.text)
    TIM8_CC_IRQHandler                       0x0800015f   Thumb Code     0  startup_stm32f10x_hd.o(.text)
    TIM8_TRG_COM_IRQHandler                  0x0800015f   Thumb Code     0  startup_stm32f10x_hd.o(.text)
    TIM8_UP_IRQHandler                       0x0800015f   Thumb Code     0  startup_stm32f10x_hd.o(.text)
    UART4_IRQHandler                         0x0800015f   Thumb Code     0  startup_stm32f10x_hd.o(.text)
    UART5_IRQHandler                         0x0800015f   Thumb Code     0  startup_stm32f10x_hd.o(.text)
    USART2_IRQHandler                        0x0800015f   Thumb Code     0  startup_stm32f10x_hd.o(.text)
    USART3_IRQHandler                        0x0800015f   Thumb Code     0  startup_stm32f10x_hd.o(.text)
    USBWakeUp_IRQHandler                     0x0800015f   Thumb Code     0  startup_stm32f10x_hd.o(.text)
    USB_HP_CAN1_TX_IRQHandler                0x0800015f   Thumb Code     0  startup_stm32f10x_hd.o(.text)
    USB_LP_CAN1_RX0_IRQHandler               0x0800015f   Thumb Code     0  startup_stm32f10x_hd.o(.text)
    WWDG_IRQHandler                          0x0800015f   Thumb Code     0  startup_stm32f10x_hd.o(.text)
    __aeabi_fmul                             0x08000169   Thumb Code   100  fmul.o(.text)
    __aeabi_dadd                             0x080001cd   Thumb Code   322  dadd.o(.text)
    __aeabi_dsub                             0x0800030f   Thumb Code     6  dadd.o(.text)
    __aeabi_drsub                            0x08000315   Thumb Code     6  dadd.o(.text)
    __aeabi_i2f                              0x0800031b   Thumb Code    18  fflti.o(.text)
    __aeabi_f2uiz                            0x0800032d   Thumb Code    40  ffixui.o(.text)
    __aeabi_f2d                              0x08000355   Thumb Code    38  f2d.o(.text)
    __aeabi_d2f                              0x0800037b   Thumb Code    56  d2f.o(.text)
    __aeabi_llsl                             0x080003b3   Thumb Code    30  llshl.o(.text)
    _ll_shift_l                              0x080003b3   Thumb Code     0  llshl.o(.text)
    __aeabi_lasr                             0x080003d1   Thumb Code    36  llsshr.o(.text)
    _ll_sshift_r                             0x080003d1   Thumb Code     0  llsshr.o(.text)
    __I$use$fp                               0x080003f5   Thumb Code     0  iusefp.o(.text)
    _float_round                             0x080003f5   Thumb Code    18  fepilogue.o(.text)
    _float_epilogue                          0x08000407   Thumb Code    92  fepilogue.o(.text)
    _double_round                            0x08000463   Thumb Code    30  depilogue.o(.text)
    _double_epilogue                         0x08000481   Thumb Code   156  depilogue.o(.text)
    __scatterload                            0x0800051d   Thumb Code    28  init.o(.text)
    __scatterload_rt2                        0x0800051d   Thumb Code     0  init.o(.text)
    __aeabi_llsr                             0x08000541   Thumb Code    32  llushr.o(.text)
    _ll_ushift_r                             0x08000541   Thumb Code     0  llushr.o(.text)
    __decompress                             0x08000561   Thumb Code     0  __dclz77c.o(.text)
    __decompress2                            0x08000561   Thumb Code    94  __dclz77c.o(.text)
    ADC_Cmd                                  0x080005bf   Thumb Code    22  stm32f10x_adc.o(i.ADC_Cmd)
    ADC_DMACmd                               0x080005d5   Thumb Code    22  stm32f10x_adc.o(i.ADC_DMACmd)
    ADC_ExternalTrigConvCmd                  0x080005eb   Thumb Code    22  stm32f10x_adc.o(i.ADC_ExternalTrigConvCmd)
    ADC_GetCalibrationStatus                 0x08000601   Thumb Code    20  stm32f10x_adc.o(i.ADC_GetCalibrationStatus)
    ADC_GetResetCalibrationStatus            0x08000615   Thumb Code    20  stm32f10x_adc.o(i.ADC_GetResetCalibrationStatus)
    ADC_Init                                 0x08000629   Thumb Code    70  stm32f10x_adc.o(i.ADC_Init)
    ADC_RegularChannelConfig                 0x08000679   Thumb Code   184  stm32f10x_adc.o(i.ADC_RegularChannelConfig)
    ADC_ResetCalibration                     0x08000731   Thumb Code    10  stm32f10x_adc.o(i.ADC_ResetCalibration)
    ADC_StartCalibration                     0x0800073b   Thumb Code    10  stm32f10x_adc.o(i.ADC_StartCalibration)
    BusFault_Handler                         0x08000745   Thumb Code     4  stm32f10x_it.o(i.BusFault_Handler)
    Clr1SecFlag                              0x08000749   Thumb Code     8  timer.o(i.Clr1SecFlag)
    Clr2msFlag                               0x08000755   Thumb Code     8  timer.o(i.Clr2msFlag)
    DAC_Cmd                                  0x08000e55   Thumb Code    34  stm32f10x_dac.o(i.DAC_Cmd)
    DAC_DMACmd                               0x08000e7d   Thumb Code    38  stm32f10x_dac.o(i.DAC_DMACmd)
    DAC_Init                                 0x08000ea9   Thumb Code    46  stm32f10x_dac.o(i.DAC_Init)
    DAC_SetChannel1Data                      0x08000edd   Thumb Code    26  stm32f10x_dac.o(i.DAC_SetChannel1Data)
    DMA2_Channel3_IRQHandler                 0x08000efd   Thumb Code    46  dac.o(i.DMA2_Channel3_IRQHandler)
    DMA_ClearITPendingBit                    0x08000f3d   Thumb Code    18  stm32f10x_dma.o(i.DMA_ClearITPendingBit)
    DMA_Cmd                                  0x08000f59   Thumb Code    24  stm32f10x_dma.o(i.DMA_Cmd)
    DMA_DeInit                               0x08000f71   Thumb Code   324  stm32f10x_dma.o(i.DMA_DeInit)
    DMA_GetITStatus                          0x080010bd   Thumb Code    36  stm32f10x_dma.o(i.DMA_GetITStatus)
    DMA_ITConfig                             0x080010e9   Thumb Code    18  stm32f10x_dma.o(i.DMA_ITConfig)
    DMA_Init                                 0x080010fb   Thumb Code    60  stm32f10x_dma.o(i.DMA_Init)
    DeQueue                                  0x08001137   Thumb Code    68  queue.o(i.DeQueue)
    DeU16Queue                               0x0800117b   Thumb Code    72  u16queue.o(i.DeU16Queue)
    DebugMon_Handler                         0x080011c3   Thumb Code     2  stm32f10x_it.o(i.DebugMon_Handler)
    DelayNms                                 0x080011c5   Thumb Code    20  systick.o(i.DelayNms)
    EnQueue                                  0x080011dd   Thumb Code    72  queue.o(i.EnQueue)
    EnU16Queue                               0x08001225   Thumb Code    76  u16queue.o(i.EnU16Queue)
    FLASH_PrefetchBufferCmd                  0x08001291   Thumb Code    22  stm32f10x_flash.o(i.FLASH_PrefetchBufferCmd)
    FLASH_SetLatency                         0x080012ad   Thumb Code    18  stm32f10x_flash.o(i.FLASH_SetLatency)
    GPIO_Init                                0x080012c5   Thumb Code   278  stm32f10x_gpio.o(i.GPIO_Init)
    GPIO_ReadInputDataBit                    0x080013db   Thumb Code    18  stm32f10x_gpio.o(i.GPIO_ReadInputDataBit)
    GPIO_ReadOutputDataBit                   0x080013ed   Thumb Code    18  stm32f10x_gpio.o(i.GPIO_ReadOutputDataBit)
    GPIO_ResetBits                           0x080013ff   Thumb Code     4  stm32f10x_gpio.o(i.GPIO_ResetBits)
    GPIO_SetBits                             0x08001403   Thumb Code     4  stm32f10x_gpio.o(i.GPIO_SetBits)
    GPIO_WriteBit                            0x08001407   Thumb Code    10  stm32f10x_gpio.o(i.GPIO_WriteBit)
    Get1SecFlag                              0x08001411   Thumb Code     6  timer.o(i.Get1SecFlag)
    Get2msFlag                               0x0800141d   Thumb Code     6  timer.o(i.Get2msFlag)
    GetRectWave100PointAddr                  0x08001429   Thumb Code     4  wave.o(i.GetRectWave100PointAddr)
    GetSineWave100PointAddr                  0x08001431   Thumb Code     4  wave.o(i.GetSineWave100PointAddr)
    GetTriWave100PointAddr                   0x08001439   Thumb Code     4  wave.o(i.GetTriWave100PointAddr)
    GetUnPackRslt                            0x08001441   Thumb Code    16  packunpack.o(i.GetUnPackRslt)
    HardFault_Handler                        0x08001455   Thumb Code     4  stm32f10x_it.o(i.HardFault_Handler)
    InitADC                                  0x08001459   Thumb Code    34  adc.o(i.InitADC)
    InitDAC                                  0x08001485   Thumb Code    36  dac.o(i.InitDAC)
    InitKeyOne                               0x080014e1   Thumb Code    18  keyone.o(i.InitKeyOne)
    InitLED                                  0x080014f9   Thumb Code     8  led.o(i.InitLED)
    InitNVIC                                 0x08001501   Thumb Code     8  nvic.o(i.InitNVIC)
    InitOLED                                 0x08001509   Thumb Code    48  oled.o(i.InitOLED)
    InitPackUnpack                           0x0800153d   Thumb Code    50  packunpack.o(i.InitPackUnpack)
    InitProcHostCmd                          0x08001581   Thumb Code     2  prochostcmd.o(i.InitProcHostCmd)
    InitQueue                                0x08001583   Thumb Code    36  queue.o(i.InitQueue)
    InitRCC                                  0x080015a7   Thumb Code     8  rcc.o(i.InitRCC)
    InitSendDataToHost                       0x080015af   Thumb Code     2  senddatatohost.o(i.InitSendDataToHost)
    InitSysTick                              0x080015c1   Thumb Code    92  systick.o(i.InitSysTick)
    InitTimer                                0x08001629   Thumb Code    24  timer.o(i.InitTimer)
    InitU16Queue                             0x08001641   Thumb Code    38  u16queue.o(i.InitU16Queue)
    InitUART1                                0x08001667   Thumb Code    16  uart1.o(i.InitUART1)
    LEDFlicker                               0x080016b9   Thumb Code    76  led.o(i.LEDFlicker)
    MemManage_Handler                        0x0800170d   Thumb Code     4  stm32f10x_it.o(i.MemManage_Handler)
    NMI_Handler                              0x08001711   Thumb Code     2  stm32f10x_it.o(i.NMI_Handler)
    NVIC_Init                                0x0800172d   Thumb Code   100  misc.o(i.NVIC_Init)
    NVIC_PriorityGroupConfig                 0x0800179d   Thumb Code    10  misc.o(i.NVIC_PriorityGroupConfig)
    OLEDClear                                0x080017b1   Thumb Code    36  oled.o(i.OLEDClear)
    OLEDRefreshGRAM                          0x08001841   Thumb Code    70  oled.o(i.OLEDRefreshGRAM)
    OLEDShowChar                             0x0800188d   Thumb Code   158  oled.o(i.OLEDShowChar)
    OLEDShowString                           0x08001935   Thumb Code    68  oled.o(i.OLEDShowString)
    OnGenWave                                0x080019fd   Thumb Code   134  prochostcmd.o(i.OnGenWave)
    PackData                                 0x08001a99   Thumb Code    24  packunpack.o(i.PackData)
    PendSV_Handler                           0x08001aef   Thumb Code     2  stm32f10x_it.o(i.PendSV_Handler)
    ProcHostCmd                              0x08001c25   Thumb Code    70  prochostcmd.o(i.ProcHostCmd)
    ProcKeyDownKey1                          0x08001c71   Thumb Code    22  prockeyone.o(i.ProcKeyDownKey1)
    ProcKeyDownKey2                          0x08001c87   Thumb Code     2  prockeyone.o(i.ProcKeyDownKey2)
    ProcKeyDownKey3                          0x08001c89   Thumb Code     2  prockeyone.o(i.ProcKeyDownKey3)
    ProcKeyUpKey1                            0x08001c8b   Thumb Code     2  prockeyone.o(i.ProcKeyUpKey1)
    ProcKeyUpKey2                            0x08001c8d   Thumb Code     2  prockeyone.o(i.ProcKeyUpKey2)
    ProcKeyUpKey3                            0x08001c8f   Thumb Code     2  prockeyone.o(i.ProcKeyUpKey3)
    QueueEmpty                               0x08001c91   Thumb Code    14  queue.o(i.QueueEmpty)
    RCC_ADCCLKConfig                         0x08001ca1   Thumb Code    18  stm32f10x_rcc.o(i.RCC_ADCCLKConfig)
    RCC_AHBPeriphClockCmd                    0x08001cb9   Thumb Code    26  stm32f10x_rcc.o(i.RCC_AHBPeriphClockCmd)
    RCC_APB1PeriphClockCmd                   0x08001cd9   Thumb Code    26  stm32f10x_rcc.o(i.RCC_APB1PeriphClockCmd)
    RCC_APB1PeriphResetCmd                   0x08001cf9   Thumb Code    26  stm32f10x_rcc.o(i.RCC_APB1PeriphResetCmd)
    RCC_APB2PeriphClockCmd                   0x08001d19   Thumb Code    26  stm32f10x_rcc.o(i.RCC_APB2PeriphClockCmd)
    RCC_APB2PeriphResetCmd                   0x08001d39   Thumb Code    26  stm32f10x_rcc.o(i.RCC_APB2PeriphResetCmd)
    RCC_DeInit                               0x08001d59   Thumb Code    64  stm32f10x_rcc.o(i.RCC_DeInit)
    RCC_GetClocksFreq                        0x08001da5   Thumb Code   192  stm32f10x_rcc.o(i.RCC_GetClocksFreq)
    RCC_GetFlagStatus                        0x08001e79   Thumb Code    56  stm32f10x_rcc.o(i.RCC_GetFlagStatus)
    RCC_GetSYSCLKSource                      0x08001eb5   Thumb Code    10  stm32f10x_rcc.o(i.RCC_GetSYSCLKSource)
    RCC_HCLKConfig                           0x08001ec5   Thumb Code    18  stm32f10x_rcc.o(i.RCC_HCLKConfig)
    RCC_HSEConfig                            0x08001edd   Thumb Code    70  stm32f10x_rcc.o(i.RCC_HSEConfig)
    RCC_PCLK1Config                          0x08001f29   Thumb Code    18  stm32f10x_rcc.o(i.RCC_PCLK1Config)
    RCC_PCLK2Config                          0x08001f41   Thumb Code    20  stm32f10x_rcc.o(i.RCC_PCLK2Config)
    RCC_PLLCmd                               0x08001f59   Thumb Code     6  stm32f10x_rcc.o(i.RCC_PLLCmd)
    RCC_PLLConfig                            0x08001f65   Thumb Code    24  stm32f10x_rcc.o(i.RCC_PLLConfig)
    RCC_SYSCLKConfig                         0x08001f81   Thumb Code    18  stm32f10x_rcc.o(i.RCC_SYSCLKConfig)
    RCC_WaitForHSEStartUp                    0x08001f99   Thumb Code    56  stm32f10x_rcc.o(i.RCC_WaitForHSEStartUp)
    ReadADCBuf                               0x08001fd1   Thumb Code    22  adc.o(i.ReadADCBuf)
    ReadUART1                                0x08002009   Thumb Code    24  uart1.o(i.ReadUART1)
    SVC_Handler                              0x08002025   Thumb Code     2  stm32f10x_it.o(i.SVC_Handler)
    ScanKeyOne                               0x08002029   Thumb Code   162  keyone.o(i.ScanKeyOne)
    SendAckPack                              0x080020e1   Thumb Code    54  senddatatohost.o(i.SendAckPack)
    SendWaveToHost                           0x08002153   Thumb Code    60  senddatatohost.o(i.SendWaveToHost)
    SetDACWave                               0x08002191   Thumb Code    12  dac.o(i.SetDACWave)
    SysTick_Handler                          0x08002289   Thumb Code     8  systick.o(i.SysTick_Handler)
    SystemInit                               0x08002291   Thumb Code    78  system_stm32f10x.o(i.SystemInit)
    TIM2_IRQHandler                          0x080022f1   Thumb Code    52  timer.o(i.TIM2_IRQHandler)
    TIM3_IRQHandler                          0x0800232d   Thumb Code    30  adc.o(i.TIM3_IRQHandler)
    TIM5_IRQHandler                          0x08002355   Thumb Code    54  timer.o(i.TIM5_IRQHandler)
    TIM_ClearITPendingBit                    0x08002399   Thumb Code     6  stm32f10x_tim.o(i.TIM_ClearITPendingBit)
    TIM_Cmd                                  0x0800239f   Thumb Code    24  stm32f10x_tim.o(i.TIM_Cmd)
    TIM_DeInit                               0x080023b9   Thumb Code   424  stm32f10x_tim.o(i.TIM_DeInit)
    TIM_GetITStatus                          0x080025a1   Thumb Code    34  stm32f10x_tim.o(i.TIM_GetITStatus)
    TIM_ITConfig                             0x080025c3   Thumb Code    18  stm32f10x_tim.o(i.TIM_ITConfig)
    TIM_SelectOutputTrigger                  0x080025d5   Thumb Code    18  stm32f10x_tim.o(i.TIM_SelectOutputTrigger)
    TIM_TimeBaseInit                         0x080025e9   Thumb Code   122  stm32f10x_tim.o(i.TIM_TimeBaseInit)
    USART1_IRQHandler                        0x080026a5   Thumb Code   140  uart1.o(i.USART1_IRQHandler)
    USART_ClearFlag                          0x0800273d   Thumb Code    18  stm32f10x_usart.o(i.USART_ClearFlag)
    USART_ClearITPendingBit                  0x0800274f   Thumb Code    30  stm32f10x_usart.o(i.USART_ClearITPendingBit)
    USART_Cmd                                0x0800276d   Thumb Code    24  stm32f10x_usart.o(i.USART_Cmd)
    USART_GetFlagStatus                      0x08002785   Thumb Code    26  stm32f10x_usart.o(i.USART_GetFlagStatus)
    USART_GetITStatus                        0x0800279f   Thumb Code    84  stm32f10x_usart.o(i.USART_GetITStatus)
    USART_ITConfig                           0x080027f3   Thumb Code    74  stm32f10x_usart.o(i.USART_ITConfig)
    USART_Init                               0x0800283d   Thumb Code   210  stm32f10x_usart.o(i.USART_Init)
    USART_ReceiveData                        0x08002915   Thumb Code    10  stm32f10x_usart.o(i.USART_ReceiveData)
    USART_SendData                           0x0800291f   Thumb Code     8  stm32f10x_usart.o(i.USART_SendData)
    USART_StructInit                         0x08002927   Thumb Code    24  stm32f10x_usart.o(i.USART_StructInit)
    UnPackData                               0x08002941   Thumb Code   114  packunpack.o(i.UnPackData)
    UsageFault_Handler                       0x08002a07   Thumb Code     4  stm32f10x_it.o(i.UsageFault_Handler)
    WriteADCBuf                              0x08002a0d   Thumb Code    20  adc.o(i.WriteADCBuf)
    WriteUART1                               0x08002a3d   Thumb Code    38  uart1.o(i.WriteUART1)
    __0printf$bare                           0x08002a6d   Thumb Code     8  printfb.o(i.__0printf$bare)
    __1printf$bare                           0x08002a6d   Thumb Code     0  printfb.o(i.__0printf$bare)
    __2printf                                0x08002a6d   Thumb Code     0  printfb.o(i.__0printf$bare)
    __scatterload_copy                       0x08002a7d   Thumb Code    14  handlers.o(i.__scatterload_copy)
    __scatterload_null                       0x08002a8b   Thumb Code     2  handlers.o(i.__scatterload_null)
    __scatterload_zeroinit                   0x08002a8d   Thumb Code    14  handlers.o(i.__scatterload_zeroinit)
    fputc                                    0x08002abd   Thumb Code    16  uart1.o(i.fputc)
    main                                     0x08002acd   Thumb Code    34  main.o(i.main)
    g_iASCII1206                             0x08002b14   Data        1140  oled.o(.constdata)
    g_iASCII1608                             0x08002f88   Data        1520  oled.o(.constdata)
    Region$$Table$$Base                      0x08003578   Number         0  anon$$obj.o(Region$$Table)
    Region$$Table$$Limit                     0x08003598   Number         0  anon$$obj.o(Region$$Table)
    mul                                      0x20000000   Data           4  main.o(.data)
    SystemCoreClock                          0x20000364   Data           4  system_stm32f10x.o(.data)
    AHBPrescTable                            0x20000368   Data          16  system_stm32f10x.o(.data)
    __stdout                                 0x20000378   Data           4  stdout.o(.data)
    pack                                     0x20000386   Data          10  prochostcmd.o(.bss)
    __initial_sp                             0x20000d48   Data           0  startup_stm32f10x_hd.o(STACK)



==============================================================================

Memory Map of the image

  Image Entry point : 0x08000131

  Load Region LR_IROM1 (Base: 0x08000000, Size: 0x00003914, Max: 0x00040000, ABSOLUTE, COMPRESSED[0x00003754])

    Execution Region ER_IROM1 (Base: 0x08000000, Size: 0x00003598, Max: 0x00040000, ABSOLUTE)

    Base Addr    Size         Type   Attr      Idx    E Section Name        Object

    0x08000000   0x00000130   Data   RO         2612    RESET               startup_stm32f10x_hd.o
    0x08000130   0x00000000   Code   RO         2617  * .ARM.Collect$$$$00000000  mc_w.l(entry.o)
    0x08000130   0x00000004   Code   RO         2892    .ARM.Collect$$$$00000001  mc_w.l(entry2.o)
    0x08000134   0x00000004   Code   RO         2895    .ARM.Collect$$$$00000004  mc_w.l(entry5.o)
    0x08000138   0x00000000   Code   RO         2897    .ARM.Collect$$$$00000008  mc_w.l(entry7b.o)
    0x08000138   0x00000000   Code   RO         2899    .ARM.Collect$$$$0000000A  mc_w.l(entry8b.o)
    0x08000138   0x00000008   Code   RO         2900    .ARM.Collect$$$$0000000B  mc_w.l(entry9a.o)
    0x08000140   0x00000000   Code   RO         2902    .ARM.Collect$$$$0000000D  mc_w.l(entry10a.o)
    0x08000140   0x00000000   Code   RO         2904    .ARM.Collect$$$$0000000F  mc_w.l(entry11a.o)
    0x08000140   0x00000004   Code   RO         2893    .ARM.Collect$$$$00002712  mc_w.l(entry2.o)
    0x08000144   0x00000024   Code   RO         2613    .text               startup_stm32f10x_hd.o
    0x08000168   0x00000064   Code   RO         2880    .text               mf_w.l(fmul.o)
    0x080001cc   0x0000014e   Code   RO         2882    .text               mf_w.l(dadd.o)
    0x0800031a   0x00000012   Code   RO         2884    .text               mf_w.l(fflti.o)
    0x0800032c   0x00000028   Code   RO         2886    .text               mf_w.l(ffixui.o)
    0x08000354   0x00000026   Code   RO         2888    .text               mf_w.l(f2d.o)
    0x0800037a   0x00000038   Code   RO         2890    .text               mf_w.l(d2f.o)
    0x080003b2   0x0000001e   Code   RO         2911    .text               mc_w.l(llshl.o)
    0x080003d0   0x00000024   Code   RO         2913    .text               mc_w.l(llsshr.o)
    0x080003f4   0x00000000   Code   RO         2915    .text               mc_w.l(iusefp.o)
    0x080003f4   0x0000006e   Code   RO         2916    .text               mf_w.l(fepilogue.o)
    0x08000462   0x000000ba   Code   RO         2918    .text               mf_w.l(depilogue.o)
    0x0800051c   0x00000024   Code   RO         2928    .text               mc_w.l(init.o)
    0x08000540   0x00000020   Code   RO         2930    .text               mc_w.l(llushr.o)
    0x08000560   0x0000005e   Code   RO         2940    .text               mc_w.l(__dclz77c.o)
    0x080005be   0x00000016   Code   RO         2084    i.ADC_Cmd           stm32f10x_adc.o
    0x080005d4   0x00000016   Code   RO         2085    i.ADC_DMACmd        stm32f10x_adc.o
    0x080005ea   0x00000016   Code   RO         2089    i.ADC_ExternalTrigConvCmd  stm32f10x_adc.o
    0x08000600   0x00000014   Code   RO         2092    i.ADC_GetCalibrationStatus  stm32f10x_adc.o
    0x08000614   0x00000014   Code   RO         2098    i.ADC_GetResetCalibrationStatus  stm32f10x_adc.o
    0x08000628   0x00000050   Code   RO         2102    i.ADC_Init          stm32f10x_adc.o
    0x08000678   0x000000b8   Code   RO         2106    i.ADC_RegularChannelConfig  stm32f10x_adc.o
    0x08000730   0x0000000a   Code   RO         2107    i.ADC_ResetCalibration  stm32f10x_adc.o
    0x0800073a   0x0000000a   Code   RO         2111    i.ADC_StartCalibration  stm32f10x_adc.o
    0x08000744   0x00000004   Code   RO         2519    i.BusFault_Handler  stm32f10x_it.o
    0x08000748   0x0000000c   Code   RO          470    i.Clr1SecFlag       timer.o
    0x08000754   0x0000000c   Code   RO          471    i.Clr2msFlag        timer.o
    0x08000760   0x000000ac   Code   RO          656    i.ConfigADC1        adc.o
    0x0800080c   0x00000060   Code   RO          749    i.ConfigDAC1        dac.o
    0x0800086c   0x00000060   Code   RO          657    i.ConfigDMA1Ch1     adc.o
    0x080008cc   0x00000080   Code   RO          750    i.ConfigDMA2Ch3ForDAC1  dac.o
    0x0800094c   0x00000068   Code   RO          367    i.ConfigKeyOneGPIO  keyone.o
    0x080009b4   0x00000058   Code   RO          140    i.ConfigLEDGPIO     led.o
    0x08000a0c   0x0000000c   Code   RO         2450    i.ConfigNVIC        nvic.o
    0x08000a18   0x000000e0   Code   RO          282    i.ConfigOLEDGPIO    oled.o
    0x08000af8   0x000000cc   Code   RO          283    i.ConfigOLEDReg     oled.o
    0x08000bc4   0x00000064   Code   RO          440    i.ConfigRCC         rcc.o
    0x08000c28   0x0000005c   Code   RO          472    i.ConfigTimer2      timer.o
    0x08000c84   0x00000064   Code   RO          658    i.ConfigTimer3      adc.o
    0x08000ce8   0x00000044   Code   RO          751    i.ConfigTimer4      dac.o
    0x08000d2c   0x00000060   Code   RO          473    i.ConfigTimer5      timer.o
    0x08000d8c   0x000000c8   Code   RO          575    i.ConfigUART        uart1.o
    0x08000e54   0x00000028   Code   RO         2300    i.DAC_Cmd           stm32f10x_dac.o
    0x08000e7c   0x0000002c   Code   RO         2301    i.DAC_DMACmd        stm32f10x_dac.o
    0x08000ea8   0x00000034   Code   RO         2305    i.DAC_Init          stm32f10x_dac.o
    0x08000edc   0x00000020   Code   RO         2306    i.DAC_SetChannel1Data  stm32f10x_dac.o
    0x08000efc   0x00000040   Code   RO          752    i.DMA2_Channel3_IRQHandler  dac.o
    0x08000f3c   0x0000001c   Code   RO         2379    i.DMA_ClearITPendingBit  stm32f10x_dma.o
    0x08000f58   0x00000018   Code   RO         2380    i.DMA_Cmd           stm32f10x_dma.o
    0x08000f70   0x0000014c   Code   RO         2381    i.DMA_DeInit        stm32f10x_dma.o
    0x080010bc   0x0000002c   Code   RO         2384    i.DMA_GetITStatus   stm32f10x_dma.o
    0x080010e8   0x00000012   Code   RO         2385    i.DMA_ITConfig      stm32f10x_dma.o
    0x080010fa   0x0000003c   Code   RO         2386    i.DMA_Init          stm32f10x_dma.o
    0x08001136   0x00000044   Code   RO          531    i.DeQueue           queue.o
    0x0800117a   0x00000048   Code   RO          708    i.DeU16Queue        u16queue.o
    0x080011c2   0x00000002   Code   RO         2520    i.DebugMon_Handler  stm32f10x_it.o
    0x080011c4   0x00000018   Code   RO         2467    i.DelayNms          systick.o
    0x080011dc   0x00000048   Code   RO          532    i.EnQueue           queue.o
    0x08001224   0x0000004c   Code   RO          709    i.EnU16Queue        u16queue.o
    0x08001270   0x00000020   Code   RO          576    i.EnableUARTTx      uart1.o
    0x08001290   0x0000001c   Code   RO          879    i.FLASH_PrefetchBufferCmd  stm32f10x_flash.o
    0x080012ac   0x00000018   Code   RO          884    i.FLASH_SetLatency  stm32f10x_flash.o
    0x080012c4   0x00000116   Code   RO         1042    i.GPIO_Init         stm32f10x_gpio.o
    0x080013da   0x00000012   Code   RO         1046    i.GPIO_ReadInputDataBit  stm32f10x_gpio.o
    0x080013ec   0x00000012   Code   RO         1048    i.GPIO_ReadOutputDataBit  stm32f10x_gpio.o
    0x080013fe   0x00000004   Code   RO         1049    i.GPIO_ResetBits    stm32f10x_gpio.o
    0x08001402   0x00000004   Code   RO         1050    i.GPIO_SetBits      stm32f10x_gpio.o
    0x08001406   0x0000000a   Code   RO         1053    i.GPIO_WriteBit     stm32f10x_gpio.o
    0x08001410   0x0000000c   Code   RO          474    i.Get1SecFlag       timer.o
    0x0800141c   0x0000000c   Code   RO          475    i.Get2msFlag        timer.o
    0x08001428   0x00000008   Code   RO          794    i.GetRectWave100PointAddr  wave.o
    0x08001430   0x00000008   Code   RO          795    i.GetSineWave100PointAddr  wave.o
    0x08001438   0x00000008   Code   RO          796    i.GetTriWave100PointAddr  wave.o
    0x08001440   0x00000014   Code   RO          164    i.GetUnPackRslt     packunpack.o
    0x08001454   0x00000004   Code   RO         2521    i.HardFault_Handler  stm32f10x_it.o
    0x08001458   0x0000002c   Code   RO          659    i.InitADC           adc.o
    0x08001484   0x00000028   Code   RO          753    i.InitDAC           dac.o
    0x080014ac   0x00000034   Code   RO            1    i.InitHardware      main.o
    0x080014e0   0x00000018   Code   RO          368    i.InitKeyOne        keyone.o
    0x080014f8   0x00000008   Code   RO          141    i.InitLED           led.o
    0x08001500   0x00000008   Code   RO         2451    i.InitNVIC          nvic.o
    0x08001508   0x00000034   Code   RO          284    i.InitOLED          oled.o
    0x0800153c   0x00000044   Code   RO          165    i.InitPackUnpack    packunpack.o
    0x08001580   0x00000002   Code   RO          213    i.InitProcHostCmd   prochostcmd.o
    0x08001582   0x00000024   Code   RO          533    i.InitQueue         queue.o
    0x080015a6   0x00000008   Code   RO          441    i.InitRCC           rcc.o
    0x080015ae   0x00000002   Code   RO          249    i.InitSendDataToHost  senddatatohost.o
    0x080015b0   0x00000010   Code   RO            2    i.InitSoftware      main.o
    0x080015c0   0x00000068   Code   RO         2469    i.InitSysTick       systick.o
    0x08001628   0x00000018   Code   RO          476    i.InitTimer         timer.o
    0x08001640   0x00000026   Code   RO          710    i.InitU16Queue      u16queue.o
    0x08001666   0x00000010   Code   RO          577    i.InitUART1         uart1.o
    0x08001676   0x00000002   PAD
    0x08001678   0x00000040   Code   RO          578    i.InitUARTBuf       uart1.o
    0x080016b8   0x00000054   Code   RO          142    i.LEDFlicker        led.o
    0x0800170c   0x00000004   Code   RO         2522    i.MemManage_Handler  stm32f10x_it.o
    0x08001710   0x00000002   Code   RO         2523    i.NMI_Handler       stm32f10x_it.o
    0x08001712   0x00000002   PAD
    0x08001714   0x00000018   Code   RO          579    i.NVIC_ClearPendingIRQ  uart1.o
    0x0800172c   0x00000070   Code   RO          826    i.NVIC_Init         misc.o
    0x0800179c   0x00000014   Code   RO          827    i.NVIC_PriorityGroupConfig  misc.o
    0x080017b0   0x00000028   Code   RO          285    i.OLEDClear         oled.o
    0x080017d8   0x00000068   Code   RO          288    i.OLEDDrawPoint     oled.o
    0x08001840   0x0000004c   Code   RO          289    i.OLEDRefreshGRAM   oled.o
    0x0800188c   0x000000a8   Code   RO          290    i.OLEDShowChar      oled.o
    0x08001934   0x00000044   Code   RO          292    i.OLEDShowString    oled.o
    0x08001978   0x00000084   Code   RO          293    i.OLEDWriteByte     oled.o
    0x080019fc   0x0000009c   Code   RO          214    i.OnGenWave         prochostcmd.o
    0x08001a98   0x00000018   Code   RO          166    i.PackData          packunpack.o
    0x08001ab0   0x0000003e   Code   RO          167    i.PackWithCheckSum  packunpack.o
    0x08001aee   0x00000002   Code   RO         2524    i.PendSV_Handler    stm32f10x_it.o
    0x08001af0   0x0000000e   Code   RO            3    i.Proc1SecTask      main.o
    0x08001afe   0x00000002   PAD
    0x08001b00   0x00000124   Code   RO            4    i.Proc2msTask       main.o
    0x08001c24   0x0000004c   Code   RO          215    i.ProcHostCmd       prochostcmd.o
    0x08001c70   0x00000016   Code   RO          393    i.ProcKeyDownKey1   prockeyone.o
    0x08001c86   0x00000002   Code   RO          394    i.ProcKeyDownKey2   prockeyone.o
    0x08001c88   0x00000002   Code   RO          395    i.ProcKeyDownKey3   prockeyone.o
    0x08001c8a   0x00000002   Code   RO          396    i.ProcKeyUpKey1     prockeyone.o
    0x08001c8c   0x00000002   Code   RO          397    i.ProcKeyUpKey2     prockeyone.o
    0x08001c8e   0x00000002   Code   RO          398    i.ProcKeyUpKey3     prockeyone.o
    0x08001c90   0x0000000e   Code   RO          534    i.QueueEmpty        queue.o
    0x08001c9e   0x00000002   PAD
    0x08001ca0   0x00000018   Code   RO         1150    i.RCC_ADCCLKConfig  stm32f10x_rcc.o
    0x08001cb8   0x00000020   Code   RO         1151    i.RCC_AHBPeriphClockCmd  stm32f10x_rcc.o
    0x08001cd8   0x00000020   Code   RO         1152    i.RCC_APB1PeriphClockCmd  stm32f10x_rcc.o
    0x08001cf8   0x00000020   Code   RO         1153    i.RCC_APB1PeriphResetCmd  stm32f10x_rcc.o
    0x08001d18   0x00000020   Code   RO         1154    i.RCC_APB2PeriphClockCmd  stm32f10x_rcc.o
    0x08001d38   0x00000020   Code   RO         1155    i.RCC_APB2PeriphResetCmd  stm32f10x_rcc.o
    0x08001d58   0x0000004c   Code   RO         1161    i.RCC_DeInit        stm32f10x_rcc.o
    0x08001da4   0x000000d4   Code   RO         1162    i.RCC_GetClocksFreq  stm32f10x_rcc.o
    0x08001e78   0x0000003c   Code   RO         1163    i.RCC_GetFlagStatus  stm32f10x_rcc.o
    0x08001eb4   0x00000010   Code   RO         1165    i.RCC_GetSYSCLKSource  stm32f10x_rcc.o
    0x08001ec4   0x00000018   Code   RO         1166    i.RCC_HCLKConfig    stm32f10x_rcc.o
    0x08001edc   0x0000004c   Code   RO         1167    i.RCC_HSEConfig     stm32f10x_rcc.o
    0x08001f28   0x00000018   Code   RO         1173    i.RCC_PCLK1Config   stm32f10x_rcc.o
    0x08001f40   0x00000018   Code   RO         1174    i.RCC_PCLK2Config   stm32f10x_rcc.o
    0x08001f58   0x0000000c   Code   RO         1175    i.RCC_PLLCmd        stm32f10x_rcc.o
    0x08001f64   0x0000001c   Code   RO         1176    i.RCC_PLLConfig     stm32f10x_rcc.o
    0x08001f80   0x00000018   Code   RO         1179    i.RCC_SYSCLKConfig  stm32f10x_rcc.o
    0x08001f98   0x00000038   Code   RO         1181    i.RCC_WaitForHSEStartUp  stm32f10x_rcc.o
    0x08001fd0   0x0000001c   Code   RO          660    i.ReadADCBuf        adc.o
    0x08001fec   0x0000001c   Code   RO          580    i.ReadSendBuf       uart1.o
    0x08002008   0x0000001c   Code   RO          581    i.ReadUART1         uart1.o
    0x08002024   0x00000002   Code   RO         2525    i.SVC_Handler       stm32f10x_it.o
    0x08002026   0x00000002   PAD
    0x08002028   0x000000b8   Code   RO          369    i.ScanKeyOne        keyone.o
    0x080020e0   0x00000036   Code   RO          250    i.SendAckPack       senddatatohost.o
    0x08002116   0x00000002   PAD
    0x08002118   0x00000020   Code   RO          582    i.SendCharUsedByFputc  uart1.o
    0x08002138   0x0000001a   Code   RO          251    i.SendPackToHost    senddatatohost.o
    0x08002152   0x0000003c   Code   RO          252    i.SendWaveToHost    senddatatohost.o
    0x0800218e   0x00000002   PAD
    0x08002190   0x00000010   Code   RO          754    i.SetDACWave        dac.o
    0x080021a0   0x00000008   Code   RO         2576    i.SetSysClock       system_stm32f10x.o
    0x080021a8   0x000000e0   Code   RO         2577    i.SetSysClockTo72   system_stm32f10x.o
    0x08002288   0x00000008   Code   RO         2470    i.SysTick_Handler   systick.o
    0x08002290   0x00000060   Code   RO         2579    i.SystemInit        system_stm32f10x.o
    0x080022f0   0x0000003c   Code   RO          477    i.TIM2_IRQHandler   timer.o
    0x0800232c   0x00000028   Code   RO          661    i.TIM3_IRQHandler   adc.o
    0x08002354   0x00000044   Code   RO          478    i.TIM5_IRQHandler   timer.o
    0x08002398   0x00000006   Code   RO         1361    i.TIM_ClearITPendingBit  stm32f10x_tim.o
    0x0800239e   0x00000018   Code   RO         1366    i.TIM_Cmd           stm32f10x_tim.o
    0x080023b6   0x00000002   PAD
    0x080023b8   0x000001e8   Code   RO         1371    i.TIM_DeInit        stm32f10x_tim.o
    0x080025a0   0x00000022   Code   RO         1387    i.TIM_GetITStatus   stm32f10x_tim.o
    0x080025c2   0x00000012   Code   RO         1391    i.TIM_ITConfig      stm32f10x_tim.o
    0x080025d4   0x00000012   Code   RO         1423    i.TIM_SelectOutputTrigger  stm32f10x_tim.o
    0x080025e6   0x00000002   PAD
    0x080025e8   0x000000a4   Code   RO         1437    i.TIM_TimeBaseInit  stm32f10x_tim.o
    0x0800268c   0x00000018   Code   RO         2471    i.TimDelayDec       systick.o
    0x080026a4   0x00000098   Code   RO          583    i.USART1_IRQHandler  uart1.o
    0x0800273c   0x00000012   Code   RO         1898    i.USART_ClearFlag   stm32f10x_usart.o
    0x0800274e   0x0000001e   Code   RO         1899    i.USART_ClearITPendingBit  stm32f10x_usart.o
    0x0800276c   0x00000018   Code   RO         1902    i.USART_Cmd         stm32f10x_usart.o
    0x08002784   0x0000001a   Code   RO         1905    i.USART_GetFlagStatus  stm32f10x_usart.o
    0x0800279e   0x00000054   Code   RO         1906    i.USART_GetITStatus  stm32f10x_usart.o
    0x080027f2   0x0000004a   Code   RO         1908    i.USART_ITConfig    stm32f10x_usart.o
    0x0800283c   0x000000d8   Code   RO         1909    i.USART_Init        stm32f10x_usart.o
    0x08002914   0x0000000a   Code   RO         1916    i.USART_ReceiveData  stm32f10x_usart.o
    0x0800291e   0x00000008   Code   RO         1919    i.USART_SendData    stm32f10x_usart.o
    0x08002926   0x00000018   Code   RO         1925    i.USART_StructInit  stm32f10x_usart.o
    0x0800293e   0x00000002   PAD
    0x08002940   0x00000084   Code   RO          168    i.UnPackData        packunpack.o
    0x080029c4   0x00000042   Code   RO          169    i.UnpackWithCheckSum  packunpack.o
    0x08002a06   0x00000004   Code   RO         2526    i.UsageFault_Handler  stm32f10x_it.o
    0x08002a0a   0x00000002   PAD
    0x08002a0c   0x00000018   Code   RO          662    i.WriteADCBuf       adc.o
    0x08002a24   0x00000018   Code   RO          584    i.WriteReceiveBuf   uart1.o
    0x08002a3c   0x00000030   Code   RO          585    i.WriteUART1        uart1.o
    0x08002a6c   0x00000010   Code   RO         2621    i.__0printf$bare    mc_w.l(printfb.o)
    0x08002a7c   0x0000000e   Code   RO         2934    i.__scatterload_copy  mc_w.l(handlers.o)
    0x08002a8a   0x00000002   Code   RO         2935    i.__scatterload_null  mc_w.l(handlers.o)
    0x08002a8c   0x0000000e   Code   RO         2936    i.__scatterload_zeroinit  mc_w.l(handlers.o)
    0x08002a9a   0x00000022   Code   RO         2628    i._printf_core      mc_w.l(printfb.o)
    0x08002abc   0x00000010   Code   RO          586    i.fputc             uart1.o
    0x08002acc   0x00000048   Code   RO            5    i.main              main.o
    0x08002b14   0x00000a64   Data   RO          295    .constdata          oled.o
    0x08003578   0x00000020   Data   RO         2932    Region$$Table       anon$$obj.o


    Execution Region RW_IRAM1 (Base: 0x20000000, Size: 0x00000d48, Max: 0x0000c000, ABSOLUTE, COMPRESSED[0x000001bc])

    Base Addr    Size         Type   Attr      Idx    E Section Name        Object

    0x20000000   0x0000000b   Data   RW            6    .data               main.o
    0x2000000b   0x00000001   PAD
    0x2000000c   0x00000002   Data   RW          143    .data               led.o
    0x2000000e   0x00000003   Data   RW          171    .data               packunpack.o
    0x20000011   0x00000009   Data   RW          370    .data               keyone.o
    0x2000001a   0x00000006   Data   RW          479    .data               timer.o
    0x20000020   0x00000001   Data   RW          588    .data               uart1.o
    0x20000021   0x00000001   PAD
    0x20000022   0x00000002   Data   RW          664    .data               adc.o
    0x20000024   0x00000008   Data   RW          755    .data               dac.o
    0x2000002c   0x00000320   Data   RW          798    .data               wave.o
    0x2000034c   0x00000014   Data   RW         1182    .data               stm32f10x_rcc.o
    0x20000360   0x00000004   Data   RW         2472    .data               systick.o
    0x20000364   0x00000014   Data   RW         2580    .data               system_stm32f10x.o
    0x20000378   0x00000004   Data   RW         2906    .data               mc_w.l(stdout.o)
    0x2000037c   0x0000000a   Zero   RW          170    .bss                packunpack.o
    0x20000386   0x0000000a   Zero   RW          216    .bss                prochostcmd.o
    0x20000390   0x00000400   Zero   RW          294    .bss                oled.o
    0x20000790   0x000000e0   Zero   RW          587    .bss                uart1.o
    0x20000870   0x000000d4   Zero   RW          663    .bss                adc.o
    0x20000944   0x00000004   PAD
    0x20000948   0x00000400   Zero   RW         2610    STACK               startup_stm32f10x_hd.o


==============================================================================

Image component sizes


      Code (inc. data)   RO Data    RW Data    ZI Data      Debug   Object Name

       504         58          0          2        212       4459   adc.o
         0          0          0          0          0         32   core_cm3.o
       412         42          0          8          0      18285   dac.o
       312         36          0          9          0       2374   keyone.o
       180         12          0          2          0       1379   led.o
       446         86          0         11          0     280713   main.o
       132         22          0          0          0       1395   misc.o
        20          0          0          0          0        803   nvic.o
      1068         46       2660          0       1024       6633   oled.o
       372         40          0          3         10       6433   packunpack.o
       234         28          0          0         10       3787   prochostcmd.o
        32          0          0          0          0       2550   prockeyone.o
       190          0          0          0          0       3001   queue.o
       108          0          0          0          0     214718   rcc.o
       142          0          0          0          0       2588   senddatatohost.o
        36          8        304          0       1024        788   startup_stm32f10x_hd.o
       390         10          0          0          0       6956   stm32f10x_adc.o
       168         24          0          0          0       2720   stm32f10x_dac.o
       506         26          0          0          0       4835   stm32f10x_dma.o
        52         12          0          0          0       1013   stm32f10x_flash.o
       332          0          0          0          0       4549   stm32f10x_gpio.o
        24          0          0          0          0       3392   stm32f10x_it.o
       816        116          0         20          0      11931   stm32f10x_rcc.o
       752        106          0          0          0       4557   stm32f10x_tim.o
       514          6          0          0          0       7404   stm32f10x_usart.o
       328         28          0         20          0       2145   system_stm32f10x.o
       160         22          0          4          0      17506   systick.o
       388         48          0          6          0       4442   timer.o
       186          0          0          0          0       2129   u16queue.o
       664         86          0          1        224      22156   uart1.o
        24         12          0        800          0       1905   wave.o

    ----------------------------------------------------------------------
      9514        874       2996        888       2508     647578   Object Totals
         0          0         32          0          0          0   (incl. Generated)
        22          0          0          2          4          0   (incl. Padding)

    ----------------------------------------------------------------------

      Code (inc. data)   RO Data    RW Data    ZI Data      Debug   Library Member Name

        94          0          0          0          0          0   __dclz77c.o
         0          0          0          0          0          0   entry.o
         0          0          0          0          0          0   entry10a.o
         0          0          0          0          0          0   entry11a.o
         8          4          0          0          0          0   entry2.o
         4          0          0          0          0          0   entry5.o
         0          0          0          0          0          0   entry7b.o
         0          0          0          0          0          0   entry8b.o
         8          4          0          0          0          0   entry9a.o
        30          0          0          0          0          0   handlers.o
        36          8          0          0          0         68   init.o
         0          0          0          0          0          0   iusefp.o
        30          0          0          0          0         68   llshl.o
        36          0          0          0          0         68   llsshr.o
        32          0          0          0          0         68   llushr.o
        50          8          0          0          0        152   printfb.o
         0          0          0          4          0          0   stdout.o
        56          0          0          0          0         88   d2f.o
       334          0          0          0          0        148   dadd.o
       186          0          0          0          0        176   depilogue.o
        38          0          0          0          0         68   f2d.o
       110          0          0          0          0        168   fepilogue.o
        40          0          0          0          0         68   ffixui.o
        18          0          0          0          0         68   fflti.o
       100          0          0          0          0         76   fmul.o

    ----------------------------------------------------------------------
      1210         24          0          4          0       1284   Library Totals
         0          0          0          0          0          0   (incl. Padding)

    ----------------------------------------------------------------------

      Code (inc. data)   RO Data    RW Data    ZI Data      Debug   Library Name

       328         24          0          4          0        424   mc_w.l
       882          0          0          0          0        860   mf_w.l

    ----------------------------------------------------------------------
      1210         24          0          4          0       1284   Library Totals

    ----------------------------------------------------------------------

==============================================================================


      Code (inc. data)   RO Data    RW Data    ZI Data      Debug   

     10724        898       2996        892       2508     640150   Grand Totals
     10724        898       2996        444       2508     640150   ELF Image Totals (compressed)
     10724        898       2996        444          0          0   ROM Totals

==============================================================================

    Total RO  Size (Code + RO Data)                13720 (  13.40kB)
    Total RW  Size (RW Data + ZI Data)              3400 (   3.32kB)
    Total ROM Size (Code + RO Data + RW Data)      14164 (  13.83kB)

==============================================================================

